******************************************************************************
                  TI ARM Linker Unix v18.12.2                  
******************************************************************************
>> Linked Mon Nov 11 19:36:38 2019

OUTPUT FILE NAME:   <Ultra Sonic Sensor.out>
ENTRY POINT SYMBOL: "_c_int00_noargs"  address: 0000097d


MEMORY CONFIGURATION

         name            origin    length      used     unused   attr    fill
----------------------  --------  ---------  --------  --------  ----  --------
  MAIN                  00000000   00040000  00000a50  0003f5b0  R  X
  INFO                  00200000   00004000  00000000  00004000  R  X
  SRAM_CODE             01000000   00010000  00000208  0000fdf8  RW X
  SRAM_DATA             20000000   00010000  00000208  0000fdf8  RW  


SEGMENT ALLOCATION MAP

run origin  load origin   length   init length attrs members
----------  ----------- ---------- ----------- ----- -------
00000000    00000000    00000a54   00000a54    r-x
  00000000    00000000    000000e4   000000e4    r-- .intvecs
  000000e4    000000e4    00000908   00000908    r-x .text
  000009ec    000009ec    00000048   00000048    r-- .const
  00000a38    00000a38    0000001c   0000001c    r-- .cinit
20000000    20000000    00000008   00000000    rw-
  20000000    20000000    00000008   00000000    rw- .data
2000fe00    2000fe00    00000200   00000000    rw-
  2000fe00    2000fe00    00000200   00000000    rw- .stack


SECTION ALLOCATION MAP

 output                                  attributes/
section   page    origin      length       input sections
--------  ----  ----------  ----------   ----------------
.intvecs   0    00000000    000000e4     
                  00000000    000000e4     startup_msp432p401r_ccs.obj (.intvecs:retain)

.text      0    000000e4    00000908     
                  000000e4    00000334     system_msp432p401r.obj (.text)
                  00000418    00000314     delay.obj (.text)
                  0000072c    00000108     main.obj (.text)
                  00000834    0000009c     rtsv7M4_T_le_v4SPD16_eabi.lib : memcpy_t2.asm.obj (.text)
                  000008d0    00000068                                   : copy_decompress_lzss.c.obj (.text:decompress:lzss:__TI_decompress_lzss)
                  00000938    00000044                                   : autoinit.c.obj (.text:__TI_auto_init_nobinit_nopinit:__TI_auto_init_nobinit_nopinit)
                  0000097c    00000034                                   : boot_cortex_m.c.obj (.text:_c_int00_noargs:_c_int00_noargs)
                  000009b0    00000018                                   : strcmp.c.obj (.text:strcmp)
                  000009c8    0000000e                                   : copy_decompress_none.c.obj (.text:decompress:none:__TI_decompress_none)
                  000009d6    0000000e     startup_msp432p401r_ccs.obj (.text)
                  000009e4    00000004     rtsv7M4_T_le_v4SPD16_eabi.lib : pre_init.c.obj (.text:_system_pre_init)
                  000009e8    00000004                                   : exit.c.obj (.text:abort:abort)

.const     0    000009ec    00000048     
                  000009ec    0000000c     delay.obj (.const:$P$T10$5)
                  000009f8    0000000c     delay.obj (.const:$P$T11$6)
                  00000a04    0000000c     delay.obj (.const:$P$T6$1)
                  00000a10    0000000c     delay.obj (.const:$P$T7$2)
                  00000a1c    0000000c     delay.obj (.const:$P$T8$3)
                  00000a28    0000000c     delay.obj (.const:$P$T9$4)

.cinit     0    00000a38    0000001c     
                  00000a38    0000000b     (.cinit..data.load) [load image, compression = lzss]
                  00000a43    00000001     --HOLE-- [fill = 0]
                  00000a44    00000008     (__TI_handler_table)
                  00000a4c    00000008     (__TI_cinit_table)

.init_array 
*          0    00000000    00000000     UNINITIALIZED

.binit     0    00000000    00000000     

.data      0    20000000    00000008     UNINITIALIZED
                  20000000    00000004     main.obj (.data)
                  20000004    00000004     system_msp432p401r.obj (.data)

.stack     0    2000fe00    00000200     UNINITIALIZED
                  2000fe00    00000004     rtsv7M4_T_le_v4SPD16_eabi.lib : boot_cortex_m.c.obj (.stack)
                  2000fe04    000001fc     --HOLE--

MODULE SUMMARY

       Module                        code   ro data   rw data
       ------                        ----   -------   -------
    ./
       delay.obj                     788    72        0      
       system_msp432p401r.obj        820    0         8      
       main.obj                      264    0         8      
       startup_msp432p401r_ccs.obj   14     228       0      
    +--+-----------------------------+------+---------+---------+
       Total:                        1886   300       16     
                                                             
    /opt/ccstudio/ccs/tools/compiler/ti-cgt-arm_18.12.2.LTS/lib/rtsv7M4_T_le_v4SPD16_eabi.lib
       memcpy_t2.asm.obj             156    0         0      
       copy_decompress_lzss.c.obj    104    0         0      
       autoinit.c.obj                68     0         0      
       boot_cortex_m.c.obj           52     0         0      
       strcmp.c.obj                  24     0         0      
       copy_decompress_none.c.obj    14     0         0      
       exit.c.obj                    4      0         0      
       pre_init.c.obj                4      0         0      
    +--+-----------------------------+------+---------+---------+
       Total:                        426    0         0      
                                                             
       Stack:                        0      0         1024   
       Linker Generated:             0      27        0      
    +--+-----------------------------+------+---------+---------+
       Grand Total:                  2312   327       1040   


LINKER GENERATED COPY TABLES

__TI_cinit_table @ 00000a4c records: 1, size/record: 8, table size: 8
	.data: load addr=00000a38, load size=0000000b bytes, run addr=20000000, run size=00000008 bytes, compression=lzss


LINKER GENERATED HANDLER TABLE

__TI_handler_table @ 00000a44 records: 2, size/record: 4, table size: 8
	index: 0, handler: __TI_decompress_lzss
	index: 1, handler: __TI_decompress_none


GLOBAL SYMBOLS: SORTED ALPHABETICALLY BY Name 

address   name                          
-------   ----                          
000009e3  ADC14_IRQHandler              
000009e3  AES256_IRQHandler             
000009e3  BusFault_Handler              
000009e9  C$$EXIT                       
000009e3  COMP_E0_IRQHandler            
000009e3  COMP_E1_IRQHandler            
000009e3  CS_IRQHandler                 
000009e3  DMA_ERR_IRQHandler            
000009e3  DMA_INT0_IRQHandler           
000009e3  DMA_INT1_IRQHandler           
000009e3  DMA_INT2_IRQHandler           
000009e3  DMA_INT3_IRQHandler           
000009e3  DebugMon_Handler              
000009e3  Default_Handler               
000009e3  EUSCIA0_IRQHandler            
000009e3  EUSCIA1_IRQHandler            
000009e3  EUSCIA2_IRQHandler            
000009e3  EUSCIA3_IRQHandler            
000009e3  EUSCIB0_IRQHandler            
000009e3  EUSCIB1_IRQHandler            
000009e3  EUSCIB2_IRQHandler            
000009e3  EUSCIB3_IRQHandler            
000009e3  FLCTL_IRQHandler              
000009e3  FPU_IRQHandler                
000009e3  HardFault_Handler             
000009e3  MemManage_Handler             
000009e3  NMI_Handler                   
000009e3  PCM_IRQHandler                
0000072d  PORT1_IRQHandler              
0000072d  PORT1_IRQHandler              
000009e3  PORT2_IRQHandler              
000009e3  PORT3_IRQHandler              
000009e3  PORT4_IRQHandler              
000009e3  PORT5_IRQHandler              
000009e3  PORT6_IRQHandler              
000009e3  PSS_IRQHandler                
000009e3  PendSV_Handler                
000009e3  RTC_C_IRQHandler              
000009d7  Reset_Handler                 
000009e3  SVC_Handler                   
000009e3  SysTick_Handler               
20000004  SystemCoreClock               
000000e5  SystemCoreClockUpdate         
0000035d  SystemInit                    
000009e3  T32_INT1_IRQHandler           
000009e3  T32_INT2_IRQHandler           
000009e3  T32_INTC_IRQHandler           
000009e3  TA0_0_IRQHandler              
000009e3  TA0_N_IRQHandler              
000009e3  TA1_0_IRQHandler              
000009e3  TA1_N_IRQHandler              
000009e3  TA2_0_IRQHandler              
000009e3  TA2_N_IRQHandler              
000009e3  TA3_0_IRQHandler              
000009e3  TA3_N_IRQHandler              
000009e3  UsageFault_Handler            
4000480c  WDTCTL_SYM                    
000009e3  WDT_A_IRQHandler              
20010000  __STACK_END                   
00000200  __STACK_SIZE                  
00000a4c  __TI_CINIT_Base               
00000a54  __TI_CINIT_Limit              
00000a44  __TI_Handler_Table_Base       
00000a4c  __TI_Handler_Table_Limit      
00000939  __TI_auto_init_nobinit_nopinit
000008d1  __TI_decompress_lzss          
000009c9  __TI_decompress_none          
ffffffff  __TI_pprof_out_hndl           
ffffffff  __TI_prof_data_size           
ffffffff  __TI_prof_data_start          
00000000  __TI_static_base__            
00000835  __aeabi_memcpy                
00000835  __aeabi_memcpy4               
00000835  __aeabi_memcpy8               
ffffffff  __binit__                     
ffffffff  __c_args__                    
UNDEFED   __mpu_init                    
2000fe00  __stack                       
0000097d  _c_int00_noargs               
UNDEFED   _system_post_cinit            
000009e5  _system_pre_init              
000009e9  abort                         
ffffffff  binit                         
00000661  delay_us                      
0000075f  init_ECHO                     
000007b7  init_TRIGGER                  
000007e1  init_UtraSonicSensor          
00000000  interruptVectors              
000007ed  main                          
00000835  memcpy                        
000005db  ret_freq_prop                 
00000741  send_trigger                  
00000457  set_DCO                       
00000419  set_clk                       
000009b1  strcmp                        


GLOBAL SYMBOLS: SORTED BY Symbol Address 

address   name                          
-------   ----                          
00000000  __TI_static_base__            
00000000  interruptVectors              
000000e5  SystemCoreClockUpdate         
00000200  __STACK_SIZE                  
0000035d  SystemInit                    
00000419  set_clk                       
00000457  set_DCO                       
000005db  ret_freq_prop                 
00000661  delay_us                      
0000072d  PORT1_IRQHandler              
0000072d  PORT1_IRQHandler              
00000741  send_trigger                  
0000075f  init_ECHO                     
000007b7  init_TRIGGER                  
000007e1  init_UtraSonicSensor          
000007ed  main                          
00000835  __aeabi_memcpy                
00000835  __aeabi_memcpy4               
00000835  __aeabi_memcpy8               
00000835  memcpy                        
000008d1  __TI_decompress_lzss          
00000939  __TI_auto_init_nobinit_nopinit
0000097d  _c_int00_noargs               
000009b1  strcmp                        
000009c9  __TI_decompress_none          
000009d7  Reset_Handler                 
000009e3  ADC14_IRQHandler              
000009e3  AES256_IRQHandler             
000009e3  BusFault_Handler              
000009e3  COMP_E0_IRQHandler            
000009e3  COMP_E1_IRQHandler            
000009e3  CS_IRQHandler                 
000009e3  DMA_ERR_IRQHandler            
000009e3  DMA_INT0_IRQHandler           
000009e3  DMA_INT1_IRQHandler           
000009e3  DMA_INT2_IRQHandler           
000009e3  DMA_INT3_IRQHandler           
000009e3  DebugMon_Handler              
000009e3  Default_Handler               
000009e3  EUSCIA0_IRQHandler            
000009e3  EUSCIA1_IRQHandler            
000009e3  EUSCIA2_IRQHandler            
000009e3  EUSCIA3_IRQHandler            
000009e3  EUSCIB0_IRQHandler            
000009e3  EUSCIB1_IRQHandler            
000009e3  EUSCIB2_IRQHandler            
000009e3  EUSCIB3_IRQHandler            
000009e3  FLCTL_IRQHandler              
000009e3  FPU_IRQHandler                
000009e3  HardFault_Handler             
000009e3  MemManage_Handler             
000009e3  NMI_Handler                   
000009e3  PCM_IRQHandler                
000009e3  PORT2_IRQHandler              
000009e3  PORT3_IRQHandler              
000009e3  PORT4_IRQHandler              
000009e3  PORT5_IRQHandler              
000009e3  PORT6_IRQHandler              
000009e3  PSS_IRQHandler                
000009e3  PendSV_Handler                
000009e3  RTC_C_IRQHandler              
000009e3  SVC_Handler                   
000009e3  SysTick_Handler               
000009e3  T32_INT1_IRQHandler           
000009e3  T32_INT2_IRQHandler           
000009e3  T32_INTC_IRQHandler           
000009e3  TA0_0_IRQHandler              
000009e3  TA0_N_IRQHandler              
000009e3  TA1_0_IRQHandler              
000009e3  TA1_N_IRQHandler              
000009e3  TA2_0_IRQHandler              
000009e3  TA2_N_IRQHandler              
000009e3  TA3_0_IRQHandler              
000009e3  TA3_N_IRQHandler              
000009e3  UsageFault_Handler            
000009e3  WDT_A_IRQHandler              
000009e5  _system_pre_init              
000009e9  C$$EXIT                       
000009e9  abort                         
00000a44  __TI_Handler_Table_Base       
00000a4c  __TI_CINIT_Base               
00000a4c  __TI_Handler_Table_Limit      
00000a54  __TI_CINIT_Limit              
20000004  SystemCoreClock               
2000fe00  __stack                       
20010000  __STACK_END                   
4000480c  WDTCTL_SYM                    
ffffffff  __TI_pprof_out_hndl           
ffffffff  __TI_prof_data_size           
ffffffff  __TI_prof_data_start          
ffffffff  __binit__                     
ffffffff  __c_args__                    
ffffffff  binit                         
UNDEFED   __mpu_init                    
UNDEFED   _system_post_cinit            

[95 symbols]
