******************************************************************************
                  TI ARM Linker Unix v18.12.2                  
******************************************************************************
>> Linked Fri Nov 15 16:44:01 2019

OUTPUT FILE NAME:   <EEPROM.out>
ENTRY POINT SYMBOL: "_c_int00_noargs"  address: 00001ee5


MEMORY CONFIGURATION

         name            origin    length      used     unused   attr    fill
----------------------  --------  ---------  --------  --------  ----  --------
  MAIN                  00000000   00040000  00002058  0003dfa8  R  X
  INFO                  00200000   00004000  00000000  00004000  R  X
  SRAM_CODE             01000000   00010000  00000208  0000fdf8  RW X
  SRAM_DATA             20000000   00010000  00000208  0000fdf8  RW  


SEGMENT ALLOCATION MAP

run origin  load origin   length   init length attrs members
----------  ----------- ---------- ----------- ----- -------
00000000    00000000    0000205c   0000205c    r-x
  00000000    00000000    000000e4   000000e4    r-- .intvecs
  000000e4    000000e4    00001ee0   00001ee0    r-x .text
  00001fc8    00001fc8    00000078   00000078    r-- .const
  00002040    00002040    0000001c   0000001c    r-- .cinit
20000000    20000000    00000008   00000000    rw-
  20000000    20000000    00000008   00000000    rw- .data
2000fe00    2000fe00    00000200   00000000    rw-
  2000fe00    2000fe00    00000200   00000000    rw- .stack


SECTION ALLOCATION MAP

 output                                  attributes/
section   page    origin      length       input sections
--------  ----  ----------  ----------   ----------------
.intvecs   0    00000000    000000e4     
                  00000000    000000e4     startup_msp432p401r_ccs.obj (.intvecs:retain)

.text      0    000000e4    00001ee0     
                  000000e4    000009c0     rtsv7M4_T_le_v4SPD16_eabi.lib : e_pow.c.obj (.text:pow)
                  00000aa4    0000035c     main.obj (.text)
                  00000e00    00000334     system_msp432p401r.obj (.text)
                  00001134    00000314     delay.obj (.text)
                  00001448    000001b6     rtsv7M4_T_le_v4SPD16_eabi.lib : fd_add_t2.asm.obj (.text)
                  000015fe    00000002     --HOLE-- [fill = 0]
                  00001600    00000158                                   : e_sqrt.c.obj (.text:sqrt)
                  00001758    00000136                                   : fd_div_t2.asm.obj (.text)
                  0000188e    00000002     --HOLE-- [fill = 0]
                  00001890    00000110                                   : s_scalbn.c.obj (.text:scalbn)
                  000019a0    000000fc                                   : fd_mul_t2.asm.obj (.text)
                  00001a9c    000000f8                                   : s_ceil.c.obj (.text:ceil)
                  00001b94    0000009c                                   : memcpy_t2.asm.obj (.text)
                  00001c30    00000086                                   : fd_cmp_t2.asm.obj (.text:__aeabi_cdcmple)
                  00001cb6    00000086                                   : fd_cmp_t2.asm.obj (.text:__aeabi_cdrcmple)
                  00001d3c    0000006e                                   : fd_tos_t2.asm.obj (.text)
                  00001daa    00000068                                   : copy_decompress_lzss.c.obj (.text:decompress:lzss:__TI_decompress_lzss)
                  00001e12    00000048                                   : fd_toi_t2.asm.obj (.text)
                  00001e5a    00000002     --HOLE-- [fill = 0]
                  00001e5c    00000044                                   : autoinit.c.obj (.text:__TI_auto_init_nobinit_nopinit:__TI_auto_init_nobinit_nopinit)
                  00001ea0    00000044                                   : fd_tou_t2.asm.obj (.text)
                  00001ee4    00000034                                   : boot_cortex_m.c.obj (.text:_c_int00_noargs:_c_int00_noargs)
                  00001f18    0000002e                                   : i_tofd_t2.asm.obj (.text)
                  00001f46    00000020                                   : u_tofd_t2.asm.obj (.text)
                  00001f66    0000001a                                   : s_copysign.c.obj (.text:copysign)
                  00001f80    00000018                                   : strcmp.c.obj (.text:strcmp)
                  00001f98    0000000e                                   : copy_decompress_none.c.obj (.text:decompress:none:__TI_decompress_none)
                  00001fa6    0000000e     startup_msp432p401r_ccs.obj (.text)
                  00001fb4    00000008     rtsv7M4_T_le_v4SPD16_eabi.lib : errno.c.obj (.text:__aeabi_errno_addr)
                  00001fbc    00000004                                   : pre_init.c.obj (.text:_system_pre_init)
                  00001fc0    00000004                                   : exit.c.obj (.text:abort:abort)

.const     0    00001fc8    00000078     
                  00001fc8    00000030     rtsv7M4_T_le_v4SPD16_eabi.lib : e_pow.c.obj (.const:$O1$$)
                  00001ff8    0000000c     delay.obj (.const:$P$T10$5)
                  00002004    0000000c     delay.obj (.const:$P$T11$6)
                  00002010    0000000c     delay.obj (.const:$P$T6$1)
                  0000201c    0000000c     delay.obj (.const:$P$T7$2)
                  00002028    0000000c     delay.obj (.const:$P$T8$3)
                  00002034    0000000c     delay.obj (.const:$P$T9$4)

.cinit     0    00002040    0000001c     
                  00002040    0000000b     (.cinit..data.load) [load image, compression = lzss]
                  0000204b    00000001     --HOLE-- [fill = 0]
                  0000204c    00000008     (__TI_handler_table)
                  00002054    00000008     (__TI_cinit_table)

.init_array 
*          0    00000000    00000000     UNINITIALIZED

.binit     0    00000000    00000000     

.data      0    20000000    00000008     UNINITIALIZED
                  20000000    00000004     rtsv7M4_T_le_v4SPD16_eabi.lib : errno.c.obj (.data)
                  20000004    00000004     system_msp432p401r.obj (.data)

.stack     0    2000fe00    00000200     UNINITIALIZED
                  2000fe00    00000004     rtsv7M4_T_le_v4SPD16_eabi.lib : boot_cortex_m.c.obj (.stack)
                  2000fe04    000001fc     --HOLE--

MODULE SUMMARY

       Module                        code   ro data   rw data
       ------                        ----   -------   -------
    ./
       delay.obj                     788    72        0      
       main.obj                      860    0         0      
       system_msp432p401r.obj        820    0         8      
       startup_msp432p401r_ccs.obj   14     228       0      
    +--+-----------------------------+------+---------+---------+
       Total:                        2482   300       8      
                                                             
    /opt/ccstudio/ccs/tools/compiler/ti-cgt-arm_18.12.2.LTS/lib/rtsv7M4_T_le_v4SPD16_eabi.lib
       e_pow.c.obj                   2496   48        0      
       fd_add_t2.asm.obj             438    0         0      
       e_sqrt.c.obj                  344    0         0      
       fd_div_t2.asm.obj             310    0         0      
       s_scalbn.c.obj                272    0         0      
       fd_cmp_t2.asm.obj             268    0         0      
       fd_mul_t2.asm.obj             252    0         0      
       s_ceil.c.obj                  248    0         0      
       memcpy_t2.asm.obj             156    0         0      
       fd_tos_t2.asm.obj             110    0         0      
       copy_decompress_lzss.c.obj    104    0         0      
       fd_toi_t2.asm.obj             72     0         0      
       autoinit.c.obj                68     0         0      
       fd_tou_t2.asm.obj             68     0         0      
       boot_cortex_m.c.obj           52     0         0      
       i_tofd_t2.asm.obj             46     0         0      
       u_tofd_t2.asm.obj             32     0         0      
       s_copysign.c.obj              26     0         0      
       strcmp.c.obj                  24     0         0      
       errno.c.obj                   8      0         8      
       copy_decompress_none.c.obj    14     0         0      
       exit.c.obj                    4      0         0      
       pre_init.c.obj                4      0         0      
    +--+-----------------------------+------+---------+---------+
       Total:                        5416   48        8      
                                                             
       Stack:                        0      0         1024   
       Linker Generated:             0      27        0      
    +--+-----------------------------+------+---------+---------+
       Grand Total:                  7898   375       1040   


LINKER GENERATED COPY TABLES

__TI_cinit_table @ 00002054 records: 1, size/record: 8, table size: 8
	.data: load addr=00002040, load size=0000000b bytes, run addr=20000000, run size=00000008 bytes, compression=lzss


LINKER GENERATED HANDLER TABLE

__TI_handler_table @ 0000204c records: 2, size/record: 4, table size: 8
	index: 0, handler: __TI_decompress_lzss
	index: 1, handler: __TI_decompress_none


GLOBAL SYMBOLS: SORTED ALPHABETICALLY BY Name 

address   name                          
-------   ----                          
00001fb3  ADC14_IRQHandler              
00001fb3  AES256_IRQHandler             
00001fb3  BusFault_Handler              
00001fc1  C$$EXIT                       
00001fb3  COMP_E0_IRQHandler            
00001fb3  COMP_E1_IRQHandler            
00001fb3  CS_IRQHandler                 
00001fb3  DMA_ERR_IRQHandler            
00001fb3  DMA_INT0_IRQHandler           
00001fb3  DMA_INT1_IRQHandler           
00001fb3  DMA_INT2_IRQHandler           
00001fb3  DMA_INT3_IRQHandler           
00001fb3  DebugMon_Handler              
00001fb3  Default_Handler               
00001fb3  EUSCIA0_IRQHandler            
00001fb3  EUSCIA1_IRQHandler            
00001fb3  EUSCIA2_IRQHandler            
00001fb3  EUSCIA3_IRQHandler            
00001fb3  EUSCIB0_IRQHandler            
00001fb3  EUSCIB1_IRQHandler            
00001fb3  EUSCIB2_IRQHandler            
00001fb3  EUSCIB3_IRQHandler            
00001fb3  FLCTL_IRQHandler              
00001fb3  FPU_IRQHandler                
00001fb3  HardFault_Handler             
00001fb3  MemManage_Handler             
00001fb3  NMI_Handler                   
00001fb3  PCM_IRQHandler                
00001fb3  PORT1_IRQHandler              
00001fb3  PORT2_IRQHandler              
00001fb3  PORT3_IRQHandler              
00001fb3  PORT4_IRQHandler              
00001fb3  PORT5_IRQHandler              
00001fb3  PORT6_IRQHandler              
00001fb3  PSS_IRQHandler                
00001fb3  PendSV_Handler                
00001fb3  RTC_C_IRQHandler              
00001fa7  Reset_Handler                 
00001fb3  SVC_Handler                   
00001fb3  SysTick_Handler               
20000004  SystemCoreClock               
00000e01  SystemCoreClockUpdate         
00001079  SystemInit                    
00001fb3  T32_INT1_IRQHandler           
00001fb3  T32_INT2_IRQHandler           
00001fb3  T32_INTC_IRQHandler           
00001fb3  TA0_0_IRQHandler              
00001fb3  TA0_N_IRQHandler              
00001fb3  TA1_0_IRQHandler              
00001fb3  TA1_N_IRQHandler              
00001fb3  TA2_0_IRQHandler              
00001fb3  TA2_N_IRQHandler              
00001fb3  TA3_0_IRQHandler              
00001fb3  TA3_N_IRQHandler              
00001fb3  UsageFault_Handler            
4000480c  WDTCTL_SYM                    
00001fb3  WDT_A_IRQHandler              
20010000  __STACK_END                   
00000200  __STACK_SIZE                  
00002054  __TI_CINIT_Base               
0000205c  __TI_CINIT_Limit              
0000204c  __TI_Handler_Table_Base       
00002054  __TI_Handler_Table_Limit      
00001e5d  __TI_auto_init_nobinit_nopinit
00001dab  __TI_decompress_lzss          
00001f99  __TI_decompress_none          
ffffffff  __TI_pprof_out_hndl           
ffffffff  __TI_prof_data_size           
ffffffff  __TI_prof_data_start          
00000000  __TI_static_base__            
00001c31  __aeabi_cdcmpeq               
00001c31  __aeabi_cdcmple               
00001cb7  __aeabi_cdrcmple              
00001d3d  __aeabi_d2f                   
00001e13  __aeabi_d2iz                  
00001ea1  __aeabi_d2uiz                 
00001453  __aeabi_dadd                  
00001759  __aeabi_ddiv                  
000019a1  __aeabi_dmul                  
00001449  __aeabi_dsub                  
00001fb5  __aeabi_errno_addr            
00001f19  __aeabi_i2d                   
00001b95  __aeabi_memcpy                
00001b95  __aeabi_memcpy4               
00001b95  __aeabi_memcpy8               
00001f47  __aeabi_ui2d                  
ffffffff  __binit__                     
ffffffff  __c_args__                    
UNDEFED   __mpu_init                    
2000fe00  __stack                       
00001ee5  _c_int00_noargs               
UNDEFED   _system_post_cinit            
00001fbd  _system_pre_init              
00001fc1  abort                         
ffffffff  binit                         
00001a9d  ceil                          
00001a9d  ceill                         
00001f67  copysign                      
00001f67  copysignl                     
0000137d  delay_us                      
20000000  errno                         
00000aa5  init_I2C                      
00000000  interruptVectors              
00001891  ldexp                         
00001891  ldexpl                        
00000c8d  main                          
00001b95  memcpy                        
000000e5  pow                           
000000e5  powl                          
00000bbf  read_from_EEPROM              
000012f7  ret_freq_prop                 
00001891  scalbn                        
00001891  scalbnl                       
00001173  set_DCO                       
00001135  set_clk                       
00001601  sqrt                          
00001601  sqrtl                         
00001f81  strcmp                        
00000b15  transmit_to_EEPROM            


GLOBAL SYMBOLS: SORTED BY Symbol Address 

address   name                          
-------   ----                          
00000000  __TI_static_base__            
00000000  interruptVectors              
000000e5  pow                           
000000e5  powl                          
00000200  __STACK_SIZE                  
00000aa5  init_I2C                      
00000b15  transmit_to_EEPROM            
00000bbf  read_from_EEPROM              
00000c8d  main                          
00000e01  SystemCoreClockUpdate         
00001079  SystemInit                    
00001135  set_clk                       
00001173  set_DCO                       
000012f7  ret_freq_prop                 
0000137d  delay_us                      
00001449  __aeabi_dsub                  
00001453  __aeabi_dadd                  
00001601  sqrt                          
00001601  sqrtl                         
00001759  __aeabi_ddiv                  
00001891  ldexp                         
00001891  ldexpl                        
00001891  scalbn                        
00001891  scalbnl                       
000019a1  __aeabi_dmul                  
00001a9d  ceil                          
00001a9d  ceill                         
00001b95  __aeabi_memcpy                
00001b95  __aeabi_memcpy4               
00001b95  __aeabi_memcpy8               
00001b95  memcpy                        
00001c31  __aeabi_cdcmpeq               
00001c31  __aeabi_cdcmple               
00001cb7  __aeabi_cdrcmple              
00001d3d  __aeabi_d2f                   
00001dab  __TI_decompress_lzss          
00001e13  __aeabi_d2iz                  
00001e5d  __TI_auto_init_nobinit_nopinit
00001ea1  __aeabi_d2uiz                 
00001ee5  _c_int00_noargs               
00001f19  __aeabi_i2d                   
00001f47  __aeabi_ui2d                  
00001f67  copysign                      
00001f67  copysignl                     
00001f81  strcmp                        
00001f99  __TI_decompress_none          
00001fa7  Reset_Handler                 
00001fb3  ADC14_IRQHandler              
00001fb3  AES256_IRQHandler             
00001fb3  BusFault_Handler              
00001fb3  COMP_E0_IRQHandler            
00001fb3  COMP_E1_IRQHandler            
00001fb3  CS_IRQHandler                 
00001fb3  DMA_ERR_IRQHandler            
00001fb3  DMA_INT0_IRQHandler           
00001fb3  DMA_INT1_IRQHandler           
00001fb3  DMA_INT2_IRQHandler           
00001fb3  DMA_INT3_IRQHandler           
00001fb3  DebugMon_Handler              
00001fb3  Default_Handler               
00001fb3  EUSCIA0_IRQHandler            
00001fb3  EUSCIA1_IRQHandler            
00001fb3  EUSCIA2_IRQHandler            
00001fb3  EUSCIA3_IRQHandler            
00001fb3  EUSCIB0_IRQHandler            
00001fb3  EUSCIB1_IRQHandler            
00001fb3  EUSCIB2_IRQHandler            
00001fb3  EUSCIB3_IRQHandler            
00001fb3  FLCTL_IRQHandler              
00001fb3  FPU_IRQHandler                
00001fb3  HardFault_Handler             
00001fb3  MemManage_Handler             
00001fb3  NMI_Handler                   
00001fb3  PCM_IRQHandler                
00001fb3  PORT1_IRQHandler              
00001fb3  PORT2_IRQHandler              
00001fb3  PORT3_IRQHandler              
00001fb3  PORT4_IRQHandler              
00001fb3  PORT5_IRQHandler              
00001fb3  PORT6_IRQHandler              
00001fb3  PSS_IRQHandler                
00001fb3  PendSV_Handler                
00001fb3  RTC_C_IRQHandler              
00001fb3  SVC_Handler                   
00001fb3  SysTick_Handler               
00001fb3  T32_INT1_IRQHandler           
00001fb3  T32_INT2_IRQHandler           
00001fb3  T32_INTC_IRQHandler           
00001fb3  TA0_0_IRQHandler              
00001fb3  TA0_N_IRQHandler              
00001fb3  TA1_0_IRQHandler              
00001fb3  TA1_N_IRQHandler              
00001fb3  TA2_0_IRQHandler              
00001fb3  TA2_N_IRQHandler              
00001fb3  TA3_0_IRQHandler              
00001fb3  TA3_N_IRQHandler              
00001fb3  UsageFault_Handler            
00001fb3  WDT_A_IRQHandler              
00001fb5  __aeabi_errno_addr            
00001fbd  _system_pre_init              
00001fc1  C$$EXIT                       
00001fc1  abort                         
0000204c  __TI_Handler_Table_Base       
00002054  __TI_CINIT_Base               
00002054  __TI_Handler_Table_Limit      
0000205c  __TI_CINIT_Limit              
20000000  errno                         
20000004  SystemCoreClock               
2000fe00  __stack                       
20010000  __STACK_END                   
4000480c  WDTCTL_SYM                    
ffffffff  __TI_pprof_out_hndl           
ffffffff  __TI_prof_data_size           
ffffffff  __TI_prof_data_start          
ffffffff  __binit__                     
ffffffff  __c_args__                    
ffffffff  binit                         
UNDEFED   __mpu_init                    
UNDEFED   _system_post_cinit            

[119 symbols]
