******************************************************************************
                  TI ARM Linker Unix v18.12.2                  
******************************************************************************
>> Linked Wed Nov 13 12:32:53 2019

OUTPUT FILE NAME:   <EEPROM.out>
ENTRY POINT SYMBOL: "_c_int00_noargs"  address: 00001ee9


MEMORY CONFIGURATION

         name            origin    length      used     unused   attr    fill
----------------------  --------  ---------  --------  --------  ----  --------
  MAIN                  00000000   00040000  0000205c  0003dfa4  R  X
  INFO                  00200000   00004000  00000000  00004000  R  X
  SRAM_CODE             01000000   00010000  00000208  0000fdf8  RW X
  SRAM_DATA             20000000   00010000  00000208  0000fdf8  RW  


SEGMENT ALLOCATION MAP

run origin  load origin   length   init length attrs members
----------  ----------- ---------- ----------- ----- -------
00000000    00000000    0000205c   0000205c    r-x
  00000000    00000000    000000e4   000000e4    r-- .intvecs
  000000e4    000000e4    00001ee4   00001ee4    r-x .text
  00001fc8    00001fc8    00000078   00000078    r-- .const
  00002040    00002040    0000001c   0000001c    r-- .cinit
20000000    20000000    00000008   00000000    rw-
  20000000    20000000    00000008   00000000    rw- .data
2000fe00    2000fe00    00000200   00000000    rw-
  2000fe00    2000fe00    00000200   00000000    rw- .stack


SECTION ALLOCATION MAP

 output                                  attributes/
section   page    origin      length       input sections
--------  ----  ----------  ----------   ----------------
.intvecs   0    00000000    000000e4     
                  00000000    000000e4     startup_msp432p401r_ccs.obj (.intvecs:retain)

.text      0    000000e4    00001ee4     
                  000000e4    000009c0     rtsv7M4_T_le_v4SPD16_eabi.lib : e_pow.c.obj (.text:pow)
                  00000aa4    00000360     main.obj (.text)
                  00000e04    00000334     system_msp432p401r.obj (.text)
                  00001138    00000314     delay.obj (.text)
                  0000144c    000001b6     rtsv7M4_T_le_v4SPD16_eabi.lib : fd_add_t2.asm.obj (.text)
                  00001602    00000002     --HOLE-- [fill = 0]
                  00001604    00000158                                   : e_sqrt.c.obj (.text:sqrt)
                  0000175c    00000136                                   : fd_div_t2.asm.obj (.text)
                  00001892    00000002     --HOLE-- [fill = 0]
                  00001894    00000110                                   : s_scalbn.c.obj (.text:scalbn)
                  000019a4    000000fc                                   : fd_mul_t2.asm.obj (.text)
                  00001aa0    000000f8                                   : s_ceil.c.obj (.text:ceil)
                  00001b98    0000009c                                   : memcpy_t2.asm.obj (.text)
                  00001c34    00000086                                   : fd_cmp_t2.asm.obj (.text:__aeabi_cdcmple)
                  00001cba    00000086                                   : fd_cmp_t2.asm.obj (.text:__aeabi_cdrcmple)
                  00001d40    0000006e                                   : fd_tos_t2.asm.obj (.text)
                  00001dae    00000068                                   : copy_decompress_lzss.c.obj (.text:decompress:lzss:__TI_decompress_lzss)
                  00001e16    00000048                                   : fd_toi_t2.asm.obj (.text)
                  00001e5e    00000002     --HOLE-- [fill = 0]
                  00001e60    00000044                                   : autoinit.c.obj (.text:__TI_auto_init_nobinit_nopinit:__TI_auto_init_nobinit_nopinit)
                  00001ea4    00000044                                   : fd_tou_t2.asm.obj (.text)
                  00001ee8    00000034                                   : boot_cortex_m.c.obj (.text:_c_int00_noargs:_c_int00_noargs)
                  00001f1c    0000002e                                   : i_tofd_t2.asm.obj (.text)
                  00001f4a    00000020                                   : u_tofd_t2.asm.obj (.text)
                  00001f6a    0000001a                                   : s_copysign.c.obj (.text:copysign)
                  00001f84    00000018                                   : strcmp.c.obj (.text:strcmp)
                  00001f9c    0000000e                                   : copy_decompress_none.c.obj (.text:decompress:none:__TI_decompress_none)
                  00001faa    0000000e     startup_msp432p401r_ccs.obj (.text)
                  00001fb8    00000008     rtsv7M4_T_le_v4SPD16_eabi.lib : errno.c.obj (.text:__aeabi_errno_addr)
                  00001fc0    00000004                                   : pre_init.c.obj (.text:_system_pre_init)
                  00001fc4    00000004                                   : exit.c.obj (.text:abort:abort)

.const     0    00001fc8    00000078     
                  00001fc8    00000030     rtsv7M4_T_le_v4SPD16_eabi.lib : e_pow.c.obj (.const:$O1$$)
                  00001ff8    0000000c     delay.obj (.const:$P$T10$5)
                  00002004    0000000c     delay.obj (.const:$P$T11$6)
                  00002010    0000000c     delay.obj (.const:$P$T6$1)
                  0000201c    0000000c     delay.obj (.const:$P$T7$2)
                  00002028    0000000c     delay.obj (.const:$P$T8$3)
                  00002034    0000000c     delay.obj (.const:$P$T9$4)

.cinit     0    00002040    0000001c     
                  00002040    0000000b     (.cinit..data.load) [load image, compression = lzss]
                  0000204b    00000001     --HOLE-- [fill = 0]
                  0000204c    00000008     (__TI_handler_table)
                  00002054    00000008     (__TI_cinit_table)

.init_array 
*          0    00000000    00000000     UNINITIALIZED

.binit     0    00000000    00000000     

.data      0    20000000    00000008     UNINITIALIZED
                  20000000    00000004     rtsv7M4_T_le_v4SPD16_eabi.lib : errno.c.obj (.data)
                  20000004    00000004     system_msp432p401r.obj (.data)

.stack     0    2000fe00    00000200     UNINITIALIZED
                  2000fe00    00000004     rtsv7M4_T_le_v4SPD16_eabi.lib : boot_cortex_m.c.obj (.stack)
                  2000fe04    000001fc     --HOLE--

MODULE SUMMARY

       Module                        code   ro data   rw data
       ------                        ----   -------   -------
    ./
       main.obj                      864    0         0      
       delay.obj                     788    72        0      
       system_msp432p401r.obj        820    0         8      
       startup_msp432p401r_ccs.obj   14     228       0      
    +--+-----------------------------+------+---------+---------+
       Total:                        2486   300       8      
                                                             
    /opt/ccstudio/ccs/tools/compiler/ti-cgt-arm_18.12.2.LTS/lib/rtsv7M4_T_le_v4SPD16_eabi.lib
       e_pow.c.obj                   2496   48        0      
       fd_add_t2.asm.obj             438    0         0      
       e_sqrt.c.obj                  344    0         0      
       fd_div_t2.asm.obj             310    0         0      
       s_scalbn.c.obj                272    0         0      
       fd_cmp_t2.asm.obj             268    0         0      
       fd_mul_t2.asm.obj             252    0         0      
       s_ceil.c.obj                  248    0         0      
       memcpy_t2.asm.obj             156    0         0      
       fd_tos_t2.asm.obj             110    0         0      
       copy_decompress_lzss.c.obj    104    0         0      
       fd_toi_t2.asm.obj             72     0         0      
       autoinit.c.obj                68     0         0      
       fd_tou_t2.asm.obj             68     0         0      
       boot_cortex_m.c.obj           52     0         0      
       i_tofd_t2.asm.obj             46     0         0      
       u_tofd_t2.asm.obj             32     0         0      
       s_copysign.c.obj              26     0         0      
       strcmp.c.obj                  24     0         0      
       errno.c.obj                   8      0         8      
       copy_decompress_none.c.obj    14     0         0      
       exit.c.obj                    4      0         0      
       pre_init.c.obj                4      0         0      
    +--+-----------------------------+------+---------+---------+
       Total:                        5416   48        8      
                                                             
       Stack:                        0      0         1024   
       Linker Generated:             0      27        0      
    +--+-----------------------------+------+---------+---------+
       Grand Total:                  7902   375       1040   


LINKER GENERATED COPY TABLES

__TI_cinit_table @ 00002054 records: 1, size/record: 8, table size: 8
	.data: load addr=00002040, load size=0000000b bytes, run addr=20000000, run size=00000008 bytes, compression=lzss


LINKER GENERATED HANDLER TABLE

__TI_handler_table @ 0000204c records: 2, size/record: 4, table size: 8
	index: 0, handler: __TI_decompress_lzss
	index: 1, handler: __TI_decompress_none


GLOBAL SYMBOLS: SORTED ALPHABETICALLY BY Name 

address   name                          
-------   ----                          
00001fb7  ADC14_IRQHandler              
00001fb7  AES256_IRQHandler             
00001fb7  BusFault_Handler              
00001fc5  C$$EXIT                       
00001fb7  COMP_E0_IRQHandler            
00001fb7  COMP_E1_IRQHandler            
00001fb7  CS_IRQHandler                 
00001fb7  DMA_ERR_IRQHandler            
00001fb7  DMA_INT0_IRQHandler           
00001fb7  DMA_INT1_IRQHandler           
00001fb7  DMA_INT2_IRQHandler           
00001fb7  DMA_INT3_IRQHandler           
00001fb7  DebugMon_Handler              
00001fb7  Default_Handler               
00001fb7  EUSCIA0_IRQHandler            
00001fb7  EUSCIA1_IRQHandler            
00001fb7  EUSCIA2_IRQHandler            
00001fb7  EUSCIA3_IRQHandler            
00001fb7  EUSCIB0_IRQHandler            
00001fb7  EUSCIB1_IRQHandler            
00001fb7  EUSCIB2_IRQHandler            
00001fb7  EUSCIB3_IRQHandler            
00001fb7  FLCTL_IRQHandler              
00001fb7  FPU_IRQHandler                
00001fb7  HardFault_Handler             
00001fb7  MemManage_Handler             
00001fb7  NMI_Handler                   
00001fb7  PCM_IRQHandler                
00001fb7  PORT1_IRQHandler              
00001fb7  PORT2_IRQHandler              
00001fb7  PORT3_IRQHandler              
00001fb7  PORT4_IRQHandler              
00001fb7  PORT5_IRQHandler              
00001fb7  PORT6_IRQHandler              
00001fb7  PSS_IRQHandler                
00001fb7  PendSV_Handler                
00001fb7  RTC_C_IRQHandler              
00001fab  Reset_Handler                 
00001fb7  SVC_Handler                   
00001fb7  SysTick_Handler               
20000004  SystemCoreClock               
00000e05  SystemCoreClockUpdate         
0000107d  SystemInit                    
00001fb7  T32_INT1_IRQHandler           
00001fb7  T32_INT2_IRQHandler           
00001fb7  T32_INTC_IRQHandler           
00001fb7  TA0_0_IRQHandler              
00001fb7  TA0_N_IRQHandler              
00001fb7  TA1_0_IRQHandler              
00001fb7  TA1_N_IRQHandler              
00001fb7  TA2_0_IRQHandler              
00001fb7  TA2_N_IRQHandler              
00001fb7  TA3_0_IRQHandler              
00001fb7  TA3_N_IRQHandler              
00001fb7  UsageFault_Handler            
4000480c  WDTCTL_SYM                    
00001fb7  WDT_A_IRQHandler              
20010000  __STACK_END                   
00000200  __STACK_SIZE                  
00002054  __TI_CINIT_Base               
0000205c  __TI_CINIT_Limit              
0000204c  __TI_Handler_Table_Base       
00002054  __TI_Handler_Table_Limit      
00001e61  __TI_auto_init_nobinit_nopinit
00001daf  __TI_decompress_lzss          
00001f9d  __TI_decompress_none          
ffffffff  __TI_pprof_out_hndl           
ffffffff  __TI_prof_data_size           
ffffffff  __TI_prof_data_start          
00000000  __TI_static_base__            
00001c35  __aeabi_cdcmpeq               
00001c35  __aeabi_cdcmple               
00001cbb  __aeabi_cdrcmple              
00001d41  __aeabi_d2f                   
00001e17  __aeabi_d2iz                  
00001ea5  __aeabi_d2uiz                 
00001457  __aeabi_dadd                  
0000175d  __aeabi_ddiv                  
000019a5  __aeabi_dmul                  
0000144d  __aeabi_dsub                  
00001fb9  __aeabi_errno_addr            
00001f1d  __aeabi_i2d                   
00001b99  __aeabi_memcpy                
00001b99  __aeabi_memcpy4               
00001b99  __aeabi_memcpy8               
00001f4b  __aeabi_ui2d                  
ffffffff  __binit__                     
ffffffff  __c_args__                    
UNDEFED   __mpu_init                    
2000fe00  __stack                       
00001ee9  _c_int00_noargs               
UNDEFED   _system_post_cinit            
00001fc1  _system_pre_init              
00001fc5  abort                         
ffffffff  binit                         
00001aa1  ceil                          
00001aa1  ceill                         
00001f6b  copysign                      
00001f6b  copysignl                     
00001381  delay_us                      
20000000  errno                         
00000aa5  init_I2C                      
00000000  interruptVectors              
00001895  ldexp                         
00001895  ldexpl                        
00000c8d  main                          
00001b99  memcpy                        
000000e5  pow                           
000000e5  powl                          
00000bbf  read_from_EEPROM              
000012fb  ret_freq_prop                 
00001895  scalbn                        
00001895  scalbnl                       
00001177  set_DCO                       
00001139  set_clk                       
00001605  sqrt                          
00001605  sqrtl                         
00001f85  strcmp                        
00000b15  transmit_to_EEPROM            


GLOBAL SYMBOLS: SORTED BY Symbol Address 

address   name                          
-------   ----                          
00000000  __TI_static_base__            
00000000  interruptVectors              
000000e5  pow                           
000000e5  powl                          
00000200  __STACK_SIZE                  
00000aa5  init_I2C                      
00000b15  transmit_to_EEPROM            
00000bbf  read_from_EEPROM              
00000c8d  main                          
00000e05  SystemCoreClockUpdate         
0000107d  SystemInit                    
00001139  set_clk                       
00001177  set_DCO                       
000012fb  ret_freq_prop                 
00001381  delay_us                      
0000144d  __aeabi_dsub                  
00001457  __aeabi_dadd                  
00001605  sqrt                          
00001605  sqrtl                         
0000175d  __aeabi_ddiv                  
00001895  ldexp                         
00001895  ldexpl                        
00001895  scalbn                        
00001895  scalbnl                       
000019a5  __aeabi_dmul                  
00001aa1  ceil                          
00001aa1  ceill                         
00001b99  __aeabi_memcpy                
00001b99  __aeabi_memcpy4               
00001b99  __aeabi_memcpy8               
00001b99  memcpy                        
00001c35  __aeabi_cdcmpeq               
00001c35  __aeabi_cdcmple               
00001cbb  __aeabi_cdrcmple              
00001d41  __aeabi_d2f                   
00001daf  __TI_decompress_lzss          
00001e17  __aeabi_d2iz                  
00001e61  __TI_auto_init_nobinit_nopinit
00001ea5  __aeabi_d2uiz                 
00001ee9  _c_int00_noargs               
00001f1d  __aeabi_i2d                   
00001f4b  __aeabi_ui2d                  
00001f6b  copysign                      
00001f6b  copysignl                     
00001f85  strcmp                        
00001f9d  __TI_decompress_none          
00001fab  Reset_Handler                 
00001fb7  ADC14_IRQHandler              
00001fb7  AES256_IRQHandler             
00001fb7  BusFault_Handler              
00001fb7  COMP_E0_IRQHandler            
00001fb7  COMP_E1_IRQHandler            
00001fb7  CS_IRQHandler                 
00001fb7  DMA_ERR_IRQHandler            
00001fb7  DMA_INT0_IRQHandler           
00001fb7  DMA_INT1_IRQHandler           
00001fb7  DMA_INT2_IRQHandler           
00001fb7  DMA_INT3_IRQHandler           
00001fb7  DebugMon_Handler              
00001fb7  Default_Handler               
00001fb7  EUSCIA0_IRQHandler            
00001fb7  EUSCIA1_IRQHandler            
00001fb7  EUSCIA2_IRQHandler            
00001fb7  EUSCIA3_IRQHandler            
00001fb7  EUSCIB0_IRQHandler            
00001fb7  EUSCIB1_IRQHandler            
00001fb7  EUSCIB2_IRQHandler            
00001fb7  EUSCIB3_IRQHandler            
00001fb7  FLCTL_IRQHandler              
00001fb7  FPU_IRQHandler                
00001fb7  HardFault_Handler             
00001fb7  MemManage_Handler             
00001fb7  NMI_Handler                   
00001fb7  PCM_IRQHandler                
00001fb7  PORT1_IRQHandler              
00001fb7  PORT2_IRQHandler              
00001fb7  PORT3_IRQHandler              
00001fb7  PORT4_IRQHandler              
00001fb7  PORT5_IRQHandler              
00001fb7  PORT6_IRQHandler              
00001fb7  PSS_IRQHandler                
00001fb7  PendSV_Handler                
00001fb7  RTC_C_IRQHandler              
00001fb7  SVC_Handler                   
00001fb7  SysTick_Handler               
00001fb7  T32_INT1_IRQHandler           
00001fb7  T32_INT2_IRQHandler           
00001fb7  T32_INTC_IRQHandler           
00001fb7  TA0_0_IRQHandler              
00001fb7  TA0_N_IRQHandler              
00001fb7  TA1_0_IRQHandler              
00001fb7  TA1_N_IRQHandler              
00001fb7  TA2_0_IRQHandler              
00001fb7  TA2_N_IRQHandler              
00001fb7  TA3_0_IRQHandler              
00001fb7  TA3_N_IRQHandler              
00001fb7  UsageFault_Handler            
00001fb7  WDT_A_IRQHandler              
00001fb9  __aeabi_errno_addr            
00001fc1  _system_pre_init              
00001fc5  C$$EXIT                       
00001fc5  abort                         
0000204c  __TI_Handler_Table_Base       
00002054  __TI_CINIT_Base               
00002054  __TI_Handler_Table_Limit      
0000205c  __TI_CINIT_Limit              
20000000  errno                         
20000004  SystemCoreClock               
2000fe00  __stack                       
20010000  __STACK_END                   
4000480c  WDTCTL_SYM                    
ffffffff  __TI_pprof_out_hndl           
ffffffff  __TI_prof_data_size           
ffffffff  __TI_prof_data_start          
ffffffff  __binit__                     
ffffffff  __c_args__                    
ffffffff  binit                         
UNDEFED   __mpu_init                    
UNDEFED   _system_post_cinit            

[119 symbols]
