******************************************************************************
                  TI ARM Linker Unix v18.12.2                  
******************************************************************************
>> Linked Fri Oct 25 09:06:00 2019

OUTPUT FILE NAME:   <Analog2Digital.out>
ENTRY POINT SYMBOL: "_c_int00_noargs"  address: 00001ddd


MEMORY CONFIGURATION

         name            origin    length      used     unused   attr    fill
----------------------  --------  ---------  --------  --------  ----  --------
  MAIN                  00000000   00040000  00001f94  0003e06c  R  X
  INFO                  00200000   00004000  00000000  00004000  R  X
  SRAM_CODE             01000000   00010000  00000210  0000fdf0  RW X
  SRAM_DATA             20000000   00010000  00000210  0000fdf0  RW  


SEGMENT ALLOCATION MAP

run origin  load origin   length   init length attrs members
----------  ----------- ---------- ----------- ----- -------
00000000    00000000    00001f98   00001f98    r-x
  00000000    00000000    000000e4   000000e4    r-- .intvecs
  000000e4    000000e4    00001e08   00001e08    r-x .text
  00001ef0    00001ef0    00000078   00000078    r-- .const
  00001f68    00001f68    00000030   00000030    r-- .cinit
20000000    20000000    00000010   00000000    rw-
  20000000    20000000    0000000c   00000000    rw- .data
  2000000c    2000000c    00000004   00000000    rw- .bss
2000fe00    2000fe00    00000200   00000000    rw-
  2000fe00    2000fe00    00000200   00000000    rw- .stack


SECTION ALLOCATION MAP

 output                                  attributes/
section   page    origin      length       input sections
--------  ----  ----------  ----------   ----------------
.intvecs   0    00000000    000000e4     
                  00000000    000000e4     startup_msp432p401r_ccs.obj (.intvecs:retain)

.text      0    000000e4    00001e08     
                  000000e4    000009c0     rtsv7M4_T_le_v4SPD16_eabi.lib : e_pow.c.obj (.text:pow)
                  00000aa4    00000334     system_msp432p401r.obj (.text)
                  00000dd8    00000314     delay.obj (.text)
                  000010ec    00000240     main.obj (.text)
                  0000132c    000001b6     rtsv7M4_T_le_v4SPD16_eabi.lib : fd_add_t2.asm.obj (.text)
                  000014e2    00000002     --HOLE-- [fill = 0]
                  000014e4    00000158                                   : e_sqrt.c.obj (.text:sqrt)
                  0000163c    00000150     UART.obj (.text)
                  0000178c    00000136     rtsv7M4_T_le_v4SPD16_eabi.lib : fd_div_t2.asm.obj (.text)
                  000018c2    00000002     --HOLE-- [fill = 0]
                  000018c4    00000110                                   : s_scalbn.c.obj (.text:scalbn)
                  000019d4    000000fc                                   : fd_mul_t2.asm.obj (.text)
                  00001ad0    0000009c                                   : memcpy_t2.asm.obj (.text)
                  00001b6c    00000086                                   : fd_cmp_t2.asm.obj (.text:__aeabi_cdcmple)
                  00001bf2    00000086                                   : fd_cmp_t2.asm.obj (.text:__aeabi_cdrcmple)
                  00001c78    0000006e                                   : fd_tos_t2.asm.obj (.text)
                  00001ce6    00000068                                   : copy_decompress_lzss.c.obj (.text:decompress:lzss:__TI_decompress_lzss)
                  00001d4e    00000048                                   : fd_toi_t2.asm.obj (.text)
                  00001d96    00000002     --HOLE-- [fill = 0]
                  00001d98    00000044                                   : autoinit.c.obj (.text:__TI_auto_init_nobinit_nopinit:__TI_auto_init_nobinit_nopinit)
                  00001ddc    00000034                                   : boot_cortex_m.c.obj (.text:_c_int00_noargs:_c_int00_noargs)
                  00001e10    0000002e                                   : i_tofd_t2.asm.obj (.text)
                  00001e3e    00000020                                   : u_tofd_t2.asm.obj (.text)
                  00001e5e    0000001c                                   : copy_zero_init.c.obj (.text:decompress:ZI:__TI_zero_init_nomemset:__TI_zero_init_nomemset)
                  00001e7a    0000001a                                   : s_copysign.c.obj (.text:copysign)
                  00001e94    00000018                                   : strcmp.c.obj (.text:strcmp)
                  00001eac    00000014                                   : strlen.c.obj (.text:strlen)
                  00001ec0    0000000e                                   : copy_decompress_none.c.obj (.text:decompress:none:__TI_decompress_none)
                  00001ece    0000000e     startup_msp432p401r_ccs.obj (.text)
                  00001edc    00000008     rtsv7M4_T_le_v4SPD16_eabi.lib : errno.c.obj (.text:__aeabi_errno_addr)
                  00001ee4    00000004                                   : pre_init.c.obj (.text:_system_pre_init)
                  00001ee8    00000004                                   : exit.c.obj (.text:abort:abort)

.const     0    00001ef0    00000078     
                  00001ef0    00000030     rtsv7M4_T_le_v4SPD16_eabi.lib : e_pow.c.obj (.const:$O1$$)
                  00001f20    0000000c     delay.obj (.const:$P$T10$5)
                  00001f2c    0000000c     delay.obj (.const:$P$T11$6)
                  00001f38    0000000c     delay.obj (.const:$P$T6$1)
                  00001f44    0000000c     delay.obj (.const:$P$T7$2)
                  00001f50    0000000c     delay.obj (.const:$P$T8$3)
                  00001f5c    0000000c     delay.obj (.const:$P$T9$4)

.cinit     0    00001f68    00000030     
                  00001f68    0000000c     (__TI_handler_table)
                  00001f74    0000000b     (.cinit..data.load) [load image, compression = lzss]
                  00001f7f    00000001     --HOLE-- [fill = 0]
                  00001f80    00000008     (.cinit..bss.load) [load image, compression = zero_init]
                  00001f88    00000010     (__TI_cinit_table)

.init_array 
*          0    00000000    00000000     UNINITIALIZED

.binit     0    00000000    00000000     

.data      0    20000000    0000000c     UNINITIALIZED
                  20000000    00000004     main.obj (.data)
                  20000004    00000004     rtsv7M4_T_le_v4SPD16_eabi.lib : errno.c.obj (.data)
                  20000008    00000004     system_msp432p401r.obj (.data)

.bss       0    2000000c    00000004     UNINITIALIZED
                  2000000c    00000004     (.common:digital)

.stack     0    2000fe00    00000200     UNINITIALIZED
                  2000fe00    00000004     rtsv7M4_T_le_v4SPD16_eabi.lib : boot_cortex_m.c.obj (.stack)
                  2000fe04    000001fc     --HOLE--

MODULE SUMMARY

       Module                        code   ro data   rw data
       ------                        ----   -------   -------
    ./
       delay.obj                     788    72        0      
       system_msp432p401r.obj        820    0         8      
       main.obj                      576    0         16     
       UART.obj                      336    0         0      
       startup_msp432p401r_ccs.obj   14     228       0      
    +--+-----------------------------+------+---------+---------+
       Total:                        2534   300       24     
                                                             
    /opt/ccstudio/ccs/tools/compiler/ti-cgt-arm_18.12.2.LTS/lib/rtsv7M4_T_le_v4SPD16_eabi.lib
       e_pow.c.obj                   2496   48        0      
       fd_add_t2.asm.obj             438    0         0      
       e_sqrt.c.obj                  344    0         0      
       fd_div_t2.asm.obj             310    0         0      
       s_scalbn.c.obj                272    0         0      
       fd_cmp_t2.asm.obj             268    0         0      
       fd_mul_t2.asm.obj             252    0         0      
       memcpy_t2.asm.obj             156    0         0      
       fd_tos_t2.asm.obj             110    0         0      
       copy_decompress_lzss.c.obj    104    0         0      
       fd_toi_t2.asm.obj             72     0         0      
       autoinit.c.obj                68     0         0      
       boot_cortex_m.c.obj           52     0         0      
       i_tofd_t2.asm.obj             46     0         0      
       u_tofd_t2.asm.obj             32     0         0      
       copy_zero_init.c.obj          28     0         0      
       s_copysign.c.obj              26     0         0      
       strcmp.c.obj                  24     0         0      
       strlen.c.obj                  20     0         0      
       errno.c.obj                   8      0         8      
       copy_decompress_none.c.obj    14     0         0      
       exit.c.obj                    4      0         0      
       pre_init.c.obj                4      0         0      
    +--+-----------------------------+------+---------+---------+
       Total:                        5148   48        8      
                                                             
       Stack:                        0      0         1024   
       Linker Generated:             0      47        0      
    +--+-----------------------------+------+---------+---------+
       Grand Total:                  7682   395       1056   


LINKER GENERATED COPY TABLES

__TI_cinit_table @ 00001f88 records: 2, size/record: 8, table size: 16
	.data: load addr=00001f74, load size=0000000b bytes, run addr=20000000, run size=0000000c bytes, compression=lzss
	.bss: load addr=00001f80, load size=00000008 bytes, run addr=2000000c, run size=00000004 bytes, compression=zero_init


LINKER GENERATED HANDLER TABLE

__TI_handler_table @ 00001f68 records: 3, size/record: 4, table size: 12
	index: 0, handler: __TI_decompress_lzss
	index: 1, handler: __TI_decompress_none
	index: 2, handler: __TI_zero_init


GLOBAL SYMBOLS: SORTED ALPHABETICALLY BY Name 

address   name                          
-------   ----                          
000010ed  ADC14_IRQHandler              
000010ed  ADC14_IRQHandler              
00001edb  AES256_IRQHandler             
00001edb  BusFault_Handler              
00001ee9  C$$EXIT                       
00001edb  COMP_E0_IRQHandler            
00001edb  COMP_E1_IRQHandler            
00001edb  CS_IRQHandler                 
00001edb  DMA_ERR_IRQHandler            
00001edb  DMA_INT0_IRQHandler           
00001edb  DMA_INT1_IRQHandler           
00001edb  DMA_INT2_IRQHandler           
00001edb  DMA_INT3_IRQHandler           
00001edb  DebugMon_Handler              
00001edb  Default_Handler               
00001edb  EUSCIA0_IRQHandler            
00001edb  EUSCIA1_IRQHandler            
00001edb  EUSCIA2_IRQHandler            
00001edb  EUSCIA3_IRQHandler            
00001edb  EUSCIB0_IRQHandler            
00001edb  EUSCIB1_IRQHandler            
00001edb  EUSCIB2_IRQHandler            
00001edb  EUSCIB3_IRQHandler            
00001edb  FLCTL_IRQHandler              
00001edb  FPU_IRQHandler                
00001edb  HardFault_Handler             
00001edb  MemManage_Handler             
00001edb  NMI_Handler                   
00001edb  PCM_IRQHandler                
00001edb  PORT1_IRQHandler              
00001edb  PORT2_IRQHandler              
00001edb  PORT3_IRQHandler              
00001edb  PORT4_IRQHandler              
00001edb  PORT5_IRQHandler              
00001edb  PORT6_IRQHandler              
00001edb  PSS_IRQHandler                
00001edb  PendSV_Handler                
00001edb  RTC_C_IRQHandler              
00001ecf  Reset_Handler                 
00001edb  SVC_Handler                   
00001edb  SysTick_Handler               
20000008  SystemCoreClock               
00000aa5  SystemCoreClockUpdate         
00000d1d  SystemInit                    
00001edb  T32_INT1_IRQHandler           
00001edb  T32_INT2_IRQHandler           
00001edb  T32_INTC_IRQHandler           
00001edb  TA0_0_IRQHandler              
00001edb  TA0_N_IRQHandler              
00001edb  TA1_0_IRQHandler              
00001edb  TA1_N_IRQHandler              
00001edb  TA2_0_IRQHandler              
00001edb  TA2_N_IRQHandler              
00001edb  TA3_0_IRQHandler              
00001edb  TA3_N_IRQHandler              
00001edb  UsageFault_Handler            
4000480c  WDTCTL_SYM                    
00001edb  WDT_A_IRQHandler              
20010000  __STACK_END                   
00000200  __STACK_SIZE                  
00001f88  __TI_CINIT_Base               
00001f98  __TI_CINIT_Limit              
00001f68  __TI_Handler_Table_Base       
00001f74  __TI_Handler_Table_Limit      
00001d99  __TI_auto_init_nobinit_nopinit
00001ce7  __TI_decompress_lzss          
00001ec1  __TI_decompress_none          
ffffffff  __TI_pprof_out_hndl           
ffffffff  __TI_prof_data_size           
ffffffff  __TI_prof_data_start          
00000000  __TI_static_base__            
00001e5f  __TI_zero_init_nomemset       
00001b6d  __aeabi_cdcmpeq               
00001b6d  __aeabi_cdcmple               
00001bf3  __aeabi_cdrcmple              
00001c79  __aeabi_d2f                   
00001d4f  __aeabi_d2iz                  
00001337  __aeabi_dadd                  
0000178d  __aeabi_ddiv                  
000019d5  __aeabi_dmul                  
0000132d  __aeabi_dsub                  
00001edd  __aeabi_errno_addr            
00001e11  __aeabi_i2d                   
00001ad1  __aeabi_memcpy                
00001ad1  __aeabi_memcpy4               
00001ad1  __aeabi_memcpy8               
00001e3f  __aeabi_ui2d                  
ffffffff  __binit__                     
ffffffff  __c_args__                    
UNDEFED   __mpu_init                    
2000fe00  __stack                       
00001ddd  _c_int00_noargs               
UNDEFED   _system_post_cinit            
00001ee5  _system_pre_init              
00001ee9  abort                         
ffffffff  binit                         
000010fd  calibrated_voltage            
00001e7b  copysign                      
00001e7b  copysignl                     
00001021  delay_us                      
2000000c  digital                       
20000004  errno                         
20000000  flag                          
00001187  init_ADC14                    
0000163d  init_UART                     
0000170b  intToChar                     
00000000  interruptVectors              
000018c5  ldexp                         
000018c5  ldexpl                        
00001251  main                          
00001ad1  memcpy                        
000000e5  pow                           
000000e5  powl                          
00000f9b  ret_freq_prop                 
000018c5  scalbn                        
000018c5  scalbnl                       
0000171b  sendCharUART                  
00001737  sendStrUART                   
000011c1  send_float_UART               
00000e17  set_DCO                       
00000dd9  set_clk                       
000014e5  sqrt                          
000014e5  sqrtl                         
0000169d  strToInt                      
00001e95  strcmp                        
00001ead  strlen                        


GLOBAL SYMBOLS: SORTED BY Symbol Address 

address   name                          
-------   ----                          
00000000  __TI_static_base__            
00000000  interruptVectors              
000000e5  pow                           
000000e5  powl                          
00000200  __STACK_SIZE                  
00000aa5  SystemCoreClockUpdate         
00000d1d  SystemInit                    
00000dd9  set_clk                       
00000e17  set_DCO                       
00000f9b  ret_freq_prop                 
00001021  delay_us                      
000010ed  ADC14_IRQHandler              
000010ed  ADC14_IRQHandler              
000010fd  calibrated_voltage            
00001187  init_ADC14                    
000011c1  send_float_UART               
00001251  main                          
0000132d  __aeabi_dsub                  
00001337  __aeabi_dadd                  
000014e5  sqrt                          
000014e5  sqrtl                         
0000163d  init_UART                     
0000169d  strToInt                      
0000170b  intToChar                     
0000171b  sendCharUART                  
00001737  sendStrUART                   
0000178d  __aeabi_ddiv                  
000018c5  ldexp                         
000018c5  ldexpl                        
000018c5  scalbn                        
000018c5  scalbnl                       
000019d5  __aeabi_dmul                  
00001ad1  __aeabi_memcpy                
00001ad1  __aeabi_memcpy4               
00001ad1  __aeabi_memcpy8               
00001ad1  memcpy                        
00001b6d  __aeabi_cdcmpeq               
00001b6d  __aeabi_cdcmple               
00001bf3  __aeabi_cdrcmple              
00001c79  __aeabi_d2f                   
00001ce7  __TI_decompress_lzss          
00001d4f  __aeabi_d2iz                  
00001d99  __TI_auto_init_nobinit_nopinit
00001ddd  _c_int00_noargs               
00001e11  __aeabi_i2d                   
00001e3f  __aeabi_ui2d                  
00001e5f  __TI_zero_init_nomemset       
00001e7b  copysign                      
00001e7b  copysignl                     
00001e95  strcmp                        
00001ead  strlen                        
00001ec1  __TI_decompress_none          
00001ecf  Reset_Handler                 
00001edb  AES256_IRQHandler             
00001edb  BusFault_Handler              
00001edb  COMP_E0_IRQHandler            
00001edb  COMP_E1_IRQHandler            
00001edb  CS_IRQHandler                 
00001edb  DMA_ERR_IRQHandler            
00001edb  DMA_INT0_IRQHandler           
00001edb  DMA_INT1_IRQHandler           
00001edb  DMA_INT2_IRQHandler           
00001edb  DMA_INT3_IRQHandler           
00001edb  DebugMon_Handler              
00001edb  Default_Handler               
00001edb  EUSCIA0_IRQHandler            
00001edb  EUSCIA1_IRQHandler            
00001edb  EUSCIA2_IRQHandler            
00001edb  EUSCIA3_IRQHandler            
00001edb  EUSCIB0_IRQHandler            
00001edb  EUSCIB1_IRQHandler            
00001edb  EUSCIB2_IRQHandler            
00001edb  EUSCIB3_IRQHandler            
00001edb  FLCTL_IRQHandler              
00001edb  FPU_IRQHandler                
00001edb  HardFault_Handler             
00001edb  MemManage_Handler             
00001edb  NMI_Handler                   
00001edb  PCM_IRQHandler                
00001edb  PORT1_IRQHandler              
00001edb  PORT2_IRQHandler              
00001edb  PORT3_IRQHandler              
00001edb  PORT4_IRQHandler              
00001edb  PORT5_IRQHandler              
00001edb  PORT6_IRQHandler              
00001edb  PSS_IRQHandler                
00001edb  PendSV_Handler                
00001edb  RTC_C_IRQHandler              
00001edb  SVC_Handler                   
00001edb  SysTick_Handler               
00001edb  T32_INT1_IRQHandler           
00001edb  T32_INT2_IRQHandler           
00001edb  T32_INTC_IRQHandler           
00001edb  TA0_0_IRQHandler              
00001edb  TA0_N_IRQHandler              
00001edb  TA1_0_IRQHandler              
00001edb  TA1_N_IRQHandler              
00001edb  TA2_0_IRQHandler              
00001edb  TA2_N_IRQHandler              
00001edb  TA3_0_IRQHandler              
00001edb  TA3_N_IRQHandler              
00001edb  UsageFault_Handler            
00001edb  WDT_A_IRQHandler              
00001edd  __aeabi_errno_addr            
00001ee5  _system_pre_init              
00001ee9  C$$EXIT                       
00001ee9  abort                         
00001f68  __TI_Handler_Table_Base       
00001f74  __TI_Handler_Table_Limit      
00001f88  __TI_CINIT_Base               
00001f98  __TI_CINIT_Limit              
20000000  flag                          
20000004  errno                         
20000008  SystemCoreClock               
2000000c  digital                       
2000fe00  __stack                       
20010000  __STACK_END                   
4000480c  WDTCTL_SYM                    
ffffffff  __TI_pprof_out_hndl           
ffffffff  __TI_prof_data_size           
ffffffff  __TI_prof_data_start          
ffffffff  __binit__                     
ffffffff  __c_args__                    
ffffffff  binit                         
UNDEFED   __mpu_init                    
UNDEFED   _system_post_cinit            

[126 symbols]
