******************************************************************************
                  TI ARM Linker Unix v18.12.2                  
******************************************************************************
>> Linked Thu Oct 10 13:04:20 2019

OUTPUT FILE NAME:   <Reflex Game.out>
ENTRY POINT SYMBOL: "_c_int00_noargs"  address: 0000149d


MEMORY CONFIGURATION

         name            origin    length      used     unused   attr    fill
----------------------  --------  ---------  --------  --------  ----  --------
  MAIN                  00000000   00040000  00001692  0003e96e  R  X
  INFO                  00200000   00004000  00000000  00004000  R  X
  SRAM_CODE             01000000   00010000  00000638  0000f9c8  RW X
  SRAM_DATA             20000000   00010000  00000638  0000f9c8  RW  


SEGMENT ALLOCATION MAP

run origin  load origin   length   init length attrs members
----------  ----------- ---------- ----------- ----- -------
00000000    00000000    00001698   00001698    r-x
  00000000    00000000    000000e4   000000e4    r-- .intvecs
  000000e4    000000e4    000014aa   000014aa    r-x .text
  00001590    00001590    000000cc   000000cc    r-- .const
  00001660    00001660    00000038   00000038    r-- .cinit
20000000    20000000    00000438   00000000    rw-
  20000000    20000000    00000400   00000000    rw- .sysmem
  20000400    20000400    0000001c   00000000    rw- .bss
  2000041c    2000041c    0000001c   00000000    rw- .data
2000fe00    2000fe00    00000200   00000000    rw-
  2000fe00    2000fe00    00000200   00000000    rw- .stack


SECTION ALLOCATION MAP

 output                                  attributes/
section   page    origin      length       input sections
--------  ----  ----------  ----------   ----------------
.intvecs   0    00000000    000000e4     
                  00000000    000000e4     startup_msp432p401r_ccs.obj (.intvecs:retain)

.text      0    000000e4    000014aa     
                  000000e4    00000334     system_msp432p401r.obj (.text)
                  00000418    00000314     delay.obj (.text)
                  0000072c    000002b8     LCD.obj (.text)
                  000009e4    0000027c     main.obj (.text)
                  00000c60    000001a0     Keypad.obj (.text)
                  00000e00    00000134     rtsv7M4_T_le_v4SPD16_eabi.lib : vla_alloc.c.obj (.text:__vla_alloc)
                  00000f34    000000f4                                   : memory.c.obj (.text:aligned_alloc)
                  00001028    000000e8                                   : memory.c.obj (.text:free)
                  00001110    000000d8                                   : memory.c.obj (.text:realloc)
                  000011e8    0000009c                                   : memcpy_t2.asm.obj (.text)
                  00001284    0000007c                                   : memory.c.obj (.text:split)
                  00001300    00000078                                   : vla_alloc.c.obj (.text:_ZN33_INTERNAL_11_vla_alloc_c_be8bd49b21free_dead_allocationsEPv)
                  00001378    00000078                                   : vla_alloc.c.obj (.text:__vla_dealloc)
                  000013f0    00000068                                   : copy_decompress_lzss.c.obj (.text:decompress:lzss:__TI_decompress_lzss)
                  00001458    00000044                                   : autoinit.c.obj (.text:__TI_auto_init_nobinit_nopinit:__TI_auto_init_nobinit_nopinit)
                  0000149c    00000034                                   : boot_cortex_m.c.obj (.text:_c_int00_noargs:_c_int00_noargs)
                  000014d0    00000028                                   : memory.c.obj (.text:free_list_insert)
                  000014f8    0000001c                                   : copy_zero_init.c.obj (.text:decompress:ZI:__TI_zero_init_nomemset:__TI_zero_init_nomemset)
                  00001514    0000001c                                   : memory.c.obj (.text:free_list_remove)
                  00001530    00000018                                   : strcmp.c.obj (.text:strcmp)
                  00001548    00000014                                   : strlen.c.obj (.text:strlen)
                  0000155c    0000000e                                   : copy_decompress_none.c.obj (.text:decompress:none:__TI_decompress_none)
                  0000156a    0000000e     startup_msp432p401r_ccs.obj (.text)
                  00001578    00000008     rtsv7M4_T_le_v4SPD16_eabi.lib : memory.c.obj (.text:malloc)
                  00001580    00000004                                   : error.c.obj (.text:__abort_execution)
                  00001584    00000004                                   : pre_init.c.obj (.text:_system_pre_init)
                  00001588    00000004                                   : exit.c.obj (.text:abort:abort)
                  0000158c    00000002                                   : _lock.c.obj (.text:_nop)

.const     0    00001590    000000cc     
                  00001590    00000028     LCD.obj (.const:$P$T3$4)
                  000015b8    00000010     LCD.obj (.const:$P$T0$1)
                  000015c8    00000010     LCD.obj (.const:$P$T1$2)
                  000015d8    00000010     LCD.obj (.const:$P$T2$3)
                  000015e8    00000010     LCD.obj (.const:$P$T4$5)
                  000015f8    00000010     LCD.obj (.const:$P$T5$6)
                  00001608    0000000c     delay.obj (.const:$P$T10$5)
                  00001614    0000000c     delay.obj (.const:$P$T11$6)
                  00001620    0000000c     delay.obj (.const:$P$T6$1)
                  0000162c    0000000c     delay.obj (.const:$P$T7$2)
                  00001638    0000000c     delay.obj (.const:$P$T8$3)
                  00001644    0000000c     delay.obj (.const:$P$T9$4)
                  00001650    0000000c     Keypad.obj (.const:lookup)

.cinit     0    00001660    00000038     
                  00001660    00000011     (.cinit..data.load) [load image, compression = lzss]
                  00001671    00000003     --HOLE-- [fill = 0]
                  00001674    0000000c     (__TI_handler_table)
                  00001680    00000008     (.cinit..bss.load) [load image, compression = zero_init]
                  00001688    00000010     (__TI_cinit_table)

.init_array 
*          0    00000000    00000000     UNINITIALIZED

.binit     0    00000000    00000000     

.sysmem    0    20000000    00000400     UNINITIALIZED
                  20000000    00000010     rtsv7M4_T_le_v4SPD16_eabi.lib : memory.c.obj (.sysmem)
                  20000010    000003f0     --HOLE--

.bss       0    20000400    0000001c     UNINITIALIZED
                  20000400    0000001c     rtsv7M4_T_le_v4SPD16_eabi.lib : vla_alloc.c.obj (.bss:$O1$$)

.data      0    2000041c    0000001c     UNINITIALIZED
                  2000041c    00000008     rtsv7M4_T_le_v4SPD16_eabi.lib : _lock.c.obj (.data:$O1$$)
                  20000424    00000008                                   : memory.c.obj (.data:$O1$$)
                  2000042c    00000008     main.obj (.data)
                  20000434    00000004     system_msp432p401r.obj (.data)

.stack     0    2000fe00    00000200     UNINITIALIZED
                  2000fe00    00000004     rtsv7M4_T_le_v4SPD16_eabi.lib : boot_cortex_m.c.obj (.stack)
                  2000fe04    000001fc     --HOLE--

MODULE SUMMARY

       Module                        code   ro data   rw data
       ------                        ----   -------   -------
    ./
       delay.obj                     788    72        0      
       system_msp432p401r.obj        820    0         8      
       LCD.obj                       696    120       0      
       main.obj                      636    0         16     
       Keypad.obj                    416    12        0      
       startup_msp432p401r_ccs.obj   14     228       0      
    +--+-----------------------------+------+---------+---------+
       Total:                        3370   432       24     
                                                             
    /opt/ccstudio/ccs/tools/compiler/ti-cgt-arm_18.12.2.LTS/lib/rtsv7M4_T_le_v4SPD16_eabi.lib
       memory.c.obj                  892    0         16     
       vla_alloc.c.obj               548    0         56     
       memcpy_t2.asm.obj             156    0         0      
       copy_decompress_lzss.c.obj    104    0         0      
       autoinit.c.obj                68     0         0      
       boot_cortex_m.c.obj           52     0         0      
       copy_zero_init.c.obj          28     0         0      
       strcmp.c.obj                  24     0         0      
       strlen.c.obj                  20     0         0      
       _lock.c.obj                   2      0         16     
       copy_decompress_none.c.obj    14     0         0      
       error.c.obj                   4      0         0      
       exit.c.obj                    4      0         0      
       pre_init.c.obj                4      0         0      
    +--+-----------------------------+------+---------+---------+
       Total:                        1920   0         88     
                                                             
       Heap:                         0      0         2048   
       Stack:                        0      0         1024   
       Linker Generated:             0      53        0      
    +--+-----------------------------+------+---------+---------+
       Grand Total:                  5290   485       3184   


LINKER GENERATED COPY TABLES

__TI_cinit_table @ 00001688 records: 2, size/record: 8, table size: 16
	.data: load addr=00001660, load size=00000011 bytes, run addr=2000041c, run size=0000001c bytes, compression=lzss
	.bss: load addr=00001680, load size=00000008 bytes, run addr=20000400, run size=0000001c bytes, compression=zero_init


LINKER GENERATED HANDLER TABLE

__TI_handler_table @ 00001674 records: 3, size/record: 4, table size: 12
	index: 0, handler: __TI_decompress_lzss
	index: 1, handler: __TI_decompress_none
	index: 2, handler: __TI_zero_init


GLOBAL SYMBOLS: SORTED ALPHABETICALLY BY Name 

address   name                          
-------   ----                          
00001577  ADC14_IRQHandler              
00001577  AES256_IRQHandler             
00001577  BusFault_Handler              
00001589  C$$EXIT                       
00001577  COMP_E0_IRQHandler            
00001577  COMP_E1_IRQHandler            
00001577  CS_IRQHandler                 
0000081d  Clear_LCD                     
00001577  DMA_ERR_IRQHandler            
00001577  DMA_INT0_IRQHandler           
00001577  DMA_INT1_IRQHandler           
00001577  DMA_INT2_IRQHandler           
00001577  DMA_INT3_IRQHandler           
00001577  DebugMon_Handler              
00001577  Default_Handler               
00001577  EUSCIA0_IRQHandler            
00001577  EUSCIA1_IRQHandler            
00001577  EUSCIA2_IRQHandler            
00001577  EUSCIA3_IRQHandler            
00001577  EUSCIB0_IRQHandler            
00001577  EUSCIB1_IRQHandler            
00001577  EUSCIB2_IRQHandler            
00001577  EUSCIB3_IRQHandler            
00000841  Entry_mode_set                
00001577  FLCTL_IRQHandler              
00001577  FPU_IRQHandler                
00001577  HardFault_Handler             
000008b5  Home_LCD                      
00000867  Init_LCD                      
00000c61  Keypad_init                   
00001577  MemManage_Handler             
00001577  NMI_Handler                   
00001577  PCM_IRQHandler                
00001577  PORT1_IRQHandler              
00001577  PORT2_IRQHandler              
00001577  PORT3_IRQHandler              
00001577  PORT4_IRQHandler              
00001577  PORT5_IRQHandler              
00000b25  PORT6_IRQHandler              
00000b25  PORT6_IRQHandler              
00001577  PSS_IRQHandler                
00001577  PendSV_Handler                
00001577  RTC_C_IRQHandler              
0000156b  Reset_Handler                 
00001577  SVC_Handler                   
00001577  SysTick_Handler               
20000434  SystemCoreClock               
000000e5  SystemCoreClockUpdate         
0000035d  SystemInit                    
00001577  T32_INT1_IRQHandler           
00001577  T32_INT2_IRQHandler           
00001577  T32_INTC_IRQHandler           
00001577  TA0_0_IRQHandler              
00000bcd  TA0_N_IRQHandler              
00000bcd  TA0_N_IRQHandler              
00001577  TA1_0_IRQHandler              
00001577  TA1_N_IRQHandler              
00001577  TA2_0_IRQHandler              
00001577  TA2_N_IRQHandler              
00001577  TA3_0_IRQHandler              
00001577  TA3_N_IRQHandler              
00001577  UsageFault_Handler            
4000480c  WDTCTL_SYM                    
00001577  WDT_A_IRQHandler              
000008dd  Write_char_LCD                
0000096b  Write_string_LCD              
20010000  __STACK_END                   
00000200  __STACK_SIZE                  
00000400  __SYSMEM_SIZE                 
00001688  __TI_CINIT_Base               
00001698  __TI_CINIT_Limit              
00001674  __TI_Handler_Table_Base       
00001680  __TI_Handler_Table_Limit      
00001459  __TI_auto_init_nobinit_nopinit
000013f1  __TI_decompress_lzss          
0000155d  __TI_decompress_none          
ffffffff  __TI_pprof_out_hndl           
ffffffff  __TI_prof_data_size           
ffffffff  __TI_prof_data_start          
00000000  __TI_static_base__            
000014f9  __TI_zero_init_nomemset       
00001581  __abort_execution             
000011e9  __aeabi_memcpy                
000011e9  __aeabi_memcpy4               
000011e9  __aeabi_memcpy8               
ffffffff  __binit__                     
ffffffff  __c_args__                    
UNDEFED   __mpu_init                    
2000fe00  __stack                       
00000e01  __vla_alloc                   
00001379  __vla_dealloc                 
0000149d  _c_int00_noargs               
2000041c  _lock                         
0000158d  _nop                          
20000000  _sys_memory                   
UNDEFED   _system_post_cinit            
00001585  _system_pre_init              
20000420  _unlock                       
00001589  abort                         
00000f35  aligned_alloc                 
ffffffff  binit                         
00000ce1  count_ones                    
00000661  delay_us                      
000007f9  display_ON_OFF_CTRL           
00000da7  display_key_press_LCD         
00001029  free                          
00000ca9  get_row                       
00000000  interruptVectors              
00000a7d  itoa                          
00000c1f  main                          
00001579  malloc                        
00000f35  memalign                      
000011e9  memcpy                        
00000997  next_line_pos                 
2000042c  over_fl                       
00000d29  read_key                      
00001111  realloc                       
000005db  ret_freq_prop                 
00000a39  reverse                       
00000457  set_DCO                       
00000743  set_LCD                       
00000419  set_clk                       
00000be3  set_everything                
0000072d  set_outputs                   
00001531  strcmp                        
00001549  strlen                        
000009e5  swap                          
20000430  toggle                        


GLOBAL SYMBOLS: SORTED BY Symbol Address 

address   name                          
-------   ----                          
00000000  __TI_static_base__            
00000000  interruptVectors              
000000e5  SystemCoreClockUpdate         
00000200  __STACK_SIZE                  
0000035d  SystemInit                    
00000400  __SYSMEM_SIZE                 
00000419  set_clk                       
00000457  set_DCO                       
000005db  ret_freq_prop                 
00000661  delay_us                      
0000072d  set_outputs                   
00000743  set_LCD                       
000007f9  display_ON_OFF_CTRL           
0000081d  Clear_LCD                     
00000841  Entry_mode_set                
00000867  Init_LCD                      
000008b5  Home_LCD                      
000008dd  Write_char_LCD                
0000096b  Write_string_LCD              
00000997  next_line_pos                 
000009e5  swap                          
00000a39  reverse                       
00000a7d  itoa                          
00000b25  PORT6_IRQHandler              
00000b25  PORT6_IRQHandler              
00000bcd  TA0_N_IRQHandler              
00000bcd  TA0_N_IRQHandler              
00000be3  set_everything                
00000c1f  main                          
00000c61  Keypad_init                   
00000ca9  get_row                       
00000ce1  count_ones                    
00000d29  read_key                      
00000da7  display_key_press_LCD         
00000e01  __vla_alloc                   
00000f35  aligned_alloc                 
00000f35  memalign                      
00001029  free                          
00001111  realloc                       
000011e9  __aeabi_memcpy                
000011e9  __aeabi_memcpy4               
000011e9  __aeabi_memcpy8               
000011e9  memcpy                        
00001379  __vla_dealloc                 
000013f1  __TI_decompress_lzss          
00001459  __TI_auto_init_nobinit_nopinit
0000149d  _c_int00_noargs               
000014f9  __TI_zero_init_nomemset       
00001531  strcmp                        
00001549  strlen                        
0000155d  __TI_decompress_none          
0000156b  Reset_Handler                 
00001577  ADC14_IRQHandler              
00001577  AES256_IRQHandler             
00001577  BusFault_Handler              
00001577  COMP_E0_IRQHandler            
00001577  COMP_E1_IRQHandler            
00001577  CS_IRQHandler                 
00001577  DMA_ERR_IRQHandler            
00001577  DMA_INT0_IRQHandler           
00001577  DMA_INT1_IRQHandler           
00001577  DMA_INT2_IRQHandler           
00001577  DMA_INT3_IRQHandler           
00001577  DebugMon_Handler              
00001577  Default_Handler               
00001577  EUSCIA0_IRQHandler            
00001577  EUSCIA1_IRQHandler            
00001577  EUSCIA2_IRQHandler            
00001577  EUSCIA3_IRQHandler            
00001577  EUSCIB0_IRQHandler            
00001577  EUSCIB1_IRQHandler            
00001577  EUSCIB2_IRQHandler            
00001577  EUSCIB3_IRQHandler            
00001577  FLCTL_IRQHandler              
00001577  FPU_IRQHandler                
00001577  HardFault_Handler             
00001577  MemManage_Handler             
00001577  NMI_Handler                   
00001577  PCM_IRQHandler                
00001577  PORT1_IRQHandler              
00001577  PORT2_IRQHandler              
00001577  PORT3_IRQHandler              
00001577  PORT4_IRQHandler              
00001577  PORT5_IRQHandler              
00001577  PSS_IRQHandler                
00001577  PendSV_Handler                
00001577  RTC_C_IRQHandler              
00001577  SVC_Handler                   
00001577  SysTick_Handler               
00001577  T32_INT1_IRQHandler           
00001577  T32_INT2_IRQHandler           
00001577  T32_INTC_IRQHandler           
00001577  TA0_0_IRQHandler              
00001577  TA1_0_IRQHandler              
00001577  TA1_N_IRQHandler              
00001577  TA2_0_IRQHandler              
00001577  TA2_N_IRQHandler              
00001577  TA3_0_IRQHandler              
00001577  TA3_N_IRQHandler              
00001577  UsageFault_Handler            
00001577  WDT_A_IRQHandler              
00001579  malloc                        
00001581  __abort_execution             
00001585  _system_pre_init              
00001589  C$$EXIT                       
00001589  abort                         
0000158d  _nop                          
00001674  __TI_Handler_Table_Base       
00001680  __TI_Handler_Table_Limit      
00001688  __TI_CINIT_Base               
00001698  __TI_CINIT_Limit              
20000000  _sys_memory                   
2000041c  _lock                         
20000420  _unlock                       
2000042c  over_fl                       
20000430  toggle                        
20000434  SystemCoreClock               
2000fe00  __stack                       
20010000  __STACK_END                   
4000480c  WDTCTL_SYM                    
ffffffff  __TI_pprof_out_hndl           
ffffffff  __TI_prof_data_size           
ffffffff  __TI_prof_data_start          
ffffffff  __binit__                     
ffffffff  __c_args__                    
ffffffff  binit                         
UNDEFED   __mpu_init                    
UNDEFED   _system_post_cinit            

[128 symbols]
