******************************************************************************
                  TI ARM Linker Unix v18.12.2                  
******************************************************************************
>> Linked Thu Nov 21 08:30:17 2019

OUTPUT FILE NAME:   <aProjector.out>
ENTRY POINT SYMBOL: "_c_int00_noargs"  address: 0000225d


MEMORY CONFIGURATION

         name            origin    length      used     unused   attr    fill
----------------------  --------  ---------  --------  --------  ----  --------
  MAIN                  00000000   00040000  00002400  0003dc00  R  X
  INFO                  00200000   00004000  00000000  00004000  R  X
  SRAM_CODE             01000000   00010000  00000219  0000fde7  RW X
  SRAM_DATA             20000000   00010000  00000219  0000fde7  RW  


SEGMENT ALLOCATION MAP

run origin  load origin   length   init length attrs members
----------  ----------- ---------- ----------- ----- -------
00000000    00000000    00002400   00002400    r-x
  00000000    00000000    000000e4   000000e4    r-- .intvecs
  000000e4    000000e4    00002274   00002274    r-x .text
  00002358    00002358    00000078   00000078    r-- .const
  000023d0    000023d0    00000030   00000030    r-- .cinit
20000000    20000000    0000001c   00000000    rw-
  20000000    20000000    00000011   00000000    rw- .bss
  20000014    20000014    00000008   00000000    rw- .data
2000fe00    2000fe00    00000200   00000000    rw-
  2000fe00    2000fe00    00000200   00000000    rw- .stack


SECTION ALLOCATION MAP

 output                                  attributes/
section   page    origin      length       input sections
--------  ----  ----------  ----------   ----------------
.intvecs   0    00000000    000000e4     
                  00000000    000000e4     startup_msp432p401r_ccs.obj (.intvecs:retain)

.text      0    000000e4    00002274     
                  000000e4    000009c0     rtsv7M4_T_le_v4SPD16_eabi.lib : e_pow.c.obj (.text:pow)
                  00000aa4    000003a4     UltraSonicSensor.obj (.text)
                  00000e48    00000334     system_msp432p401r.obj (.text)
                  0000117c    00000314     delay.obj (.text)
                  00001490    000001bc     main.obj (.text)
                  0000164c    000001b6     rtsv7M4_T_le_v4SPD16_eabi.lib : fd_add_t2.asm.obj (.text)
                  00001802    00000002     --HOLE-- [fill = 0]
                  00001804    00000158                                   : e_sqrt.c.obj (.text:sqrt)
                  0000195c    00000136                                   : fd_div_t2.asm.obj (.text)
                  00001a92    00000002     --HOLE-- [fill = 0]
                  00001a94    00000110                                   : s_scalbn.c.obj (.text:scalbn)
                  00001ba4    000000fc                                   : fd_mul_t2.asm.obj (.text)
                  00001ca0    000000f8                                   : s_ceil.c.obj (.text:ceil)
                  00001d98    000000e0     Stepper.obj (.text)
                  00001e78    000000a0     DipSwitch.obj (.text)
                  00001f18    0000009c     rtsv7M4_T_le_v4SPD16_eabi.lib : memcpy_t2.asm.obj (.text)
                  00001fb4    00000086                                   : fd_cmp_t2.asm.obj (.text:__aeabi_cdcmple)
                  0000203a    00000086                                   : fd_cmp_t2.asm.obj (.text:__aeabi_cdrcmple)
                  000020c0    0000006e                                   : fd_tos_t2.asm.obj (.text)
                  0000212e    00000068                                   : copy_decompress_lzss.c.obj (.text:decompress:lzss:__TI_decompress_lzss)
                  00002196    00000048                                   : fd_toi_t2.asm.obj (.text)
                  000021de    00000002     --HOLE-- [fill = 0]
                  000021e0    00000044                                   : autoinit.c.obj (.text:__TI_auto_init_nobinit_nopinit:__TI_auto_init_nobinit_nopinit)
                  00002224    00000038                                   : fs_tod_t2.asm.obj (.text)
                  0000225c    00000034                                   : boot_cortex_m.c.obj (.text:_c_int00_noargs:_c_int00_noargs)
                  00002290    0000002e                                   : i_tofd_t2.asm.obj (.text)
                  000022be    00000020                                   : u_tofd_t2.asm.obj (.text)
                  000022de    0000001c                                   : copy_zero_init.c.obj (.text:decompress:ZI:__TI_zero_init_nomemset:__TI_zero_init_nomemset)
                  000022fa    0000001a                                   : s_copysign.c.obj (.text:copysign)
                  00002314    00000018                                   : strcmp.c.obj (.text:strcmp)
                  0000232c    0000000e                                   : copy_decompress_none.c.obj (.text:decompress:none:__TI_decompress_none)
                  0000233a    0000000e     startup_msp432p401r_ccs.obj (.text)
                  00002348    00000008     rtsv7M4_T_le_v4SPD16_eabi.lib : errno.c.obj (.text:__aeabi_errno_addr)
                  00002350    00000004                                   : pre_init.c.obj (.text:_system_pre_init)
                  00002354    00000004                                   : exit.c.obj (.text:abort:abort)

.const     0    00002358    00000078     
                  00002358    00000030     rtsv7M4_T_le_v4SPD16_eabi.lib : e_pow.c.obj (.const:$O1$$)
                  00002388    0000000c     delay.obj (.const:$P$T10$5)
                  00002394    0000000c     delay.obj (.const:$P$T11$6)
                  000023a0    0000000c     delay.obj (.const:$P$T6$1)
                  000023ac    0000000c     delay.obj (.const:$P$T7$2)
                  000023b8    0000000c     delay.obj (.const:$P$T8$3)
                  000023c4    0000000c     delay.obj (.const:$P$T9$4)

.cinit     0    000023d0    00000030     
                  000023d0    0000000c     (__TI_handler_table)
                  000023dc    0000000b     (.cinit..data.load) [load image, compression = lzss]
                  000023e7    00000001     --HOLE-- [fill = 0]
                  000023e8    00000008     (.cinit..bss.load) [load image, compression = zero_init]
                  000023f0    00000010     (__TI_cinit_table)

.init_array 
*          0    00000000    00000000     UNINITIALIZED

.binit     0    00000000    00000000     

.bss       0    20000000    00000011     UNINITIALIZED
                  20000000    00000008     (.common:di)
                  20000008    00000002     (.common:falling_edge_counter)
                  2000000a    00000002     (.common:got_value)
                  2000000c    00000002     (.common:overflows)
                  2000000e    00000002     (.common:rising_edge_counter)
                  20000010    00000001     (.common:dip_switch)

.data      0    20000014    00000008     UNINITIALIZED
                  20000014    00000004     rtsv7M4_T_le_v4SPD16_eabi.lib : errno.c.obj (.data)
                  20000018    00000004     system_msp432p401r.obj (.data)

.stack     0    2000fe00    00000200     UNINITIALIZED
                  2000fe00    00000004     rtsv7M4_T_le_v4SPD16_eabi.lib : boot_cortex_m.c.obj (.stack)
                  2000fe04    000001fc     --HOLE--

MODULE SUMMARY

       Module                        code   ro data   rw data
       ------                        ----   -------   -------
    ./
       UltraSonicSensor.obj          932    0         16     
       delay.obj                     788    72        0      
       system_msp432p401r.obj        820    0         8      
       main.obj                      444    0         16     
       startup_msp432p401r_ccs.obj   14     228       0      
       Stepper.obj                   224    0         0      
       DipSwitch.obj                 160    0         2      
    +--+-----------------------------+------+---------+---------+
       Total:                        3382   300       42     
                                                             
    /opt/ccstudio/ccs/tools/compiler/ti-cgt-arm_18.12.2.LTS/lib/rtsv7M4_T_le_v4SPD16_eabi.lib
       e_pow.c.obj                   2496   48        0      
       fd_add_t2.asm.obj             438    0         0      
       e_sqrt.c.obj                  344    0         0      
       fd_div_t2.asm.obj             310    0         0      
       s_scalbn.c.obj                272    0         0      
       fd_cmp_t2.asm.obj             268    0         0      
       fd_mul_t2.asm.obj             252    0         0      
       s_ceil.c.obj                  248    0         0      
       memcpy_t2.asm.obj             156    0         0      
       fd_tos_t2.asm.obj             110    0         0      
       copy_decompress_lzss.c.obj    104    0         0      
       fd_toi_t2.asm.obj             72     0         0      
       autoinit.c.obj                68     0         0      
       fs_tod_t2.asm.obj             56     0         0      
       boot_cortex_m.c.obj           52     0         0      
       i_tofd_t2.asm.obj             46     0         0      
       u_tofd_t2.asm.obj             32     0         0      
       copy_zero_init.c.obj          28     0         0      
       s_copysign.c.obj              26     0         0      
       strcmp.c.obj                  24     0         0      
       errno.c.obj                   8      0         8      
       copy_decompress_none.c.obj    14     0         0      
       exit.c.obj                    4      0         0      
       pre_init.c.obj                4      0         0      
    +--+-----------------------------+------+---------+---------+
       Total:                        5432   48        8      
                                                             
       Stack:                        0      0         1024   
       Linker Generated:             0      47        0      
    +--+-----------------------------+------+---------+---------+
       Grand Total:                  8814   395       1074   


LINKER GENERATED COPY TABLES

__TI_cinit_table @ 000023f0 records: 2, size/record: 8, table size: 16
	.data: load addr=000023dc, load size=0000000b bytes, run addr=20000014, run size=00000008 bytes, compression=lzss
	.bss: load addr=000023e8, load size=00000008 bytes, run addr=20000000, run size=00000011 bytes, compression=zero_init


LINKER GENERATED HANDLER TABLE

__TI_handler_table @ 000023d0 records: 3, size/record: 4, table size: 12
	index: 0, handler: __TI_decompress_lzss
	index: 1, handler: __TI_decompress_none
	index: 2, handler: __TI_zero_init


GLOBAL SYMBOLS: SORTED ALPHABETICALLY BY Name 

address   name                          
-------   ----                          
00002347  ADC14_IRQHandler              
00002347  AES256_IRQHandler             
00002347  BusFault_Handler              
00002355  C$$EXIT                       
00002347  COMP_E0_IRQHandler            
00002347  COMP_E1_IRQHandler            
00002347  CS_IRQHandler                 
00002347  DMA_ERR_IRQHandler            
00002347  DMA_INT0_IRQHandler           
00002347  DMA_INT1_IRQHandler           
00002347  DMA_INT2_IRQHandler           
00002347  DMA_INT3_IRQHandler           
00002347  DebugMon_Handler              
00002347  Default_Handler               
00002347  EUSCIA0_IRQHandler            
00002347  EUSCIA1_IRQHandler            
00002347  EUSCIA2_IRQHandler            
00002347  EUSCIA3_IRQHandler            
00002347  EUSCIB0_IRQHandler            
00002347  EUSCIB1_IRQHandler            
00002347  EUSCIB2_IRQHandler            
00002347  EUSCIB3_IRQHandler            
00002347  FLCTL_IRQHandler              
00002347  FPU_IRQHandler                
00002347  HardFault_Handler             
00002347  MemManage_Handler             
00002347  NMI_Handler                   
00002347  PCM_IRQHandler                
00002347  PORT1_IRQHandler              
00002347  PORT2_IRQHandler              
00002347  PORT3_IRQHandler              
00001e79  PORT4_IRQHandler              
00001e79  PORT4_IRQHandler              
00002347  PORT5_IRQHandler              
00002347  PORT6_IRQHandler              
00002347  PSS_IRQHandler                
00002347  PendSV_Handler                
00002347  RTC_C_IRQHandler              
0000233b  Reset_Handler                 
00002347  SVC_Handler                   
00002347  SysTick_Handler               
20000018  SystemCoreClock               
00000e49  SystemCoreClockUpdate         
000010c1  SystemInit                    
00002347  T32_INT1_IRQHandler           
00002347  T32_INT2_IRQHandler           
00002347  T32_INTC_IRQHandler           
00000d45  TA0_0_IRQHandler              
00000d45  TA0_0_IRQHandler              
00000cf9  TA0_N_IRQHandler              
00000cf9  TA0_N_IRQHandler              
00002347  TA1_0_IRQHandler              
00002347  TA1_N_IRQHandler              
00002347  TA2_0_IRQHandler              
00002347  TA2_N_IRQHandler              
00002347  TA3_0_IRQHandler              
00002347  TA3_N_IRQHandler              
00002347  UsageFault_Handler            
4000480c  WDTCTL_SYM                    
00002347  WDT_A_IRQHandler              
20010000  __STACK_END                   
00000200  __STACK_SIZE                  
000023f0  __TI_CINIT_Base               
00002400  __TI_CINIT_Limit              
000023d0  __TI_Handler_Table_Base       
000023dc  __TI_Handler_Table_Limit      
000021e1  __TI_auto_init_nobinit_nopinit
0000212f  __TI_decompress_lzss          
0000232d  __TI_decompress_none          
ffffffff  __TI_pprof_out_hndl           
ffffffff  __TI_prof_data_size           
ffffffff  __TI_prof_data_start          
00000000  __TI_static_base__            
000022df  __TI_zero_init_nomemset       
00001fb5  __aeabi_cdcmpeq               
00001fb5  __aeabi_cdcmple               
0000203b  __aeabi_cdrcmple              
000020c1  __aeabi_d2f                   
00002197  __aeabi_d2iz                  
00001657  __aeabi_dadd                  
0000195d  __aeabi_ddiv                  
00001ba5  __aeabi_dmul                  
0000164d  __aeabi_dsub                  
00002349  __aeabi_errno_addr            
00002225  __aeabi_f2d                   
00002291  __aeabi_i2d                   
00001f19  __aeabi_memcpy                
00001f19  __aeabi_memcpy4               
00001f19  __aeabi_memcpy8               
000022bf  __aeabi_ui2d                  
ffffffff  __binit__                     
ffffffff  __c_args__                    
UNDEFED   __mpu_init                    
2000fe00  __stack                       
0000225d  _c_int00_noargs               
00001491  _do                           
UNDEFED   _system_post_cinit            
00002351  _system_pre_init              
00002355  abort                         
ffffffff  binit                         
00001ca1  ceil                          
00001ca1  ceill                         
000022fb  copysign                      
000022fb  copysignl                     
000013c5  delay_us                      
20000000  di                            
20000010  dip_switch                    
00000d71  disable_ISR_TIMERA            
00000d4f  enable_ISR_TIMERA             
20000014  errno                         
20000008  falling_edge_counter          
00000bb9  get_distance_cm               
00000c17  get_distance_cm_avg           
000014e7  get_revolutions               
00000b65  get_time_high                 
2000000a  got_value                     
00001eb7  init_DipSwitch                
00000aa5  init_ECHO                     
00001dc3  init_Stepper                  
00000ccd  init_TA0                      
00000acf  init_TRIGGER                  
00000af9  init_UltraSonicSensor         
00000000  interruptVectors              
00001a95  ldexp                         
00001a95  ldexpl                        
0000152b  main                          
00001f19  memcpy                        
2000000c  overflows                     
000000e5  pow                           
000000e5  powl                          
00000da5  reset_TimerA                  
0000133f  ret_freq_prop                 
2000000e  rising_edge_counter           
00001e35  rotate                        
00001a95  scalbn                        
00001a95  scalbnl                       
00000b47  send_trigger                  
000011bb  set_DCO                       
0000117d  set_clk                       
00001d99  set_direction                 
00001805  sqrt                          
00001805  sqrtl                         
00001df1  step                          
00002315  strcmp                        


GLOBAL SYMBOLS: SORTED BY Symbol Address 

address   name                          
-------   ----                          
00000000  __TI_static_base__            
00000000  interruptVectors              
000000e5  pow                           
000000e5  powl                          
00000200  __STACK_SIZE                  
00000aa5  init_ECHO                     
00000acf  init_TRIGGER                  
00000af9  init_UltraSonicSensor         
00000b47  send_trigger                  
00000b65  get_time_high                 
00000bb9  get_distance_cm               
00000c17  get_distance_cm_avg           
00000ccd  init_TA0                      
00000cf9  TA0_N_IRQHandler              
00000cf9  TA0_N_IRQHandler              
00000d45  TA0_0_IRQHandler              
00000d45  TA0_0_IRQHandler              
00000d4f  enable_ISR_TIMERA             
00000d71  disable_ISR_TIMERA            
00000da5  reset_TimerA                  
00000e49  SystemCoreClockUpdate         
000010c1  SystemInit                    
0000117d  set_clk                       
000011bb  set_DCO                       
0000133f  ret_freq_prop                 
000013c5  delay_us                      
00001491  _do                           
000014e7  get_revolutions               
0000152b  main                          
0000164d  __aeabi_dsub                  
00001657  __aeabi_dadd                  
00001805  sqrt                          
00001805  sqrtl                         
0000195d  __aeabi_ddiv                  
00001a95  ldexp                         
00001a95  ldexpl                        
00001a95  scalbn                        
00001a95  scalbnl                       
00001ba5  __aeabi_dmul                  
00001ca1  ceil                          
00001ca1  ceill                         
00001d99  set_direction                 
00001dc3  init_Stepper                  
00001df1  step                          
00001e35  rotate                        
00001e79  PORT4_IRQHandler              
00001e79  PORT4_IRQHandler              
00001eb7  init_DipSwitch                
00001f19  __aeabi_memcpy                
00001f19  __aeabi_memcpy4               
00001f19  __aeabi_memcpy8               
00001f19  memcpy                        
00001fb5  __aeabi_cdcmpeq               
00001fb5  __aeabi_cdcmple               
0000203b  __aeabi_cdrcmple              
000020c1  __aeabi_d2f                   
0000212f  __TI_decompress_lzss          
00002197  __aeabi_d2iz                  
000021e1  __TI_auto_init_nobinit_nopinit
00002225  __aeabi_f2d                   
0000225d  _c_int00_noargs               
00002291  __aeabi_i2d                   
000022bf  __aeabi_ui2d                  
000022df  __TI_zero_init_nomemset       
000022fb  copysign                      
000022fb  copysignl                     
00002315  strcmp                        
0000232d  __TI_decompress_none          
0000233b  Reset_Handler                 
00002347  ADC14_IRQHandler              
00002347  AES256_IRQHandler             
00002347  BusFault_Handler              
00002347  COMP_E0_IRQHandler            
00002347  COMP_E1_IRQHandler            
00002347  CS_IRQHandler                 
00002347  DMA_ERR_IRQHandler            
00002347  DMA_INT0_IRQHandler           
00002347  DMA_INT1_IRQHandler           
00002347  DMA_INT2_IRQHandler           
00002347  DMA_INT3_IRQHandler           
00002347  DebugMon_Handler              
00002347  Default_Handler               
00002347  EUSCIA0_IRQHandler            
00002347  EUSCIA1_IRQHandler            
00002347  EUSCIA2_IRQHandler            
00002347  EUSCIA3_IRQHandler            
00002347  EUSCIB0_IRQHandler            
00002347  EUSCIB1_IRQHandler            
00002347  EUSCIB2_IRQHandler            
00002347  EUSCIB3_IRQHandler            
00002347  FLCTL_IRQHandler              
00002347  FPU_IRQHandler                
00002347  HardFault_Handler             
00002347  MemManage_Handler             
00002347  NMI_Handler                   
00002347  PCM_IRQHandler                
00002347  PORT1_IRQHandler              
00002347  PORT2_IRQHandler              
00002347  PORT3_IRQHandler              
00002347  PORT5_IRQHandler              
00002347  PORT6_IRQHandler              
00002347  PSS_IRQHandler                
00002347  PendSV_Handler                
00002347  RTC_C_IRQHandler              
00002347  SVC_Handler                   
00002347  SysTick_Handler               
00002347  T32_INT1_IRQHandler           
00002347  T32_INT2_IRQHandler           
00002347  T32_INTC_IRQHandler           
00002347  TA1_0_IRQHandler              
00002347  TA1_N_IRQHandler              
00002347  TA2_0_IRQHandler              
00002347  TA2_N_IRQHandler              
00002347  TA3_0_IRQHandler              
00002347  TA3_N_IRQHandler              
00002347  UsageFault_Handler            
00002347  WDT_A_IRQHandler              
00002349  __aeabi_errno_addr            
00002351  _system_pre_init              
00002355  C$$EXIT                       
00002355  abort                         
000023d0  __TI_Handler_Table_Base       
000023dc  __TI_Handler_Table_Limit      
000023f0  __TI_CINIT_Base               
00002400  __TI_CINIT_Limit              
20000000  di                            
20000008  falling_edge_counter          
2000000a  got_value                     
2000000c  overflows                     
2000000e  rising_edge_counter           
20000010  dip_switch                    
20000014  errno                         
20000018  SystemCoreClock               
2000fe00  __stack                       
20010000  __STACK_END                   
4000480c  WDTCTL_SYM                    
ffffffff  __TI_pprof_out_hndl           
ffffffff  __TI_prof_data_size           
ffffffff  __TI_prof_data_start          
ffffffff  __binit__                     
ffffffff  __c_args__                    
ffffffff  binit                         
UNDEFED   __mpu_init                    
UNDEFED   _system_post_cinit            

[144 symbols]
