******************************************************************************
                  TI ARM Linker Unix v18.12.2                  
******************************************************************************
>> Linked Tue Dec  3 18:27:00 2019

OUTPUT FILE NAME:   <aProjector.out>
ENTRY POINT SYMBOL: "_c_int00_noargs"  address: 00002319


MEMORY CONFIGURATION

         name            origin    length      used     unused   attr    fill
----------------------  --------  ---------  --------  --------  ----  --------
  MAIN                  00000000   00040000  000024bc  0003db44  R  X
  INFO                  00200000   00004000  00000000  00004000  R  X
  SRAM_CODE             01000000   00010000  00000219  0000fde7  RW X
  SRAM_DATA             20000000   00010000  00000219  0000fde7  RW  


SEGMENT ALLOCATION MAP

run origin  load origin   length   init length attrs members
----------  ----------- ---------- ----------- ----- -------
00000000    00000000    000024c0   000024c0    r-x
  00000000    00000000    000000e4   000000e4    r-- .intvecs
  000000e4    000000e4    00002330   00002330    r-x .text
  00002418    00002418    00000078   00000078    r-- .const
  00002490    00002490    00000030   00000030    r-- .cinit
20000000    20000000    0000001c   00000000    rw-
  20000000    20000000    00000011   00000000    rw- .bss
  20000014    20000014    00000008   00000000    rw- .data
2000fe00    2000fe00    00000200   00000000    rw-
  2000fe00    2000fe00    00000200   00000000    rw- .stack


SECTION ALLOCATION MAP

 output                                  attributes/
section   page    origin      length       input sections
--------  ----  ----------  ----------   ----------------
.intvecs   0    00000000    000000e4     
                  00000000    000000e4     startup_msp432p401r_ccs.obj (.intvecs:retain)

.text      0    000000e4    00002330     
                  000000e4    000009c0     rtsv7M4_T_le_v4SPD16_eabi.lib : e_pow.c.obj (.text:pow)
                  00000aa4    000004cc     UltraSonicSensor.obj (.text)
                  00000f70    00000334     system_msp432p401r.obj (.text)
                  000012a4    00000314     delay.obj (.text)
                  000015b8    000001b6     rtsv7M4_T_le_v4SPD16_eabi.lib : fd_add_t2.asm.obj (.text)
                  0000176e    00000002     --HOLE-- [fill = 0]
                  00001770    00000194     main.obj (.text)
                  00001904    00000158     rtsv7M4_T_le_v4SPD16_eabi.lib : e_sqrt.c.obj (.text:sqrt)
                  00001a5c    00000136                                   : fd_div_t2.asm.obj (.text)
                  00001b92    00000002     --HOLE-- [fill = 0]
                  00001b94    00000110                                   : s_scalbn.c.obj (.text:scalbn)
                  00001ca4    0000010c     Stepper.obj (.text)
                  00001db0    000000fc     rtsv7M4_T_le_v4SPD16_eabi.lib : fd_mul_t2.asm.obj (.text)
                  00001eac    000000b0     bluetooth.obj (.text)
                  00001f5c    0000009c     rtsv7M4_T_le_v4SPD16_eabi.lib : memcpy_t2.asm.obj (.text)
                  00001ff8    00000086                                   : fd_cmp_t2.asm.obj (.text:__aeabi_cdcmple)
                  0000207e    00000086                                   : fd_cmp_t2.asm.obj (.text:__aeabi_cdrcmple)
                  00002104    0000007a                                   : memset_t2.asm.obj (.text)
                  0000217e    0000006e                                   : fd_tos_t2.asm.obj (.text)
                  000021ec    00000068                                   : copy_decompress_lzss.c.obj (.text:decompress:lzss:__TI_decompress_lzss)
                  00002254    00000048                                   : fd_toi_t2.asm.obj (.text)
                  0000229c    00000044                                   : autoinit.c.obj (.text:__TI_auto_init_nobinit_nopinit:__TI_auto_init_nobinit_nopinit)
                  000022e0    00000038                                   : fs_tod_t2.asm.obj (.text)
                  00002318    00000034                                   : boot_cortex_m.c.obj (.text:_c_int00_noargs:_c_int00_noargs)
                  0000234c    0000002e                                   : i_tofd_t2.asm.obj (.text)
                  0000237a    00000020                                   : u_tofd_t2.asm.obj (.text)
                  0000239a    0000001c                                   : copy_zero_init.c.obj (.text:decompress:ZI:__TI_zero_init_nomemset:__TI_zero_init_nomemset)
                  000023b6    0000001a                                   : s_copysign.c.obj (.text:copysign)
                  000023d0    00000018                                   : strcmp.c.obj (.text:strcmp)
                  000023e8    0000000e                                   : copy_decompress_none.c.obj (.text:decompress:none:__TI_decompress_none)
                  000023f6    0000000e     startup_msp432p401r_ccs.obj (.text)
                  00002404    00000008     rtsv7M4_T_le_v4SPD16_eabi.lib : errno.c.obj (.text:__aeabi_errno_addr)
                  0000240c    00000004                                   : pre_init.c.obj (.text:_system_pre_init)
                  00002410    00000004                                   : exit.c.obj (.text:abort:abort)

.const     0    00002418    00000078     
                  00002418    00000030     rtsv7M4_T_le_v4SPD16_eabi.lib : e_pow.c.obj (.const:$O1$$)
                  00002448    0000000c     delay.obj (.const:$P$T10$5)
                  00002454    0000000c     delay.obj (.const:$P$T11$6)
                  00002460    0000000c     delay.obj (.const:$P$T6$1)
                  0000246c    0000000c     delay.obj (.const:$P$T7$2)
                  00002478    0000000c     delay.obj (.const:$P$T8$3)
                  00002484    0000000c     delay.obj (.const:$P$T9$4)

.cinit     0    00002490    00000030     
                  00002490    0000000c     (__TI_handler_table)
                  0000249c    0000000b     (.cinit..data.load) [load image, compression = lzss]
                  000024a7    00000001     --HOLE-- [fill = 0]
                  000024a8    00000008     (.cinit..bss.load) [load image, compression = zero_init]
                  000024b0    00000010     (__TI_cinit_table)

.init_array 
*          0    00000000    00000000     UNINITIALIZED

.binit     0    00000000    00000000     

.bss       0    20000000    00000011     UNINITIALIZED
                  20000000    00000008     (.common:di)
                  20000008    00000002     (.common:falling_edge_counter)
                  2000000a    00000002     (.common:got_value)
                  2000000c    00000002     (.common:overflows)
                  2000000e    00000002     (.common:rising_edge_counter)
                  20000010    00000001     (.common:bt)

.data      0    20000014    00000008     UNINITIALIZED
                  20000014    00000004     rtsv7M4_T_le_v4SPD16_eabi.lib : errno.c.obj (.data)
                  20000018    00000004     system_msp432p401r.obj (.data)

.stack     0    2000fe00    00000200     UNINITIALIZED
                  2000fe00    00000004     rtsv7M4_T_le_v4SPD16_eabi.lib : boot_cortex_m.c.obj (.stack)
                  2000fe04    000001fc     --HOLE--

MODULE SUMMARY

       Module                        code   ro data   rw data
       ------                        ----   -------   -------
    ./
       UltraSonicSensor.obj          1228   0         16     
       delay.obj                     788    72        0      
       system_msp432p401r.obj        820    0         8      
       main.obj                      404    0         16     
       Stepper.obj                   268    0         0      
       startup_msp432p401r_ccs.obj   14     228       0      
       bluetooth.obj                 176    0         2      
    +--+-----------------------------+------+---------+---------+
       Total:                        3698   300       42     
                                                             
    /opt/ccstudio/ccs/tools/compiler/ti-cgt-arm_18.12.2.LTS/lib/rtsv7M4_T_le_v4SPD16_eabi.lib
       e_pow.c.obj                   2496   48        0      
       fd_add_t2.asm.obj             438    0         0      
       e_sqrt.c.obj                  344    0         0      
       fd_div_t2.asm.obj             310    0         0      
       s_scalbn.c.obj                272    0         0      
       fd_cmp_t2.asm.obj             268    0         0      
       fd_mul_t2.asm.obj             252    0         0      
       memcpy_t2.asm.obj             156    0         0      
       memset_t2.asm.obj             122    0         0      
       fd_tos_t2.asm.obj             110    0         0      
       copy_decompress_lzss.c.obj    104    0         0      
       fd_toi_t2.asm.obj             72     0         0      
       autoinit.c.obj                68     0         0      
       fs_tod_t2.asm.obj             56     0         0      
       boot_cortex_m.c.obj           52     0         0      
       i_tofd_t2.asm.obj             46     0         0      
       u_tofd_t2.asm.obj             32     0         0      
       copy_zero_init.c.obj          28     0         0      
       s_copysign.c.obj              26     0         0      
       strcmp.c.obj                  24     0         0      
       errno.c.obj                   8      0         8      
       copy_decompress_none.c.obj    14     0         0      
       exit.c.obj                    4      0         0      
       pre_init.c.obj                4      0         0      
    +--+-----------------------------+------+---------+---------+
       Total:                        5306   48        8      
                                                             
       Stack:                        0      0         1024   
       Linker Generated:             0      47        0      
    +--+-----------------------------+------+---------+---------+
       Grand Total:                  9004   395       1074   


LINKER GENERATED COPY TABLES

__TI_cinit_table @ 000024b0 records: 2, size/record: 8, table size: 16
	.data: load addr=0000249c, load size=0000000b bytes, run addr=20000014, run size=00000008 bytes, compression=lzss
	.bss: load addr=000024a8, load size=00000008 bytes, run addr=20000000, run size=00000011 bytes, compression=zero_init


LINKER GENERATED HANDLER TABLE

__TI_handler_table @ 00002490 records: 3, size/record: 4, table size: 12
	index: 0, handler: __TI_decompress_lzss
	index: 1, handler: __TI_decompress_none
	index: 2, handler: __TI_zero_init


GLOBAL SYMBOLS: SORTED ALPHABETICALLY BY Name 

address   name                          
-------   ----                          
00002403  ADC14_IRQHandler              
00002403  AES256_IRQHandler             
00002403  BusFault_Handler              
00002411  C$$EXIT                       
00002403  COMP_E0_IRQHandler            
00002403  COMP_E1_IRQHandler            
00002403  CS_IRQHandler                 
00002403  DMA_ERR_IRQHandler            
00002403  DMA_INT0_IRQHandler           
00002403  DMA_INT1_IRQHandler           
00002403  DMA_INT2_IRQHandler           
00002403  DMA_INT3_IRQHandler           
00002403  DebugMon_Handler              
00002403  Default_Handler               
00001ead  EUSCIA0_IRQHandler            
00001ead  EUSCIA0_IRQHandler            
00002403  EUSCIA1_IRQHandler            
00002403  EUSCIA2_IRQHandler            
00002403  EUSCIA3_IRQHandler            
00002403  EUSCIB0_IRQHandler            
00002403  EUSCIB1_IRQHandler            
00002403  EUSCIB2_IRQHandler            
00002403  EUSCIB3_IRQHandler            
00002403  FLCTL_IRQHandler              
00002403  FPU_IRQHandler                
00002403  HardFault_Handler             
00002403  MemManage_Handler             
00002403  NMI_Handler                   
00002403  PCM_IRQHandler                
00002403  PORT1_IRQHandler              
00002403  PORT2_IRQHandler              
00002403  PORT3_IRQHandler              
00002403  PORT4_IRQHandler              
00002403  PORT5_IRQHandler              
00002403  PORT6_IRQHandler              
00002403  PSS_IRQHandler                
00002403  PendSV_Handler                
00002403  RTC_C_IRQHandler              
000023f7  Reset_Handler                 
00002403  SVC_Handler                   
00002403  SysTick_Handler               
20000018  SystemCoreClock               
00000f71  SystemCoreClockUpdate         
000011e9  SystemInit                    
00002403  T32_INT1_IRQHandler           
00002403  T32_INT2_IRQHandler           
00002403  T32_INTC_IRQHandler           
00000ea9  TA0_0_IRQHandler              
00000ea9  TA0_0_IRQHandler              
00000e5d  TA0_N_IRQHandler              
00000e5d  TA0_N_IRQHandler              
00002403  TA1_0_IRQHandler              
00002403  TA1_N_IRQHandler              
00002403  TA2_0_IRQHandler              
00002403  TA2_N_IRQHandler              
00002403  TA3_0_IRQHandler              
00002403  TA3_N_IRQHandler              
00002403  UsageFault_Handler            
4000480c  WDTCTL_SYM                    
00002403  WDT_A_IRQHandler              
20010000  __STACK_END                   
00000200  __STACK_SIZE                  
000024b0  __TI_CINIT_Base               
000024c0  __TI_CINIT_Limit              
00002490  __TI_Handler_Table_Base       
0000249c  __TI_Handler_Table_Limit      
0000229d  __TI_auto_init_nobinit_nopinit
000021ed  __TI_decompress_lzss          
000023e9  __TI_decompress_none          
ffffffff  __TI_pprof_out_hndl           
ffffffff  __TI_prof_data_size           
ffffffff  __TI_prof_data_start          
00000000  __TI_static_base__            
0000239b  __TI_zero_init_nomemset       
00001ff9  __aeabi_cdcmpeq               
00001ff9  __aeabi_cdcmple               
0000207f  __aeabi_cdrcmple              
0000217f  __aeabi_d2f                   
00002255  __aeabi_d2iz                  
000015c3  __aeabi_dadd                  
00001a5d  __aeabi_ddiv                  
00001db1  __aeabi_dmul                  
000015b9  __aeabi_dsub                  
00002405  __aeabi_errno_addr            
000022e1  __aeabi_f2d                   
0000234d  __aeabi_i2d                   
00002105  __aeabi_memclr                
00002105  __aeabi_memclr4               
00002105  __aeabi_memclr8               
00001f5d  __aeabi_memcpy                
00001f5d  __aeabi_memcpy4               
00001f5d  __aeabi_memcpy8               
00002107  __aeabi_memset                
00002107  __aeabi_memset4               
00002107  __aeabi_memset8               
0000237b  __aeabi_ui2d                  
ffffffff  __binit__                     
ffffffff  __c_args__                    
UNDEFED   __mpu_init                    
2000fe00  __stack                       
00002319  _c_int00_noargs               
00001771  _do                           
UNDEFED   _system_post_cinit            
0000240d  _system_pre_init              
00002411  abort                         
ffffffff  binit                         
20000010  bt                            
000023b7  copysign                      
000023b7  copysignl                     
000014ed  delay_us                      
20000000  di                            
00000ee5  disable_ISR_TIMERA            
00000eb3  enable_ISR_TIMERA             
20000014  errno                         
20000008  falling_edge_counter          
00000bb9  get_distance_cm               
00000cb9  get_distance_cm_max           
00000dd9  get_max_index                 
000017c7  get_revolutions               
00000b65  get_time_high                 
2000000a  got_value                     
00001ed1  init_BT                       
00000aa5  init_ECHO                     
00001ccf  init_Stepper                  
00000e31  init_TA0                      
00000acf  init_TRIGGER                  
00000af9  init_UltraSonicSensor         
00000000  interruptVectors              
00001b95  ldexp                         
00001b95  ldexpl                        
00000c37  linearSort                    
00001803  main                          
00001f5d  memcpy                        
0000210d  memset                        
2000000c  overflows                     
000000e5  pow                           
000000e5  powl                          
00000f07  reset_TimerA                  
00001467  ret_freq_prop                 
2000000e  rising_edge_counter           
00001d41  rotate                        
00001b95  scalbn                        
00001b95  scalbnl                       
00000b47  send_trigger                  
000012e3  set_DCO                       
000012a5  set_clk                       
00001ca5  set_direction                 
00001905  sqrt                          
00001905  sqrtl                         
00001cfd  step                          
000023d1  strcmp                        
00000c17  swap                          


GLOBAL SYMBOLS: SORTED BY Symbol Address 

address   name                          
-------   ----                          
00000000  __TI_static_base__            
00000000  interruptVectors              
000000e5  pow                           
000000e5  powl                          
00000200  __STACK_SIZE                  
00000aa5  init_ECHO                     
00000acf  init_TRIGGER                  
00000af9  init_UltraSonicSensor         
00000b47  send_trigger                  
00000b65  get_time_high                 
00000bb9  get_distance_cm               
00000c17  swap                          
00000c37  linearSort                    
00000cb9  get_distance_cm_max           
00000dd9  get_max_index                 
00000e31  init_TA0                      
00000e5d  TA0_N_IRQHandler              
00000e5d  TA0_N_IRQHandler              
00000ea9  TA0_0_IRQHandler              
00000ea9  TA0_0_IRQHandler              
00000eb3  enable_ISR_TIMERA             
00000ee5  disable_ISR_TIMERA            
00000f07  reset_TimerA                  
00000f71  SystemCoreClockUpdate         
000011e9  SystemInit                    
000012a5  set_clk                       
000012e3  set_DCO                       
00001467  ret_freq_prop                 
000014ed  delay_us                      
000015b9  __aeabi_dsub                  
000015c3  __aeabi_dadd                  
00001771  _do                           
000017c7  get_revolutions               
00001803  main                          
00001905  sqrt                          
00001905  sqrtl                         
00001a5d  __aeabi_ddiv                  
00001b95  ldexp                         
00001b95  ldexpl                        
00001b95  scalbn                        
00001b95  scalbnl                       
00001ca5  set_direction                 
00001ccf  init_Stepper                  
00001cfd  step                          
00001d41  rotate                        
00001db1  __aeabi_dmul                  
00001ead  EUSCIA0_IRQHandler            
00001ead  EUSCIA0_IRQHandler            
00001ed1  init_BT                       
00001f5d  __aeabi_memcpy                
00001f5d  __aeabi_memcpy4               
00001f5d  __aeabi_memcpy8               
00001f5d  memcpy                        
00001ff9  __aeabi_cdcmpeq               
00001ff9  __aeabi_cdcmple               
0000207f  __aeabi_cdrcmple              
00002105  __aeabi_memclr                
00002105  __aeabi_memclr4               
00002105  __aeabi_memclr8               
00002107  __aeabi_memset                
00002107  __aeabi_memset4               
00002107  __aeabi_memset8               
0000210d  memset                        
0000217f  __aeabi_d2f                   
000021ed  __TI_decompress_lzss          
00002255  __aeabi_d2iz                  
0000229d  __TI_auto_init_nobinit_nopinit
000022e1  __aeabi_f2d                   
00002319  _c_int00_noargs               
0000234d  __aeabi_i2d                   
0000237b  __aeabi_ui2d                  
0000239b  __TI_zero_init_nomemset       
000023b7  copysign                      
000023b7  copysignl                     
000023d1  strcmp                        
000023e9  __TI_decompress_none          
000023f7  Reset_Handler                 
00002403  ADC14_IRQHandler              
00002403  AES256_IRQHandler             
00002403  BusFault_Handler              
00002403  COMP_E0_IRQHandler            
00002403  COMP_E1_IRQHandler            
00002403  CS_IRQHandler                 
00002403  DMA_ERR_IRQHandler            
00002403  DMA_INT0_IRQHandler           
00002403  DMA_INT1_IRQHandler           
00002403  DMA_INT2_IRQHandler           
00002403  DMA_INT3_IRQHandler           
00002403  DebugMon_Handler              
00002403  Default_Handler               
00002403  EUSCIA1_IRQHandler            
00002403  EUSCIA2_IRQHandler            
00002403  EUSCIA3_IRQHandler            
00002403  EUSCIB0_IRQHandler            
00002403  EUSCIB1_IRQHandler            
00002403  EUSCIB2_IRQHandler            
00002403  EUSCIB3_IRQHandler            
00002403  FLCTL_IRQHandler              
00002403  FPU_IRQHandler                
00002403  HardFault_Handler             
00002403  MemManage_Handler             
00002403  NMI_Handler                   
00002403  PCM_IRQHandler                
00002403  PORT1_IRQHandler              
00002403  PORT2_IRQHandler              
00002403  PORT3_IRQHandler              
00002403  PORT4_IRQHandler              
00002403  PORT5_IRQHandler              
00002403  PORT6_IRQHandler              
00002403  PSS_IRQHandler                
00002403  PendSV_Handler                
00002403  RTC_C_IRQHandler              
00002403  SVC_Handler                   
00002403  SysTick_Handler               
00002403  T32_INT1_IRQHandler           
00002403  T32_INT2_IRQHandler           
00002403  T32_INTC_IRQHandler           
00002403  TA1_0_IRQHandler              
00002403  TA1_N_IRQHandler              
00002403  TA2_0_IRQHandler              
00002403  TA2_N_IRQHandler              
00002403  TA3_0_IRQHandler              
00002403  TA3_N_IRQHandler              
00002403  UsageFault_Handler            
00002403  WDT_A_IRQHandler              
00002405  __aeabi_errno_addr            
0000240d  _system_pre_init              
00002411  C$$EXIT                       
00002411  abort                         
00002490  __TI_Handler_Table_Base       
0000249c  __TI_Handler_Table_Limit      
000024b0  __TI_CINIT_Base               
000024c0  __TI_CINIT_Limit              
20000000  di                            
20000008  falling_edge_counter          
2000000a  got_value                     
2000000c  overflows                     
2000000e  rising_edge_counter           
20000010  bt                            
20000014  errno                         
20000018  SystemCoreClock               
2000fe00  __stack                       
20010000  __STACK_END                   
4000480c  WDTCTL_SYM                    
ffffffff  __TI_pprof_out_hndl           
ffffffff  __TI_prof_data_size           
ffffffff  __TI_prof_data_start          
ffffffff  __binit__                     
ffffffff  __c_args__                    
ffffffff  binit                         
UNDEFED   __mpu_init                    
UNDEFED   _system_post_cinit            

[152 symbols]
