******************************************************************************
                  TI ARM Linker Unix v18.12.2                  
******************************************************************************
>> Linked Sun Sep 29 19:59:06 2019

OUTPUT FILE NAME:   <LCD.out>
ENTRY POINT SYMBOL: "_c_int00_noargs"  address: 00000a91


MEMORY CONFIGURATION

         name            origin    length      used     unused   attr    fill
----------------------  --------  ---------  --------  --------  ----  --------
  MAIN                  00000000   00040000  00000ba0  0003f460  R  X
  INFO                  00200000   00004000  00000000  00004000  R  X
  SRAM_CODE             01000000   00010000  00000204  0000fdfc  RW X
  SRAM_DATA             20000000   00010000  00000204  0000fdfc  RW  


SEGMENT ALLOCATION MAP

run origin  load origin   length   init length attrs members
----------  ----------- ---------- ----------- ----- -------
00000000    00000000    00000ba0   00000ba0    r-x
  00000000    00000000    000000e4   000000e4    r-- .intvecs
  000000e4    000000e4    00000a04   00000a04    r-x .text
  00000ae8    00000ae8    000000a0   000000a0    r-- .const
  00000b88    00000b88    00000018   00000018    r-- .cinit
20000000    20000000    00000004   00000000    rw-
  20000000    20000000    00000004   00000000    rw- .data
2000fe00    2000fe00    00000200   00000000    rw-
  2000fe00    2000fe00    00000200   00000000    rw- .stack


SECTION ALLOCATION MAP

 output                                  attributes/
section   page    origin      length       input sections
--------  ----  ----------  ----------   ----------------
.intvecs   0    00000000    000000e4     
                  00000000    000000e4     startup_msp432p401r_ccs.obj (.intvecs:retain)

.text      0    000000e4    00000a04     
                  000000e4    00000334     system_msp432p401r.obj (.text)
                  00000418    000002c8     delay.obj (.text)
                  000006e0    00000268     main.obj (.text)
                  00000948    0000009c     rtsv7M4_T_le_v4SPD16_eabi.lib : memcpy_t2.asm.obj (.text)
                  000009e4    00000068                                   : copy_decompress_lzss.c.obj (.text:decompress:lzss:__TI_decompress_lzss)
                  00000a4c    00000044                                   : autoinit.c.obj (.text:__TI_auto_init_nobinit_nopinit:__TI_auto_init_nobinit_nopinit)
                  00000a90    00000034                                   : boot_cortex_m.c.obj (.text:_c_int00_noargs:_c_int00_noargs)
                  00000ac4    0000000e                                   : copy_decompress_none.c.obj (.text:decompress:none:__TI_decompress_none)
                  00000ad2    0000000e     startup_msp432p401r_ccs.obj (.text)
                  00000ae0    00000004     rtsv7M4_T_le_v4SPD16_eabi.lib : pre_init.c.obj (.text:_system_pre_init)
                  00000ae4    00000004                                   : exit.c.obj (.text:abort:abort)

.const     0    00000ae8    000000a0     
                  00000ae8    00000028     main.obj (.const:$P$T3$4)
                  00000b10    00000010     main.obj (.const:$P$T0$1)
                  00000b20    00000010     main.obj (.const:$P$T1$2)
                  00000b30    00000010     main.obj (.const:$P$T2$3)
                  00000b40    0000000c     delay.obj (.const:$P$T10$5)
                  00000b4c    0000000c     delay.obj (.const:$P$T11$6)
                  00000b58    0000000c     delay.obj (.const:$P$T6$1)
                  00000b64    0000000c     delay.obj (.const:$P$T7$2)
                  00000b70    0000000c     delay.obj (.const:$P$T8$3)
                  00000b7c    0000000c     delay.obj (.const:$P$T9$4)

.cinit     0    00000b88    00000018     
                  00000b88    00000008     (.cinit..data.load) [load image, compression = lzss]
                  00000b90    00000008     (__TI_handler_table)
                  00000b98    00000008     (__TI_cinit_table)

.init_array 
*          0    00000000    00000000     UNINITIALIZED

.binit     0    00000000    00000000     

.data      0    20000000    00000004     UNINITIALIZED
                  20000000    00000004     system_msp432p401r.obj (.data)

.stack     0    2000fe00    00000200     UNINITIALIZED
                  2000fe00    00000004     rtsv7M4_T_le_v4SPD16_eabi.lib : boot_cortex_m.c.obj (.stack)
                  2000fe04    000001fc     --HOLE--

MODULE SUMMARY

       Module                        code   ro data   rw data
       ------                        ----   -------   -------
    ./
       system_msp432p401r.obj        820    0         8      
       delay.obj                     712    72        0      
       main.obj                      616    88        0      
       startup_msp432p401r_ccs.obj   14     228       0      
    +--+-----------------------------+------+---------+---------+
       Total:                        2162   388       8      
                                                             
    /opt/ccstudio/ccs/tools/compiler/ti-cgt-arm_18.12.2.LTS/lib/rtsv7M4_T_le_v4SPD16_eabi.lib
       memcpy_t2.asm.obj             156    0         0      
       copy_decompress_lzss.c.obj    104    0         0      
       autoinit.c.obj                68     0         0      
       boot_cortex_m.c.obj           52     0         0      
       copy_decompress_none.c.obj    14     0         0      
       exit.c.obj                    4      0         0      
       pre_init.c.obj                4      0         0      
    +--+-----------------------------+------+---------+---------+
       Total:                        402    0         0      
                                                             
       Stack:                        0      0         1024   
       Linker Generated:             0      24        0      
    +--+-----------------------------+------+---------+---------+
       Grand Total:                  2564   412       1032   


LINKER GENERATED COPY TABLES

__TI_cinit_table @ 00000b98 records: 1, size/record: 8, table size: 8
	.data: load addr=00000b88, load size=00000008 bytes, run addr=20000000, run size=00000004 bytes, compression=lzss


LINKER GENERATED HANDLER TABLE

__TI_handler_table @ 00000b90 records: 2, size/record: 4, table size: 8
	index: 0, handler: __TI_decompress_lzss
	index: 1, handler: __TI_decompress_none


GLOBAL SYMBOLS: SORTED ALPHABETICALLY BY Name 

address   name                          
-------   ----                          
00000adf  ADC14_IRQHandler              
00000adf  AES256_IRQHandler             
00000adf  BusFault_Handler              
00000ae5  C$$EXIT                       
00000adf  COMP_E0_IRQHandler            
00000adf  COMP_E1_IRQHandler            
00000adf  CS_IRQHandler                 
000007f9  Clear_LCD                     
00000adf  DMA_ERR_IRQHandler            
00000adf  DMA_INT0_IRQHandler           
00000adf  DMA_INT1_IRQHandler           
00000adf  DMA_INT2_IRQHandler           
00000adf  DMA_INT3_IRQHandler           
00000adf  DebugMon_Handler              
00000adf  Default_Handler               
00000adf  EUSCIA0_IRQHandler            
00000adf  EUSCIA1_IRQHandler            
00000adf  EUSCIA2_IRQHandler            
00000adf  EUSCIA3_IRQHandler            
00000adf  EUSCIB0_IRQHandler            
00000adf  EUSCIB1_IRQHandler            
00000adf  EUSCIB2_IRQHandler            
00000adf  EUSCIB3_IRQHandler            
0000081d  Entry_mode_set                
00000adf  FLCTL_IRQHandler              
00000adf  FPU_IRQHandler                
00000adf  HardFault_Handler             
0000088b  Home_LCD                      
00000841  Init_LCD                      
00000adf  MemManage_Handler             
00000adf  NMI_Handler                   
00000adf  PCM_IRQHandler                
00000adf  PORT1_IRQHandler              
00000adf  PORT2_IRQHandler              
00000adf  PORT3_IRQHandler              
00000adf  PORT4_IRQHandler              
00000adf  PORT5_IRQHandler              
00000adf  PORT6_IRQHandler              
00000adf  PSS_IRQHandler                
00000adf  PendSV_Handler                
00000adf  RTC_C_IRQHandler              
00000ad3  Reset_Handler                 
00000adf  SVC_Handler                   
00000adf  SysTick_Handler               
20000000  SystemCoreClock               
000000e5  SystemCoreClockUpdate         
0000035d  SystemInit                    
00000adf  T32_INT1_IRQHandler           
00000adf  T32_INT2_IRQHandler           
00000adf  T32_INTC_IRQHandler           
00000adf  TA0_0_IRQHandler              
00000adf  TA0_N_IRQHandler              
00000adf  TA1_0_IRQHandler              
00000adf  TA1_N_IRQHandler              
00000adf  TA2_0_IRQHandler              
00000adf  TA2_N_IRQHandler              
00000adf  TA3_0_IRQHandler              
00000adf  TA3_N_IRQHandler              
00000adf  UsageFault_Handler            
4000480c  WDTCTL_SYM                    
00000adf  WDT_A_IRQHandler              
0000088d  Write_char_LCD                
00000901  Write_string_LCD              
20010000  __STACK_END                   
00000200  __STACK_SIZE                  
00000b98  __TI_CINIT_Base               
00000ba0  __TI_CINIT_Limit              
00000b90  __TI_Handler_Table_Base       
00000b98  __TI_Handler_Table_Limit      
00000a4d  __TI_auto_init_nobinit_nopinit
000009e5  __TI_decompress_lzss          
00000ac5  __TI_decompress_none          
ffffffff  __TI_pprof_out_hndl           
ffffffff  __TI_prof_data_size           
ffffffff  __TI_prof_data_start          
00000000  __TI_static_base__            
00000949  __aeabi_memcpy                
00000949  __aeabi_memcpy4               
00000949  __aeabi_memcpy8               
ffffffff  __binit__                     
ffffffff  __c_args__                    
UNDEFED   __mpu_init                    
2000fe00  __stack                       
00000a91  _c_int00_noargs               
UNDEFED   _system_post_cinit            
00000ae1  _system_pre_init              
00000ae5  abort                         
ffffffff  binit                         
00000623  delay_us                      
000007d5  display_ON_OFF_CTRL           
00000000  interruptVectors              
00000903  main                          
00000949  memcpy                        
0000059d  ret_freq_prop                 
00000419  set_DCO                       
0000071f  set_LCD                       
000006e1  set_outputs                   


GLOBAL SYMBOLS: SORTED BY Symbol Address 

address   name                          
-------   ----                          
00000000  __TI_static_base__            
00000000  interruptVectors              
000000e5  SystemCoreClockUpdate         
00000200  __STACK_SIZE                  
0000035d  SystemInit                    
00000419  set_DCO                       
0000059d  ret_freq_prop                 
00000623  delay_us                      
000006e1  set_outputs                   
0000071f  set_LCD                       
000007d5  display_ON_OFF_CTRL           
000007f9  Clear_LCD                     
0000081d  Entry_mode_set                
00000841  Init_LCD                      
0000088b  Home_LCD                      
0000088d  Write_char_LCD                
00000901  Write_string_LCD              
00000903  main                          
00000949  __aeabi_memcpy                
00000949  __aeabi_memcpy4               
00000949  __aeabi_memcpy8               
00000949  memcpy                        
000009e5  __TI_decompress_lzss          
00000a4d  __TI_auto_init_nobinit_nopinit
00000a91  _c_int00_noargs               
00000ac5  __TI_decompress_none          
00000ad3  Reset_Handler                 
00000adf  ADC14_IRQHandler              
00000adf  AES256_IRQHandler             
00000adf  BusFault_Handler              
00000adf  COMP_E0_IRQHandler            
00000adf  COMP_E1_IRQHandler            
00000adf  CS_IRQHandler                 
00000adf  DMA_ERR_IRQHandler            
00000adf  DMA_INT0_IRQHandler           
00000adf  DMA_INT1_IRQHandler           
00000adf  DMA_INT2_IRQHandler           
00000adf  DMA_INT3_IRQHandler           
00000adf  DebugMon_Handler              
00000adf  Default_Handler               
00000adf  EUSCIA0_IRQHandler            
00000adf  EUSCIA1_IRQHandler            
00000adf  EUSCIA2_IRQHandler            
00000adf  EUSCIA3_IRQHandler            
00000adf  EUSCIB0_IRQHandler            
00000adf  EUSCIB1_IRQHandler            
00000adf  EUSCIB2_IRQHandler            
00000adf  EUSCIB3_IRQHandler            
00000adf  FLCTL_IRQHandler              
00000adf  FPU_IRQHandler                
00000adf  HardFault_Handler             
00000adf  MemManage_Handler             
00000adf  NMI_Handler                   
00000adf  PCM_IRQHandler                
00000adf  PORT1_IRQHandler              
00000adf  PORT2_IRQHandler              
00000adf  PORT3_IRQHandler              
00000adf  PORT4_IRQHandler              
00000adf  PORT5_IRQHandler              
00000adf  PORT6_IRQHandler              
00000adf  PSS_IRQHandler                
00000adf  PendSV_Handler                
00000adf  RTC_C_IRQHandler              
00000adf  SVC_Handler                   
00000adf  SysTick_Handler               
00000adf  T32_INT1_IRQHandler           
00000adf  T32_INT2_IRQHandler           
00000adf  T32_INTC_IRQHandler           
00000adf  TA0_0_IRQHandler              
00000adf  TA0_N_IRQHandler              
00000adf  TA1_0_IRQHandler              
00000adf  TA1_N_IRQHandler              
00000adf  TA2_0_IRQHandler              
00000adf  TA2_N_IRQHandler              
00000adf  TA3_0_IRQHandler              
00000adf  TA3_N_IRQHandler              
00000adf  UsageFault_Handler            
00000adf  WDT_A_IRQHandler              
00000ae1  _system_pre_init              
00000ae5  C$$EXIT                       
00000ae5  abort                         
00000b90  __TI_Handler_Table_Base       
00000b98  __TI_CINIT_Base               
00000b98  __TI_Handler_Table_Limit      
00000ba0  __TI_CINIT_Limit              
20000000  SystemCoreClock               
2000fe00  __stack                       
20010000  __STACK_END                   
4000480c  WDTCTL_SYM                    
ffffffff  __TI_pprof_out_hndl           
ffffffff  __TI_prof_data_size           
ffffffff  __TI_prof_data_start          
ffffffff  __binit__                     
ffffffff  __c_args__                    
ffffffff  binit                         
UNDEFED   __mpu_init                    
UNDEFED   _system_post_cinit            

[97 symbols]
