******************************************************************************
                  TI ARM Linker Unix v18.12.2                  
******************************************************************************
>> Linked Tue Oct  8 10:18:14 2019

OUTPUT FILE NAME:   <LCD.out>
ENTRY POINT SYMBOL: "_c_int00_noargs"  address: 00000ae1


MEMORY CONFIGURATION

         name            origin    length      used     unused   attr    fill
----------------------  --------  ---------  --------  --------  ----  --------
  MAIN                  00000000   00040000  00000c3e  0003f3c2  R  X
  INFO                  00200000   00004000  00000000  00004000  R  X
  SRAM_CODE             01000000   00010000  00000204  0000fdfc  RW X
  SRAM_DATA             20000000   00010000  00000204  0000fdfc  RW  


SEGMENT ALLOCATION MAP

run origin  load origin   length   init length attrs members
----------  ----------- ---------- ----------- ----- -------
00000000    00000000    00000c40   00000c40    r-x
  00000000    00000000    000000e4   000000e4    r-- .intvecs
  000000e4    000000e4    00000a82   00000a82    r-x .text
  00000b68    00000b68    000000c0   000000c0    r-- .const
  00000c28    00000c28    00000018   00000018    r-- .cinit
20000000    20000000    00000004   00000000    rw-
  20000000    20000000    00000004   00000000    rw- .data
2000fe00    2000fe00    00000200   00000000    rw-
  2000fe00    2000fe00    00000200   00000000    rw- .stack


SECTION ALLOCATION MAP

 output                                  attributes/
section   page    origin      length       input sections
--------  ----  ----------  ----------   ----------------
.intvecs   0    00000000    000000e4     
                  00000000    000000e4     startup_msp432p401r_ccs.obj (.intvecs:retain)

.text      0    000000e4    00000a82     
                  000000e4    00000334     system_msp432p401r.obj (.text)
                  00000418    000002c8     delay.obj (.text)
                  000006e0    000002b8     LCD.obj (.text)
                  00000998    0000009c     rtsv7M4_T_le_v4SPD16_eabi.lib : memcpy_t2.asm.obj (.text)
                  00000a34    00000068                                   : copy_decompress_lzss.c.obj (.text:decompress:lzss:__TI_decompress_lzss)
                  00000a9c    00000044                                   : autoinit.c.obj (.text:__TI_auto_init_nobinit_nopinit:__TI_auto_init_nobinit_nopinit)
                  00000ae0    00000034                                   : boot_cortex_m.c.obj (.text:_c_int00_noargs:_c_int00_noargs)
                  00000b14    0000001a     main.obj (.text)
                  00000b2e    00000014     rtsv7M4_T_le_v4SPD16_eabi.lib : strlen.c.obj (.text:strlen)
                  00000b42    0000000e                                   : copy_decompress_none.c.obj (.text:decompress:none:__TI_decompress_none)
                  00000b50    0000000e     startup_msp432p401r_ccs.obj (.text)
                  00000b5e    00000004     rtsv7M4_T_le_v4SPD16_eabi.lib : pre_init.c.obj (.text:_system_pre_init)
                  00000b62    00000004                                   : exit.c.obj (.text:abort:abort)

.const     0    00000b68    000000c0     
                  00000b68    00000028     LCD.obj (.const:$P$T3$4)
                  00000b90    00000010     LCD.obj (.const:$P$T0$1)
                  00000ba0    00000010     LCD.obj (.const:$P$T1$2)
                  00000bb0    00000010     LCD.obj (.const:$P$T2$3)
                  00000bc0    00000010     LCD.obj (.const:$P$T4$5)
                  00000bd0    00000010     LCD.obj (.const:$P$T5$6)
                  00000be0    0000000c     delay.obj (.const:$P$T10$5)
                  00000bec    0000000c     delay.obj (.const:$P$T11$6)
                  00000bf8    0000000c     delay.obj (.const:$P$T6$1)
                  00000c04    0000000c     delay.obj (.const:$P$T7$2)
                  00000c10    0000000c     delay.obj (.const:$P$T8$3)
                  00000c1c    0000000c     delay.obj (.const:$P$T9$4)

.cinit     0    00000c28    00000018     
                  00000c28    00000008     (.cinit..data.load) [load image, compression = lzss]
                  00000c30    00000008     (__TI_handler_table)
                  00000c38    00000008     (__TI_cinit_table)

.init_array 
*          0    00000000    00000000     UNINITIALIZED

.binit     0    00000000    00000000     

.data      0    20000000    00000004     UNINITIALIZED
                  20000000    00000004     system_msp432p401r.obj (.data)

.stack     0    2000fe00    00000200     UNINITIALIZED
                  2000fe00    00000004     rtsv7M4_T_le_v4SPD16_eabi.lib : boot_cortex_m.c.obj (.stack)
                  2000fe04    000001fc     --HOLE--

MODULE SUMMARY

       Module                        code   ro data   rw data
       ------                        ----   -------   -------
    ./
       system_msp432p401r.obj        820    0         8      
       LCD.obj                       696    120       0      
       delay.obj                     712    72        0      
       startup_msp432p401r_ccs.obj   14     228       0      
       main.obj                      26     0         0      
    +--+-----------------------------+------+---------+---------+
       Total:                        2268   420       8      
                                                             
    /opt/ccstudio/ccs/tools/compiler/ti-cgt-arm_18.12.2.LTS/lib/rtsv7M4_T_le_v4SPD16_eabi.lib
       memcpy_t2.asm.obj             156    0         0      
       copy_decompress_lzss.c.obj    104    0         0      
       autoinit.c.obj                68     0         0      
       boot_cortex_m.c.obj           52     0         0      
       strlen.c.obj                  20     0         0      
       copy_decompress_none.c.obj    14     0         0      
       exit.c.obj                    4      0         0      
       pre_init.c.obj                4      0         0      
    +--+-----------------------------+------+---------+---------+
       Total:                        422    0         0      
                                                             
       Stack:                        0      0         1024   
       Linker Generated:             0      24        0      
    +--+-----------------------------+------+---------+---------+
       Grand Total:                  2690   444       1032   


LINKER GENERATED COPY TABLES

__TI_cinit_table @ 00000c38 records: 1, size/record: 8, table size: 8
	.data: load addr=00000c28, load size=00000008 bytes, run addr=20000000, run size=00000004 bytes, compression=lzss


LINKER GENERATED HANDLER TABLE

__TI_handler_table @ 00000c30 records: 2, size/record: 4, table size: 8
	index: 0, handler: __TI_decompress_lzss
	index: 1, handler: __TI_decompress_none


GLOBAL SYMBOLS: SORTED ALPHABETICALLY BY Name 

address   name                          
-------   ----                          
00000b5d  ADC14_IRQHandler              
00000b5d  AES256_IRQHandler             
00000b5d  BusFault_Handler              
00000b63  C$$EXIT                       
00000b5d  COMP_E0_IRQHandler            
00000b5d  COMP_E1_IRQHandler            
00000b5d  CS_IRQHandler                 
000007d1  Clear_LCD                     
00000b5d  DMA_ERR_IRQHandler            
00000b5d  DMA_INT0_IRQHandler           
00000b5d  DMA_INT1_IRQHandler           
00000b5d  DMA_INT2_IRQHandler           
00000b5d  DMA_INT3_IRQHandler           
00000b5d  DebugMon_Handler              
00000b5d  Default_Handler               
00000b5d  EUSCIA0_IRQHandler            
00000b5d  EUSCIA1_IRQHandler            
00000b5d  EUSCIA2_IRQHandler            
00000b5d  EUSCIA3_IRQHandler            
00000b5d  EUSCIB0_IRQHandler            
00000b5d  EUSCIB1_IRQHandler            
00000b5d  EUSCIB2_IRQHandler            
00000b5d  EUSCIB3_IRQHandler            
000007f5  Entry_mode_set                
00000b5d  FLCTL_IRQHandler              
00000b5d  FPU_IRQHandler                
00000b5d  HardFault_Handler             
00000869  Home_LCD                      
0000081b  Init_LCD                      
00000b5d  MemManage_Handler             
00000b5d  NMI_Handler                   
00000b5d  PCM_IRQHandler                
00000b5d  PORT1_IRQHandler              
00000b5d  PORT2_IRQHandler              
00000b5d  PORT3_IRQHandler              
00000b5d  PORT4_IRQHandler              
00000b5d  PORT5_IRQHandler              
00000b5d  PORT6_IRQHandler              
00000b5d  PSS_IRQHandler                
00000b5d  PendSV_Handler                
00000b5d  RTC_C_IRQHandler              
00000b51  Reset_Handler                 
00000b5d  SVC_Handler                   
00000b5d  SysTick_Handler               
20000000  SystemCoreClock               
000000e5  SystemCoreClockUpdate         
0000035d  SystemInit                    
00000b5d  T32_INT1_IRQHandler           
00000b5d  T32_INT2_IRQHandler           
00000b5d  T32_INTC_IRQHandler           
00000b5d  TA0_0_IRQHandler              
00000b5d  TA0_N_IRQHandler              
00000b5d  TA1_0_IRQHandler              
00000b5d  TA1_N_IRQHandler              
00000b5d  TA2_0_IRQHandler              
00000b5d  TA2_N_IRQHandler              
00000b5d  TA3_0_IRQHandler              
00000b5d  TA3_N_IRQHandler              
00000b5d  UsageFault_Handler            
4000480c  WDTCTL_SYM                    
00000b5d  WDT_A_IRQHandler              
00000891  Write_char_LCD                
0000091f  Write_string_LCD              
20010000  __STACK_END                   
00000200  __STACK_SIZE                  
00000c38  __TI_CINIT_Base               
00000c40  __TI_CINIT_Limit              
00000c30  __TI_Handler_Table_Base       
00000c38  __TI_Handler_Table_Limit      
00000a9d  __TI_auto_init_nobinit_nopinit
00000a35  __TI_decompress_lzss          
00000b43  __TI_decompress_none          
ffffffff  __TI_pprof_out_hndl           
ffffffff  __TI_prof_data_size           
ffffffff  __TI_prof_data_start          
00000000  __TI_static_base__            
00000999  __aeabi_memcpy                
00000999  __aeabi_memcpy4               
00000999  __aeabi_memcpy8               
ffffffff  __binit__                     
ffffffff  __c_args__                    
UNDEFED   __mpu_init                    
2000fe00  __stack                       
00000ae1  _c_int00_noargs               
UNDEFED   _system_post_cinit            
00000b5f  _system_pre_init              
00000b63  abort                         
ffffffff  binit                         
00000623  delay_us                      
000007ad  display_ON_OFF_CTRL           
00000000  interruptVectors              
00000b15  main                          
00000999  memcpy                        
0000094b  next_line_pos                 
0000059d  ret_freq_prop                 
00000419  set_DCO                       
000006f7  set_LCD                       
000006e1  set_outputs                   
00000b2f  strlen                        


GLOBAL SYMBOLS: SORTED BY Symbol Address 

address   name                          
-------   ----                          
00000000  __TI_static_base__            
00000000  interruptVectors              
000000e5  SystemCoreClockUpdate         
00000200  __STACK_SIZE                  
0000035d  SystemInit                    
00000419  set_DCO                       
0000059d  ret_freq_prop                 
00000623  delay_us                      
000006e1  set_outputs                   
000006f7  set_LCD                       
000007ad  display_ON_OFF_CTRL           
000007d1  Clear_LCD                     
000007f5  Entry_mode_set                
0000081b  Init_LCD                      
00000869  Home_LCD                      
00000891  Write_char_LCD                
0000091f  Write_string_LCD              
0000094b  next_line_pos                 
00000999  __aeabi_memcpy                
00000999  __aeabi_memcpy4               
00000999  __aeabi_memcpy8               
00000999  memcpy                        
00000a35  __TI_decompress_lzss          
00000a9d  __TI_auto_init_nobinit_nopinit
00000ae1  _c_int00_noargs               
00000b15  main                          
00000b2f  strlen                        
00000b43  __TI_decompress_none          
00000b51  Reset_Handler                 
00000b5d  ADC14_IRQHandler              
00000b5d  AES256_IRQHandler             
00000b5d  BusFault_Handler              
00000b5d  COMP_E0_IRQHandler            
00000b5d  COMP_E1_IRQHandler            
00000b5d  CS_IRQHandler                 
00000b5d  DMA_ERR_IRQHandler            
00000b5d  DMA_INT0_IRQHandler           
00000b5d  DMA_INT1_IRQHandler           
00000b5d  DMA_INT2_IRQHandler           
00000b5d  DMA_INT3_IRQHandler           
00000b5d  DebugMon_Handler              
00000b5d  Default_Handler               
00000b5d  EUSCIA0_IRQHandler            
00000b5d  EUSCIA1_IRQHandler            
00000b5d  EUSCIA2_IRQHandler            
00000b5d  EUSCIA3_IRQHandler            
00000b5d  EUSCIB0_IRQHandler            
00000b5d  EUSCIB1_IRQHandler            
00000b5d  EUSCIB2_IRQHandler            
00000b5d  EUSCIB3_IRQHandler            
00000b5d  FLCTL_IRQHandler              
00000b5d  FPU_IRQHandler                
00000b5d  HardFault_Handler             
00000b5d  MemManage_Handler             
00000b5d  NMI_Handler                   
00000b5d  PCM_IRQHandler                
00000b5d  PORT1_IRQHandler              
00000b5d  PORT2_IRQHandler              
00000b5d  PORT3_IRQHandler              
00000b5d  PORT4_IRQHandler              
00000b5d  PORT5_IRQHandler              
00000b5d  PORT6_IRQHandler              
00000b5d  PSS_IRQHandler                
00000b5d  PendSV_Handler                
00000b5d  RTC_C_IRQHandler              
00000b5d  SVC_Handler                   
00000b5d  SysTick_Handler               
00000b5d  T32_INT1_IRQHandler           
00000b5d  T32_INT2_IRQHandler           
00000b5d  T32_INTC_IRQHandler           
00000b5d  TA0_0_IRQHandler              
00000b5d  TA0_N_IRQHandler              
00000b5d  TA1_0_IRQHandler              
00000b5d  TA1_N_IRQHandler              
00000b5d  TA2_0_IRQHandler              
00000b5d  TA2_N_IRQHandler              
00000b5d  TA3_0_IRQHandler              
00000b5d  TA3_N_IRQHandler              
00000b5d  UsageFault_Handler            
00000b5d  WDT_A_IRQHandler              
00000b5f  _system_pre_init              
00000b63  C$$EXIT                       
00000b63  abort                         
00000c30  __TI_Handler_Table_Base       
00000c38  __TI_CINIT_Base               
00000c38  __TI_Handler_Table_Limit      
00000c40  __TI_CINIT_Limit              
20000000  SystemCoreClock               
2000fe00  __stack                       
20010000  __STACK_END                   
4000480c  WDTCTL_SYM                    
ffffffff  __TI_pprof_out_hndl           
ffffffff  __TI_prof_data_size           
ffffffff  __TI_prof_data_start          
ffffffff  __binit__                     
ffffffff  __c_args__                    
ffffffff  binit                         
UNDEFED   __mpu_init                    
UNDEFED   _system_post_cinit            

[99 symbols]
