******************************************************************************
                  TI ARM Linker Unix v18.12.2                  
******************************************************************************
>> Linked Sun Sep 29 00:21:05 2019

OUTPUT FILE NAME:   <LCD.out>
ENTRY POINT SYMBOL: "_c_int00_noargs"  address: 00000a71


MEMORY CONFIGURATION

         name            origin    length      used     unused   attr    fill
----------------------  --------  ---------  --------  --------  ----  --------
  MAIN                  00000000   00040000  00000b80  0003f480  R  X
  INFO                  00200000   00004000  00000000  00004000  R  X
  SRAM_CODE             01000000   00010000  00000204  0000fdfc  RW X
  SRAM_DATA             20000000   00010000  00000204  0000fdfc  RW  


SEGMENT ALLOCATION MAP

run origin  load origin   length   init length attrs members
----------  ----------- ---------- ----------- ----- -------
00000000    00000000    00000b80   00000b80    r-x
  00000000    00000000    000000e4   000000e4    r-- .intvecs
  000000e4    000000e4    000009e4   000009e4    r-x .text
  00000ac8    00000ac8    000000a0   000000a0    r-- .const
  00000b68    00000b68    00000018   00000018    r-- .cinit
20000000    20000000    00000004   00000000    rw-
  20000000    20000000    00000004   00000000    rw- .data
2000fe00    2000fe00    00000200   00000000    rw-
  2000fe00    2000fe00    00000200   00000000    rw- .stack


SECTION ALLOCATION MAP

 output                                  attributes/
section   page    origin      length       input sections
--------  ----  ----------  ----------   ----------------
.intvecs   0    00000000    000000e4     
                  00000000    000000e4     startup_msp432p401r_ccs.obj (.intvecs:retain)

.text      0    000000e4    000009e4     
                  000000e4    00000510     main.obj (.text)
                  000005f4    00000334     system_msp432p401r.obj (.text)
                  00000928    0000009c     rtsv7M4_T_le_v4SPD16_eabi.lib : memcpy_t2.asm.obj (.text)
                  000009c4    00000068                                   : copy_decompress_lzss.c.obj (.text:decompress:lzss:__TI_decompress_lzss)
                  00000a2c    00000044                                   : autoinit.c.obj (.text:__TI_auto_init_nobinit_nopinit:__TI_auto_init_nobinit_nopinit)
                  00000a70    00000034                                   : boot_cortex_m.c.obj (.text:_c_int00_noargs:_c_int00_noargs)
                  00000aa4    0000000e                                   : copy_decompress_none.c.obj (.text:decompress:none:__TI_decompress_none)
                  00000ab2    0000000e     startup_msp432p401r_ccs.obj (.text)
                  00000ac0    00000004     rtsv7M4_T_le_v4SPD16_eabi.lib : pre_init.c.obj (.text:_system_pre_init)
                  00000ac4    00000004                                   : exit.c.obj (.text:abort:abort)

.const     0    00000ac8    000000a0     
                  00000ac8    00000028     main.obj (.const:$P$T15$10)
                  00000af0    00000010     main.obj (.const:$P$T12$7)
                  00000b00    00000010     main.obj (.const:$P$T13$8)
                  00000b10    00000010     main.obj (.const:$P$T14$9)
                  00000b20    0000000c     main.obj (.const:$P$T10$5)
                  00000b2c    0000000c     main.obj (.const:$P$T11$6)
                  00000b38    0000000c     main.obj (.const:$P$T6$1)
                  00000b44    0000000c     main.obj (.const:$P$T7$2)
                  00000b50    0000000c     main.obj (.const:$P$T8$3)
                  00000b5c    0000000c     main.obj (.const:$P$T9$4)

.cinit     0    00000b68    00000018     
                  00000b68    00000008     (.cinit..data.load) [load image, compression = lzss]
                  00000b70    00000008     (__TI_handler_table)
                  00000b78    00000008     (__TI_cinit_table)

.init_array 
*          0    00000000    00000000     UNINITIALIZED

.binit     0    00000000    00000000     

.data      0    20000000    00000004     UNINITIALIZED
                  20000000    00000004     system_msp432p401r.obj (.data)

.stack     0    2000fe00    00000200     UNINITIALIZED
                  2000fe00    00000004     rtsv7M4_T_le_v4SPD16_eabi.lib : boot_cortex_m.c.obj (.stack)
                  2000fe04    000001fc     --HOLE--

MODULE SUMMARY

       Module                        code   ro data   rw data
       ------                        ----   -------   -------
    ./
       main.obj                      1296   160       0      
       system_msp432p401r.obj        820    0         8      
       startup_msp432p401r_ccs.obj   14     228       0      
    +--+-----------------------------+------+---------+---------+
       Total:                        2130   388       8      
                                                             
    /opt/ccstudio/ccs/tools/compiler/ti-cgt-arm_18.12.2.LTS/lib/rtsv7M4_T_le_v4SPD16_eabi.lib
       memcpy_t2.asm.obj             156    0         0      
       copy_decompress_lzss.c.obj    104    0         0      
       autoinit.c.obj                68     0         0      
       boot_cortex_m.c.obj           52     0         0      
       copy_decompress_none.c.obj    14     0         0      
       exit.c.obj                    4      0         0      
       pre_init.c.obj                4      0         0      
    +--+-----------------------------+------+---------+---------+
       Total:                        402    0         0      
                                                             
       Stack:                        0      0         1024   
       Linker Generated:             0      24        0      
    +--+-----------------------------+------+---------+---------+
       Grand Total:                  2532   412       1032   


LINKER GENERATED COPY TABLES

__TI_cinit_table @ 00000b78 records: 1, size/record: 8, table size: 8
	.data: load addr=00000b68, load size=00000008 bytes, run addr=20000000, run size=00000004 bytes, compression=lzss


LINKER GENERATED HANDLER TABLE

__TI_handler_table @ 00000b70 records: 2, size/record: 4, table size: 8
	index: 0, handler: __TI_decompress_lzss
	index: 1, handler: __TI_decompress_none


GLOBAL SYMBOLS: SORTED ALPHABETICALLY BY Name 

address   name                          
-------   ----                          
00000abf  ADC14_IRQHandler              
00000abf  AES256_IRQHandler             
00000abf  BusFault_Handler              
00000ac5  C$$EXIT                       
00000abf  COMP_E0_IRQHandler            
00000abf  COMP_E1_IRQHandler            
00000abf  CS_IRQHandler                 
0000048b  Clear_LCD                     
00000abf  DMA_ERR_IRQHandler            
00000abf  DMA_INT0_IRQHandler           
00000abf  DMA_INT1_IRQHandler           
00000abf  DMA_INT2_IRQHandler           
00000abf  DMA_INT3_IRQHandler           
00000abf  DebugMon_Handler              
00000abf  Default_Handler               
00000abf  EUSCIA0_IRQHandler            
00000abf  EUSCIA1_IRQHandler            
00000abf  EUSCIA2_IRQHandler            
00000abf  EUSCIA3_IRQHandler            
00000abf  EUSCIB0_IRQHandler            
00000abf  EUSCIB1_IRQHandler            
00000abf  EUSCIB2_IRQHandler            
00000abf  EUSCIB3_IRQHandler            
000004af  Entry_mode_set                
00000abf  FLCTL_IRQHandler              
00000abf  FPU_IRQHandler                
00000abf  HardFault_Handler             
0000052f  Home_LCD                      
000004e5  Init_LCD                      
00000abf  MemManage_Handler             
00000abf  NMI_Handler                   
00000abf  PCM_IRQHandler                
00000abf  PORT1_IRQHandler              
00000abf  PORT2_IRQHandler              
00000abf  PORT3_IRQHandler              
00000abf  PORT4_IRQHandler              
00000abf  PORT5_IRQHandler              
00000abf  PORT6_IRQHandler              
00000abf  PSS_IRQHandler                
00000abf  PendSV_Handler                
00000abf  RTC_C_IRQHandler              
00000ab3  Reset_Handler                 
00000abf  SVC_Handler                   
00000abf  SysTick_Handler               
20000000  SystemCoreClock               
000005f5  SystemCoreClockUpdate         
0000086d  SystemInit                    
00000abf  T32_INT1_IRQHandler           
00000abf  T32_INT2_IRQHandler           
00000abf  T32_INTC_IRQHandler           
00000abf  TA0_0_IRQHandler              
00000abf  TA0_N_IRQHandler              
00000abf  TA1_0_IRQHandler              
00000abf  TA1_N_IRQHandler              
00000abf  TA2_0_IRQHandler              
00000abf  TA2_N_IRQHandler              
00000abf  TA3_0_IRQHandler              
00000abf  TA3_N_IRQHandler              
00000abf  UsageFault_Handler            
4000480c  WDTCTL_SYM                    
00000abf  WDT_A_IRQHandler              
00000541  Write_char_LCD                
00000591  Write_string_LCD              
20010000  __STACK_END                   
00000200  __STACK_SIZE                  
00000b78  __TI_CINIT_Base               
00000b80  __TI_CINIT_Limit              
00000b70  __TI_Handler_Table_Base       
00000b78  __TI_Handler_Table_Limit      
00000a2d  __TI_auto_init_nobinit_nopinit
000009c5  __TI_decompress_lzss          
00000aa5  __TI_decompress_none          
ffffffff  __TI_pprof_out_hndl           
ffffffff  __TI_prof_data_size           
ffffffff  __TI_prof_data_start          
00000000  __TI_static_base__            
00000929  __aeabi_memcpy                
00000929  __aeabi_memcpy4               
00000929  __aeabi_memcpy8               
ffffffff  __binit__                     
ffffffff  __c_args__                    
UNDEFED   __mpu_init                    
2000fe00  __stack                       
00000a71  _c_int00_noargs               
UNDEFED   _system_post_cinit            
00000ac1  _system_pre_init              
00000ac5  abort                         
ffffffff  binit                         
000002ef  delay_us                      
00000467  display_ON_OFF_CTRL           
00000000  interruptVectors              
00000599  main                          
00000929  memcpy                        
00000269  ret_freq_prop                 
000000e5  set_DCO                       
000003b1  set_LCD                       
00000367  set_outputs                   


GLOBAL SYMBOLS: SORTED BY Symbol Address 

address   name                          
-------   ----                          
00000000  __TI_static_base__            
00000000  interruptVectors              
000000e5  set_DCO                       
00000200  __STACK_SIZE                  
00000269  ret_freq_prop                 
000002ef  delay_us                      
00000367  set_outputs                   
000003b1  set_LCD                       
00000467  display_ON_OFF_CTRL           
0000048b  Clear_LCD                     
000004af  Entry_mode_set                
000004e5  Init_LCD                      
0000052f  Home_LCD                      
00000541  Write_char_LCD                
00000591  Write_string_LCD              
00000599  main                          
000005f5  SystemCoreClockUpdate         
0000086d  SystemInit                    
00000929  __aeabi_memcpy                
00000929  __aeabi_memcpy4               
00000929  __aeabi_memcpy8               
00000929  memcpy                        
000009c5  __TI_decompress_lzss          
00000a2d  __TI_auto_init_nobinit_nopinit
00000a71  _c_int00_noargs               
00000aa5  __TI_decompress_none          
00000ab3  Reset_Handler                 
00000abf  ADC14_IRQHandler              
00000abf  AES256_IRQHandler             
00000abf  BusFault_Handler              
00000abf  COMP_E0_IRQHandler            
00000abf  COMP_E1_IRQHandler            
00000abf  CS_IRQHandler                 
00000abf  DMA_ERR_IRQHandler            
00000abf  DMA_INT0_IRQHandler           
00000abf  DMA_INT1_IRQHandler           
00000abf  DMA_INT2_IRQHandler           
00000abf  DMA_INT3_IRQHandler           
00000abf  DebugMon_Handler              
00000abf  Default_Handler               
00000abf  EUSCIA0_IRQHandler            
00000abf  EUSCIA1_IRQHandler            
00000abf  EUSCIA2_IRQHandler            
00000abf  EUSCIA3_IRQHandler            
00000abf  EUSCIB0_IRQHandler            
00000abf  EUSCIB1_IRQHandler            
00000abf  EUSCIB2_IRQHandler            
00000abf  EUSCIB3_IRQHandler            
00000abf  FLCTL_IRQHandler              
00000abf  FPU_IRQHandler                
00000abf  HardFault_Handler             
00000abf  MemManage_Handler             
00000abf  NMI_Handler                   
00000abf  PCM_IRQHandler                
00000abf  PORT1_IRQHandler              
00000abf  PORT2_IRQHandler              
00000abf  PORT3_IRQHandler              
00000abf  PORT4_IRQHandler              
00000abf  PORT5_IRQHandler              
00000abf  PORT6_IRQHandler              
00000abf  PSS_IRQHandler                
00000abf  PendSV_Handler                
00000abf  RTC_C_IRQHandler              
00000abf  SVC_Handler                   
00000abf  SysTick_Handler               
00000abf  T32_INT1_IRQHandler           
00000abf  T32_INT2_IRQHandler           
00000abf  T32_INTC_IRQHandler           
00000abf  TA0_0_IRQHandler              
00000abf  TA0_N_IRQHandler              
00000abf  TA1_0_IRQHandler              
00000abf  TA1_N_IRQHandler              
00000abf  TA2_0_IRQHandler              
00000abf  TA2_N_IRQHandler              
00000abf  TA3_0_IRQHandler              
00000abf  TA3_N_IRQHandler              
00000abf  UsageFault_Handler            
00000abf  WDT_A_IRQHandler              
00000ac1  _system_pre_init              
00000ac5  C$$EXIT                       
00000ac5  abort                         
00000b70  __TI_Handler_Table_Base       
00000b78  __TI_CINIT_Base               
00000b78  __TI_Handler_Table_Limit      
00000b80  __TI_CINIT_Limit              
20000000  SystemCoreClock               
2000fe00  __stack                       
20010000  __STACK_END                   
4000480c  WDTCTL_SYM                    
ffffffff  __TI_pprof_out_hndl           
ffffffff  __TI_prof_data_size           
ffffffff  __TI_prof_data_start          
ffffffff  __binit__                     
ffffffff  __c_args__                    
ffffffff  binit                         
UNDEFED   __mpu_init                    
UNDEFED   _system_post_cinit            

[97 symbols]
