******************************************************************************
                  TI ARM Linker Unix v18.12.2                  
******************************************************************************
>> Linked Sat Nov 30 13:21:56 2019

OUTPUT FILE NAME:   <bluetooth.out>
ENTRY POINT SYMBOL: "_c_int00_noargs"  address: 00000925


MEMORY CONFIGURATION

         name            origin    length      used     unused   attr    fill
----------------------  --------  ---------  --------  --------  ----  --------
  MAIN                  00000000   00040000  00000a46  0003f5ba  R  X
  INFO                  00200000   00004000  00000000  00004000  R  X
  SRAM_CODE             01000000   00010000  00000205  0000fdfb  RW X
  SRAM_DATA             20000000   00010000  00000205  0000fdfb  RW  


SEGMENT ALLOCATION MAP

run origin  load origin   length   init length attrs members
----------  ----------- ---------- ----------- ----- -------
00000000    00000000    00000a48   00000a48    r-x
  00000000    00000000    000000e4   000000e4    r-- .intvecs
  000000e4    000000e4    000008ea   000008ea    r-x .text
  000009d0    000009d0    00000048   00000048    r-- .const
  00000a18    00000a18    00000030   00000030    r-- .cinit
20000000    20000000    00000005   00000000    rw-
  20000000    20000000    00000004   00000000    rw- .data
  20000004    20000004    00000001   00000000    rw- .bss
2000fe00    2000fe00    00000200   00000000    rw-
  2000fe00    2000fe00    00000200   00000000    rw- .stack


SECTION ALLOCATION MAP

 output                                  attributes/
section   page    origin      length       input sections
--------  ----  ----------  ----------   ----------------
.intvecs   0    00000000    000000e4     
                  00000000    000000e4     startup_msp432p401r_ccs.obj (.intvecs:retain)

.text      0    000000e4    000008ea     
                  000000e4    00000334     system_msp432p401r.obj (.text)
                  00000418    00000314     delay.obj (.text)
                  0000072c    000000b0     bluetooth.obj (.text)
                  000007dc    0000009c     rtsv7M4_T_le_v4SPD16_eabi.lib : memcpy_t2.asm.obj (.text)
                  00000878    00000068                                   : copy_decompress_lzss.c.obj (.text:decompress:lzss:__TI_decompress_lzss)
                  000008e0    00000044                                   : autoinit.c.obj (.text:__TI_auto_init_nobinit_nopinit:__TI_auto_init_nobinit_nopinit)
                  00000924    00000034                                   : boot_cortex_m.c.obj (.text:_c_int00_noargs:_c_int00_noargs)
                  00000958    0000001e     main.obj (.text)
                  00000976    0000001c     rtsv7M4_T_le_v4SPD16_eabi.lib : copy_zero_init.c.obj (.text:decompress:ZI:__TI_zero_init_nomemset:__TI_zero_init_nomemset)
                  00000992    00000018                                   : strcmp.c.obj (.text:strcmp)
                  000009aa    0000000e                                   : copy_decompress_none.c.obj (.text:decompress:none:__TI_decompress_none)
                  000009b8    0000000e     startup_msp432p401r_ccs.obj (.text)
                  000009c6    00000004     rtsv7M4_T_le_v4SPD16_eabi.lib : pre_init.c.obj (.text:_system_pre_init)
                  000009ca    00000004                                   : exit.c.obj (.text:abort:abort)

.const     0    000009d0    00000048     
                  000009d0    0000000c     delay.obj (.const:$P$T10$5)
                  000009dc    0000000c     delay.obj (.const:$P$T11$6)
                  000009e8    0000000c     delay.obj (.const:$P$T6$1)
                  000009f4    0000000c     delay.obj (.const:$P$T7$2)
                  00000a00    0000000c     delay.obj (.const:$P$T8$3)
                  00000a0c    0000000c     delay.obj (.const:$P$T9$4)

.cinit     0    00000a18    00000030     
                  00000a18    0000000c     (__TI_handler_table)
                  00000a24    00000004     --HOLE-- [fill = 0]
                  00000a28    00000008     (.cinit..bss.load) [load image, compression = zero_init]
                  00000a30    00000008     (.cinit..data.load) [load image, compression = lzss]
                  00000a38    00000010     (__TI_cinit_table)

.init_array 
*          0    00000000    00000000     UNINITIALIZED

.binit     0    00000000    00000000     

.data      0    20000000    00000004     UNINITIALIZED
                  20000000    00000004     system_msp432p401r.obj (.data)

.bss       0    20000004    00000001     UNINITIALIZED
                  20000004    00000001     (.common:bt)

.stack     0    2000fe00    00000200     UNINITIALIZED
                  2000fe00    00000004     rtsv7M4_T_le_v4SPD16_eabi.lib : boot_cortex_m.c.obj (.stack)
                  2000fe04    000001fc     --HOLE--

MODULE SUMMARY

       Module                        code   ro data   rw data
       ------                        ----   -------   -------
    ./
       delay.obj                     788    72        0      
       system_msp432p401r.obj        820    0         8      
       startup_msp432p401r_ccs.obj   14     228       0      
       bluetooth.obj                 176    0         2      
       main.obj                      30     0         0      
    +--+-----------------------------+------+---------+---------+
       Total:                        1828   300       10     
                                                             
    /opt/ccstudio/ccs/tools/compiler/ti-cgt-arm_18.12.2.LTS/lib/rtsv7M4_T_le_v4SPD16_eabi.lib
       memcpy_t2.asm.obj             156    0         0      
       copy_decompress_lzss.c.obj    104    0         0      
       autoinit.c.obj                68     0         0      
       boot_cortex_m.c.obj           52     0         0      
       copy_zero_init.c.obj          28     0         0      
       strcmp.c.obj                  24     0         0      
       copy_decompress_none.c.obj    14     0         0      
       exit.c.obj                    4      0         0      
       pre_init.c.obj                4      0         0      
    +--+-----------------------------+------+---------+---------+
       Total:                        454    0         0      
                                                             
       Stack:                        0      0         1024   
       Linker Generated:             0      44        0      
    +--+-----------------------------+------+---------+---------+
       Grand Total:                  2282   344       1034   


LINKER GENERATED COPY TABLES

__TI_cinit_table @ 00000a38 records: 2, size/record: 8, table size: 16
	.bss: load addr=00000a28, load size=00000008 bytes, run addr=20000004, run size=00000001 bytes, compression=zero_init
	.data: load addr=00000a30, load size=00000008 bytes, run addr=20000000, run size=00000004 bytes, compression=lzss


LINKER GENERATED HANDLER TABLE

__TI_handler_table @ 00000a18 records: 3, size/record: 4, table size: 12
	index: 0, handler: __TI_decompress_lzss
	index: 1, handler: __TI_decompress_none
	index: 2, handler: __TI_zero_init


GLOBAL SYMBOLS: SORTED ALPHABETICALLY BY Name 

address   name                          
-------   ----                          
000009c5  ADC14_IRQHandler              
000009c5  AES256_IRQHandler             
000009c5  BusFault_Handler              
000009cb  C$$EXIT                       
000009c5  COMP_E0_IRQHandler            
000009c5  COMP_E1_IRQHandler            
000009c5  CS_IRQHandler                 
000009c5  DMA_ERR_IRQHandler            
000009c5  DMA_INT0_IRQHandler           
000009c5  DMA_INT1_IRQHandler           
000009c5  DMA_INT2_IRQHandler           
000009c5  DMA_INT3_IRQHandler           
000009c5  DebugMon_Handler              
000009c5  Default_Handler               
0000072d  EUSCIA0_IRQHandler            
0000072d  EUSCIA0_IRQHandler            
000009c5  EUSCIA1_IRQHandler            
000009c5  EUSCIA2_IRQHandler            
000009c5  EUSCIA3_IRQHandler            
000009c5  EUSCIB0_IRQHandler            
000009c5  EUSCIB1_IRQHandler            
000009c5  EUSCIB2_IRQHandler            
000009c5  EUSCIB3_IRQHandler            
000009c5  FLCTL_IRQHandler              
000009c5  FPU_IRQHandler                
000009c5  HardFault_Handler             
000009c5  MemManage_Handler             
000009c5  NMI_Handler                   
000009c5  PCM_IRQHandler                
000009c5  PORT1_IRQHandler              
000009c5  PORT2_IRQHandler              
000009c5  PORT3_IRQHandler              
000009c5  PORT4_IRQHandler              
000009c5  PORT5_IRQHandler              
000009c5  PORT6_IRQHandler              
000009c5  PSS_IRQHandler                
000009c5  PendSV_Handler                
000009c5  RTC_C_IRQHandler              
000009b9  Reset_Handler                 
000009c5  SVC_Handler                   
000009c5  SysTick_Handler               
20000000  SystemCoreClock               
000000e5  SystemCoreClockUpdate         
0000035d  SystemInit                    
000009c5  T32_INT1_IRQHandler           
000009c5  T32_INT2_IRQHandler           
000009c5  T32_INTC_IRQHandler           
000009c5  TA0_0_IRQHandler              
000009c5  TA0_N_IRQHandler              
000009c5  TA1_0_IRQHandler              
000009c5  TA1_N_IRQHandler              
000009c5  TA2_0_IRQHandler              
000009c5  TA2_N_IRQHandler              
000009c5  TA3_0_IRQHandler              
000009c5  TA3_N_IRQHandler              
000009c5  UsageFault_Handler            
4000480c  WDTCTL_SYM                    
000009c5  WDT_A_IRQHandler              
20010000  __STACK_END                   
00000200  __STACK_SIZE                  
00000a38  __TI_CINIT_Base               
00000a48  __TI_CINIT_Limit              
00000a18  __TI_Handler_Table_Base       
00000a24  __TI_Handler_Table_Limit      
000008e1  __TI_auto_init_nobinit_nopinit
00000879  __TI_decompress_lzss          
000009ab  __TI_decompress_none          
ffffffff  __TI_pprof_out_hndl           
ffffffff  __TI_prof_data_size           
ffffffff  __TI_prof_data_start          
00000000  __TI_static_base__            
00000977  __TI_zero_init_nomemset       
000007dd  __aeabi_memcpy                
000007dd  __aeabi_memcpy4               
000007dd  __aeabi_memcpy8               
ffffffff  __binit__                     
ffffffff  __c_args__                    
UNDEFED   __mpu_init                    
2000fe00  __stack                       
00000925  _c_int00_noargs               
UNDEFED   _system_post_cinit            
000009c7  _system_pre_init              
000009cb  abort                         
ffffffff  binit                         
20000004  bt                            
00000661  delay_us                      
00000751  init_BT                       
00000000  interruptVectors              
00000959  main                          
000007dd  memcpy                        
000005db  ret_freq_prop                 
00000457  set_DCO                       
00000419  set_clk                       
00000993  strcmp                        


GLOBAL SYMBOLS: SORTED BY Symbol Address 

address   name                          
-------   ----                          
00000000  __TI_static_base__            
00000000  interruptVectors              
000000e5  SystemCoreClockUpdate         
00000200  __STACK_SIZE                  
0000035d  SystemInit                    
00000419  set_clk                       
00000457  set_DCO                       
000005db  ret_freq_prop                 
00000661  delay_us                      
0000072d  EUSCIA0_IRQHandler            
0000072d  EUSCIA0_IRQHandler            
00000751  init_BT                       
000007dd  __aeabi_memcpy                
000007dd  __aeabi_memcpy4               
000007dd  __aeabi_memcpy8               
000007dd  memcpy                        
00000879  __TI_decompress_lzss          
000008e1  __TI_auto_init_nobinit_nopinit
00000925  _c_int00_noargs               
00000959  main                          
00000977  __TI_zero_init_nomemset       
00000993  strcmp                        
000009ab  __TI_decompress_none          
000009b9  Reset_Handler                 
000009c5  ADC14_IRQHandler              
000009c5  AES256_IRQHandler             
000009c5  BusFault_Handler              
000009c5  COMP_E0_IRQHandler            
000009c5  COMP_E1_IRQHandler            
000009c5  CS_IRQHandler                 
000009c5  DMA_ERR_IRQHandler            
000009c5  DMA_INT0_IRQHandler           
000009c5  DMA_INT1_IRQHandler           
000009c5  DMA_INT2_IRQHandler           
000009c5  DMA_INT3_IRQHandler           
000009c5  DebugMon_Handler              
000009c5  Default_Handler               
000009c5  EUSCIA1_IRQHandler            
000009c5  EUSCIA2_IRQHandler            
000009c5  EUSCIA3_IRQHandler            
000009c5  EUSCIB0_IRQHandler            
000009c5  EUSCIB1_IRQHandler            
000009c5  EUSCIB2_IRQHandler            
000009c5  EUSCIB3_IRQHandler            
000009c5  FLCTL_IRQHandler              
000009c5  FPU_IRQHandler                
000009c5  HardFault_Handler             
000009c5  MemManage_Handler             
000009c5  NMI_Handler                   
000009c5  PCM_IRQHandler                
000009c5  PORT1_IRQHandler              
000009c5  PORT2_IRQHandler              
000009c5  PORT3_IRQHandler              
000009c5  PORT4_IRQHandler              
000009c5  PORT5_IRQHandler              
000009c5  PORT6_IRQHandler              
000009c5  PSS_IRQHandler                
000009c5  PendSV_Handler                
000009c5  RTC_C_IRQHandler              
000009c5  SVC_Handler                   
000009c5  SysTick_Handler               
000009c5  T32_INT1_IRQHandler           
000009c5  T32_INT2_IRQHandler           
000009c5  T32_INTC_IRQHandler           
000009c5  TA0_0_IRQHandler              
000009c5  TA0_N_IRQHandler              
000009c5  TA1_0_IRQHandler              
000009c5  TA1_N_IRQHandler              
000009c5  TA2_0_IRQHandler              
000009c5  TA2_N_IRQHandler              
000009c5  TA3_0_IRQHandler              
000009c5  TA3_N_IRQHandler              
000009c5  UsageFault_Handler            
000009c5  WDT_A_IRQHandler              
000009c7  _system_pre_init              
000009cb  C$$EXIT                       
000009cb  abort                         
00000a18  __TI_Handler_Table_Base       
00000a24  __TI_Handler_Table_Limit      
00000a38  __TI_CINIT_Base               
00000a48  __TI_CINIT_Limit              
20000000  SystemCoreClock               
20000004  bt                            
2000fe00  __stack                       
20010000  __STACK_END                   
4000480c  WDTCTL_SYM                    
ffffffff  __TI_pprof_out_hndl           
ffffffff  __TI_prof_data_size           
ffffffff  __TI_prof_data_start          
ffffffff  __binit__                     
ffffffff  __c_args__                    
ffffffff  binit                         
UNDEFED   __mpu_init                    
UNDEFED   _system_post_cinit            

[94 symbols]
