******************************************************************************
                  TI ARM Linker Unix v18.12.2                  
******************************************************************************
>> Linked Fri Nov 15 16:41:45 2019

OUTPUT FILE NAME:   <Precise Ultra Sonic Sensor.out>
ENTRY POINT SYMBOL: "_c_int00_noargs"  address: 00001d35


MEMORY CONFIGURATION

         name            origin    length      used     unused   attr    fill
----------------------  --------  ---------  --------  --------  ----  --------
  MAIN                  00000000   00040000  00001ed8  0003e128  R  X
  INFO                  00200000   00004000  00000000  00004000  R  X
  SRAM_CODE             01000000   00010000  00000210  0000fdf0  RW X
  SRAM_DATA             20000000   00010000  00000210  0000fdf0  RW  


SEGMENT ALLOCATION MAP

run origin  load origin   length   init length attrs members
----------  ----------- ---------- ----------- ----- -------
00000000    00000000    00001ed8   00001ed8    r-x
  00000000    00000000    000000e4   000000e4    r-- .intvecs
  000000e4    000000e4    00001d4c   00001d4c    r-x .text
  00001e30    00001e30    00000078   00000078    r-- .const
  00001ea8    00001ea8    00000030   00000030    r-- .cinit
20000000    20000000    00000010   00000000    rw-
  20000000    20000000    0000000c   00000000    rw- .data
  2000000c    2000000c    00000004   00000000    rw- .bss
2000fe00    2000fe00    00000200   00000000    rw-
  2000fe00    2000fe00    00000200   00000000    rw- .stack


SECTION ALLOCATION MAP

 output                                  attributes/
section   page    origin      length       input sections
--------  ----  ----------  ----------   ----------------
.intvecs   0    00000000    000000e4     
                  00000000    000000e4     startup_msp432p401r_ccs.obj (.intvecs:retain)

.text      0    000000e4    00001d4c     
                  000000e4    000009c0     rtsv7M4_T_le_v4SPD16_eabi.lib : e_pow.c.obj (.text:pow)
                  00000aa4    00000334     system_msp432p401r.obj (.text)
                  00000dd8    00000314     delay.obj (.text)
                  000010ec    000002b0     main.obj (.text)
                  0000139c    000001b6     rtsv7M4_T_le_v4SPD16_eabi.lib : fd_add_t2.asm.obj (.text)
                  00001552    00000002     --HOLE-- [fill = 0]
                  00001554    00000158                                   : e_sqrt.c.obj (.text:sqrt)
                  000016ac    00000136                                   : fd_div_t2.asm.obj (.text)
                  000017e2    00000002     --HOLE-- [fill = 0]
                  000017e4    00000110                                   : s_scalbn.c.obj (.text:scalbn)
                  000018f4    000000fc                                   : fd_mul_t2.asm.obj (.text)
                  000019f0    0000009c                                   : memcpy_t2.asm.obj (.text)
                  00001a8c    00000086                                   : fd_cmp_t2.asm.obj (.text:__aeabi_cdcmple)
                  00001b12    00000086                                   : fd_cmp_t2.asm.obj (.text:__aeabi_cdrcmple)
                  00001b98    0000006e                                   : fd_tos_t2.asm.obj (.text)
                  00001c06    00000068                                   : copy_decompress_lzss.c.obj (.text:decompress:lzss:__TI_decompress_lzss)
                  00001c6e    00000048                                   : fd_toi_t2.asm.obj (.text)
                  00001cb6    00000002     --HOLE-- [fill = 0]
                  00001cb8    00000044                                   : autoinit.c.obj (.text:__TI_auto_init_nobinit_nopinit:__TI_auto_init_nobinit_nopinit)
                  00001cfc    00000038                                   : fs_tod_t2.asm.obj (.text)
                  00001d34    00000034                                   : boot_cortex_m.c.obj (.text:_c_int00_noargs:_c_int00_noargs)
                  00001d68    0000002e                                   : i_tofd_t2.asm.obj (.text)
                  00001d96    00000020                                   : u_tofd_t2.asm.obj (.text)
                  00001db6    0000001c                                   : copy_zero_init.c.obj (.text:decompress:ZI:__TI_zero_init_nomemset:__TI_zero_init_nomemset)
                  00001dd2    0000001a                                   : s_copysign.c.obj (.text:copysign)
                  00001dec    00000018                                   : strcmp.c.obj (.text:strcmp)
                  00001e04    0000000e                                   : copy_decompress_none.c.obj (.text:decompress:none:__TI_decompress_none)
                  00001e12    0000000e     startup_msp432p401r_ccs.obj (.text)
                  00001e20    00000008     rtsv7M4_T_le_v4SPD16_eabi.lib : errno.c.obj (.text:__aeabi_errno_addr)
                  00001e28    00000004                                   : pre_init.c.obj (.text:_system_pre_init)
                  00001e2c    00000004                                   : exit.c.obj (.text:abort:abort)

.const     0    00001e30    00000078     
                  00001e30    00000030     rtsv7M4_T_le_v4SPD16_eabi.lib : e_pow.c.obj (.const:$O1$$)
                  00001e60    0000000c     delay.obj (.const:$P$T10$5)
                  00001e6c    0000000c     delay.obj (.const:$P$T11$6)
                  00001e78    0000000c     delay.obj (.const:$P$T6$1)
                  00001e84    0000000c     delay.obj (.const:$P$T7$2)
                  00001e90    0000000c     delay.obj (.const:$P$T8$3)
                  00001e9c    0000000c     delay.obj (.const:$P$T9$4)

.cinit     0    00001ea8    00000030     
                  00001ea8    0000000c     (__TI_handler_table)
                  00001eb4    0000000b     (.cinit..data.load) [load image, compression = lzss]
                  00001ebf    00000001     --HOLE-- [fill = 0]
                  00001ec0    00000008     (.cinit..bss.load) [load image, compression = zero_init]
                  00001ec8    00000010     (__TI_cinit_table)

.init_array 
*          0    00000000    00000000     UNINITIALIZED

.binit     0    00000000    00000000     

.data      0    20000000    0000000c     UNINITIALIZED
                  20000000    00000004     main.obj (.data)
                  20000004    00000004     rtsv7M4_T_le_v4SPD16_eabi.lib : errno.c.obj (.data)
                  20000008    00000004     system_msp432p401r.obj (.data)

.bss       0    2000000c    00000004     UNINITIALIZED
                  2000000c    00000002     (.common:falling_edge_counter)
                  2000000e    00000002     (.common:rising_edge_counter)

.stack     0    2000fe00    00000200     UNINITIALIZED
                  2000fe00    00000004     rtsv7M4_T_le_v4SPD16_eabi.lib : boot_cortex_m.c.obj (.stack)
                  2000fe04    000001fc     --HOLE--

MODULE SUMMARY

       Module                        code   ro data   rw data
       ------                        ----   -------   -------
    ./
       delay.obj                     788    72        0      
       system_msp432p401r.obj        820    0         8      
       main.obj                      688    0         16     
       startup_msp432p401r_ccs.obj   14     228       0      
    +--+-----------------------------+------+---------+---------+
       Total:                        2310   300       24     
                                                             
    /opt/ccstudio/ccs/tools/compiler/ti-cgt-arm_18.12.2.LTS/lib/rtsv7M4_T_le_v4SPD16_eabi.lib
       e_pow.c.obj                   2496   48        0      
       fd_add_t2.asm.obj             438    0         0      
       e_sqrt.c.obj                  344    0         0      
       fd_div_t2.asm.obj             310    0         0      
       s_scalbn.c.obj                272    0         0      
       fd_cmp_t2.asm.obj             268    0         0      
       fd_mul_t2.asm.obj             252    0         0      
       memcpy_t2.asm.obj             156    0         0      
       fd_tos_t2.asm.obj             110    0         0      
       copy_decompress_lzss.c.obj    104    0         0      
       fd_toi_t2.asm.obj             72     0         0      
       autoinit.c.obj                68     0         0      
       fs_tod_t2.asm.obj             56     0         0      
       boot_cortex_m.c.obj           52     0         0      
       i_tofd_t2.asm.obj             46     0         0      
       u_tofd_t2.asm.obj             32     0         0      
       copy_zero_init.c.obj          28     0         0      
       s_copysign.c.obj              26     0         0      
       strcmp.c.obj                  24     0         0      
       errno.c.obj                   8      0         8      
       copy_decompress_none.c.obj    14     0         0      
       exit.c.obj                    4      0         0      
       pre_init.c.obj                4      0         0      
    +--+-----------------------------+------+---------+---------+
       Total:                        5184   48        8      
                                                             
       Stack:                        0      0         1024   
       Linker Generated:             0      47        0      
    +--+-----------------------------+------+---------+---------+
       Grand Total:                  7494   395       1056   


LINKER GENERATED COPY TABLES

__TI_cinit_table @ 00001ec8 records: 2, size/record: 8, table size: 16
	.data: load addr=00001eb4, load size=0000000b bytes, run addr=20000000, run size=0000000c bytes, compression=lzss
	.bss: load addr=00001ec0, load size=00000008 bytes, run addr=2000000c, run size=00000004 bytes, compression=zero_init


LINKER GENERATED HANDLER TABLE

__TI_handler_table @ 00001ea8 records: 3, size/record: 4, table size: 12
	index: 0, handler: __TI_decompress_lzss
	index: 1, handler: __TI_decompress_none
	index: 2, handler: __TI_zero_init


GLOBAL SYMBOLS: SORTED ALPHABETICALLY BY Name 

address   name                          
-------   ----                          
00001e1f  ADC14_IRQHandler              
00001e1f  AES256_IRQHandler             
00001e1f  BusFault_Handler              
00001e2d  C$$EXIT                       
00001e1f  COMP_E0_IRQHandler            
00001e1f  COMP_E1_IRQHandler            
00001e1f  CS_IRQHandler                 
00001e1f  DMA_ERR_IRQHandler            
00001e1f  DMA_INT0_IRQHandler           
00001e1f  DMA_INT1_IRQHandler           
00001e1f  DMA_INT2_IRQHandler           
00001e1f  DMA_INT3_IRQHandler           
00001e1f  DebugMon_Handler              
00001e1f  Default_Handler               
00001e1f  EUSCIA0_IRQHandler            
00001e1f  EUSCIA1_IRQHandler            
00001e1f  EUSCIA2_IRQHandler            
00001e1f  EUSCIA3_IRQHandler            
00001e1f  EUSCIB0_IRQHandler            
00001e1f  EUSCIB1_IRQHandler            
00001e1f  EUSCIB2_IRQHandler            
00001e1f  EUSCIB3_IRQHandler            
00001e1f  FLCTL_IRQHandler              
00001e1f  FPU_IRQHandler                
00001e1f  HardFault_Handler             
00001e1f  MemManage_Handler             
00001e1f  NMI_Handler                   
00001e1f  PCM_IRQHandler                
00001e1f  PORT1_IRQHandler              
00001e1f  PORT2_IRQHandler              
00001e1f  PORT3_IRQHandler              
00001e1f  PORT4_IRQHandler              
00001e1f  PORT5_IRQHandler              
00001e1f  PORT6_IRQHandler              
00001e1f  PSS_IRQHandler                
00001e1f  PendSV_Handler                
00001e1f  RTC_C_IRQHandler              
00001e13  Reset_Handler                 
00001e1f  SVC_Handler                   
00001e1f  SysTick_Handler               
20000008  SystemCoreClock               
00000aa5  SystemCoreClockUpdate         
00000d1d  SystemInit                    
00001e1f  T32_INT1_IRQHandler           
00001e1f  T32_INT2_IRQHandler           
00001e1f  T32_INTC_IRQHandler           
000012bd  TA0_0_IRQHandler              
000012bd  TA0_0_IRQHandler              
00001243  TA0_N_IRQHandler              
00001243  TA0_N_IRQHandler              
00001e1f  TA1_0_IRQHandler              
00001e1f  TA1_N_IRQHandler              
00001e1f  TA2_0_IRQHandler              
00001e1f  TA2_N_IRQHandler              
00001e1f  TA3_0_IRQHandler              
00001e1f  TA3_N_IRQHandler              
00001e1f  UsageFault_Handler            
4000480c  WDTCTL_SYM                    
00001e1f  WDT_A_IRQHandler              
20010000  __STACK_END                   
00000200  __STACK_SIZE                  
00001ec8  __TI_CINIT_Base               
00001ed8  __TI_CINIT_Limit              
00001ea8  __TI_Handler_Table_Base       
00001eb4  __TI_Handler_Table_Limit      
00001cb9  __TI_auto_init_nobinit_nopinit
00001c07  __TI_decompress_lzss          
00001e05  __TI_decompress_none          
ffffffff  __TI_pprof_out_hndl           
ffffffff  __TI_prof_data_size           
ffffffff  __TI_prof_data_start          
00000000  __TI_static_base__            
00001db7  __TI_zero_init_nomemset       
00001a8d  __aeabi_cdcmpeq               
00001a8d  __aeabi_cdcmple               
00001b13  __aeabi_cdrcmple              
00001b99  __aeabi_d2f                   
00001c6f  __aeabi_d2iz                  
000013a7  __aeabi_dadd                  
000016ad  __aeabi_ddiv                  
000018f5  __aeabi_dmul                  
0000139d  __aeabi_dsub                  
00001e21  __aeabi_errno_addr            
00001cfd  __aeabi_f2d                   
00001d69  __aeabi_i2d                   
000019f1  __aeabi_memcpy                
000019f1  __aeabi_memcpy4               
000019f1  __aeabi_memcpy8               
00001d97  __aeabi_ui2d                  
ffffffff  __binit__                     
ffffffff  __c_args__                    
UNDEFED   __mpu_init                    
2000fe00  __stack                       
00001d35  _c_int00_noargs               
UNDEFED   _system_post_cinit            
00001e29  _system_pre_init              
00001e2d  abort                         
ffffffff  binit                         
00001dd3  copysign                      
00001dd3  copysignl                     
00001021  delay_us                      
20000004  errno                         
2000000c  falling_edge_counter          
000011bf  get_distance_cm               
0000116b  get_time_high                 
20000002  got_value                     
000010ed  init_ECHO                     
00001217  init_TA0                      
00001117  init_TRIGGER                  
00001141  init_UtraSonicSensor          
00000000  interruptVectors              
000017e5  ldexp                         
000017e5  ldexpl                        
000012c7  main                          
000019f1  memcpy                        
20000000  overflows                     
000000e5  pow                           
000000e5  powl                          
00000f9b  ret_freq_prop                 
2000000e  rising_edge_counter           
000017e5  scalbn                        
000017e5  scalbnl                       
0000114d  send_trigger                  
00000e17  set_DCO                       
00000dd9  set_clk                       
00001555  sqrt                          
00001555  sqrtl                         
00001ded  strcmp                        


GLOBAL SYMBOLS: SORTED BY Symbol Address 

address   name                          
-------   ----                          
00000000  __TI_static_base__            
00000000  interruptVectors              
000000e5  pow                           
000000e5  powl                          
00000200  __STACK_SIZE                  
00000aa5  SystemCoreClockUpdate         
00000d1d  SystemInit                    
00000dd9  set_clk                       
00000e17  set_DCO                       
00000f9b  ret_freq_prop                 
00001021  delay_us                      
000010ed  init_ECHO                     
00001117  init_TRIGGER                  
00001141  init_UtraSonicSensor          
0000114d  send_trigger                  
0000116b  get_time_high                 
000011bf  get_distance_cm               
00001217  init_TA0                      
00001243  TA0_N_IRQHandler              
00001243  TA0_N_IRQHandler              
000012bd  TA0_0_IRQHandler              
000012bd  TA0_0_IRQHandler              
000012c7  main                          
0000139d  __aeabi_dsub                  
000013a7  __aeabi_dadd                  
00001555  sqrt                          
00001555  sqrtl                         
000016ad  __aeabi_ddiv                  
000017e5  ldexp                         
000017e5  ldexpl                        
000017e5  scalbn                        
000017e5  scalbnl                       
000018f5  __aeabi_dmul                  
000019f1  __aeabi_memcpy                
000019f1  __aeabi_memcpy4               
000019f1  __aeabi_memcpy8               
000019f1  memcpy                        
00001a8d  __aeabi_cdcmpeq               
00001a8d  __aeabi_cdcmple               
00001b13  __aeabi_cdrcmple              
00001b99  __aeabi_d2f                   
00001c07  __TI_decompress_lzss          
00001c6f  __aeabi_d2iz                  
00001cb9  __TI_auto_init_nobinit_nopinit
00001cfd  __aeabi_f2d                   
00001d35  _c_int00_noargs               
00001d69  __aeabi_i2d                   
00001d97  __aeabi_ui2d                  
00001db7  __TI_zero_init_nomemset       
00001dd3  copysign                      
00001dd3  copysignl                     
00001ded  strcmp                        
00001e05  __TI_decompress_none          
00001e13  Reset_Handler                 
00001e1f  ADC14_IRQHandler              
00001e1f  AES256_IRQHandler             
00001e1f  BusFault_Handler              
00001e1f  COMP_E0_IRQHandler            
00001e1f  COMP_E1_IRQHandler            
00001e1f  CS_IRQHandler                 
00001e1f  DMA_ERR_IRQHandler            
00001e1f  DMA_INT0_IRQHandler           
00001e1f  DMA_INT1_IRQHandler           
00001e1f  DMA_INT2_IRQHandler           
00001e1f  DMA_INT3_IRQHandler           
00001e1f  DebugMon_Handler              
00001e1f  Default_Handler               
00001e1f  EUSCIA0_IRQHandler            
00001e1f  EUSCIA1_IRQHandler            
00001e1f  EUSCIA2_IRQHandler            
00001e1f  EUSCIA3_IRQHandler            
00001e1f  EUSCIB0_IRQHandler            
00001e1f  EUSCIB1_IRQHandler            
00001e1f  EUSCIB2_IRQHandler            
00001e1f  EUSCIB3_IRQHandler            
00001e1f  FLCTL_IRQHandler              
00001e1f  FPU_IRQHandler                
00001e1f  HardFault_Handler             
00001e1f  MemManage_Handler             
00001e1f  NMI_Handler                   
00001e1f  PCM_IRQHandler                
00001e1f  PORT1_IRQHandler              
00001e1f  PORT2_IRQHandler              
00001e1f  PORT3_IRQHandler              
00001e1f  PORT4_IRQHandler              
00001e1f  PORT5_IRQHandler              
00001e1f  PORT6_IRQHandler              
00001e1f  PSS_IRQHandler                
00001e1f  PendSV_Handler                
00001e1f  RTC_C_IRQHandler              
00001e1f  SVC_Handler                   
00001e1f  SysTick_Handler               
00001e1f  T32_INT1_IRQHandler           
00001e1f  T32_INT2_IRQHandler           
00001e1f  T32_INTC_IRQHandler           
00001e1f  TA1_0_IRQHandler              
00001e1f  TA1_N_IRQHandler              
00001e1f  TA2_0_IRQHandler              
00001e1f  TA2_N_IRQHandler              
00001e1f  TA3_0_IRQHandler              
00001e1f  TA3_N_IRQHandler              
00001e1f  UsageFault_Handler            
00001e1f  WDT_A_IRQHandler              
00001e21  __aeabi_errno_addr            
00001e29  _system_pre_init              
00001e2d  C$$EXIT                       
00001e2d  abort                         
00001ea8  __TI_Handler_Table_Base       
00001eb4  __TI_Handler_Table_Limit      
00001ec8  __TI_CINIT_Base               
00001ed8  __TI_CINIT_Limit              
20000000  overflows                     
20000002  got_value                     
20000004  errno                         
20000008  SystemCoreClock               
2000000c  falling_edge_counter          
2000000e  rising_edge_counter           
2000fe00  __stack                       
20010000  __STACK_END                   
4000480c  WDTCTL_SYM                    
ffffffff  __TI_pprof_out_hndl           
ffffffff  __TI_prof_data_size           
ffffffff  __TI_prof_data_start          
ffffffff  __binit__                     
ffffffff  __c_args__                    
ffffffff  binit                         
UNDEFED   __mpu_init                    
UNDEFED   _system_post_cinit            

[128 symbols]
