******************************************************************************
                  TI ARM Linker Unix v18.12.2                  
******************************************************************************
>> Linked Fri Nov 15 16:52:10 2019

OUTPUT FILE NAME:   <Precise Ultra Sonic Sensor.out>
ENTRY POINT SYMBOL: "_c_int00_noargs"  address: 00001d69


MEMORY CONFIGURATION

         name            origin    length      used     unused   attr    fill
----------------------  --------  ---------  --------  --------  ----  --------
  MAIN                  00000000   00040000  00001f0c  0003e0f4  R  X
  INFO                  00200000   00004000  00000000  00004000  R  X
  SRAM_CODE             01000000   00010000  00000210  0000fdf0  RW X
  SRAM_DATA             20000000   00010000  00000210  0000fdf0  RW  


SEGMENT ALLOCATION MAP

run origin  load origin   length   init length attrs members
----------  ----------- ---------- ----------- ----- -------
00000000    00000000    00001f10   00001f10    r-x
  00000000    00000000    000000e4   000000e4    r-- .intvecs
  000000e4    000000e4    00001d80   00001d80    r-x .text
  00001e68    00001e68    00000078   00000078    r-- .const
  00001ee0    00001ee0    00000030   00000030    r-- .cinit
20000000    20000000    00000010   00000000    rw-
  20000000    20000000    0000000c   00000000    rw- .data
  2000000c    2000000c    00000004   00000000    rw- .bss
2000fe00    2000fe00    00000200   00000000    rw-
  2000fe00    2000fe00    00000200   00000000    rw- .stack


SECTION ALLOCATION MAP

 output                                  attributes/
section   page    origin      length       input sections
--------  ----  ----------  ----------   ----------------
.intvecs   0    00000000    000000e4     
                  00000000    000000e4     startup_msp432p401r_ccs.obj (.intvecs:retain)

.text      0    000000e4    00001d80     
                  000000e4    000009c0     rtsv7M4_T_le_v4SPD16_eabi.lib : e_pow.c.obj (.text:pow)
                  00000aa4    00000334     system_msp432p401r.obj (.text)
                  00000dd8    00000314     delay.obj (.text)
                  000010ec    000002e4     main.obj (.text)
                  000013d0    000001b6     rtsv7M4_T_le_v4SPD16_eabi.lib : fd_add_t2.asm.obj (.text)
                  00001586    00000002     --HOLE-- [fill = 0]
                  00001588    00000158                                   : e_sqrt.c.obj (.text:sqrt)
                  000016e0    00000136                                   : fd_div_t2.asm.obj (.text)
                  00001816    00000002     --HOLE-- [fill = 0]
                  00001818    00000110                                   : s_scalbn.c.obj (.text:scalbn)
                  00001928    000000fc                                   : fd_mul_t2.asm.obj (.text)
                  00001a24    0000009c                                   : memcpy_t2.asm.obj (.text)
                  00001ac0    00000086                                   : fd_cmp_t2.asm.obj (.text:__aeabi_cdcmple)
                  00001b46    00000086                                   : fd_cmp_t2.asm.obj (.text:__aeabi_cdrcmple)
                  00001bcc    0000006e                                   : fd_tos_t2.asm.obj (.text)
                  00001c3a    00000068                                   : copy_decompress_lzss.c.obj (.text:decompress:lzss:__TI_decompress_lzss)
                  00001ca2    00000048                                   : fd_toi_t2.asm.obj (.text)
                  00001cea    00000002     --HOLE-- [fill = 0]
                  00001cec    00000044                                   : autoinit.c.obj (.text:__TI_auto_init_nobinit_nopinit:__TI_auto_init_nobinit_nopinit)
                  00001d30    00000038                                   : fs_tod_t2.asm.obj (.text)
                  00001d68    00000034                                   : boot_cortex_m.c.obj (.text:_c_int00_noargs:_c_int00_noargs)
                  00001d9c    0000002e                                   : i_tofd_t2.asm.obj (.text)
                  00001dca    00000020                                   : u_tofd_t2.asm.obj (.text)
                  00001dea    0000001c                                   : copy_zero_init.c.obj (.text:decompress:ZI:__TI_zero_init_nomemset:__TI_zero_init_nomemset)
                  00001e06    0000001a                                   : s_copysign.c.obj (.text:copysign)
                  00001e20    00000018                                   : strcmp.c.obj (.text:strcmp)
                  00001e38    0000000e                                   : copy_decompress_none.c.obj (.text:decompress:none:__TI_decompress_none)
                  00001e46    0000000e     startup_msp432p401r_ccs.obj (.text)
                  00001e54    00000008     rtsv7M4_T_le_v4SPD16_eabi.lib : errno.c.obj (.text:__aeabi_errno_addr)
                  00001e5c    00000004                                   : pre_init.c.obj (.text:_system_pre_init)
                  00001e60    00000004                                   : exit.c.obj (.text:abort:abort)

.const     0    00001e68    00000078     
                  00001e68    00000030     rtsv7M4_T_le_v4SPD16_eabi.lib : e_pow.c.obj (.const:$O1$$)
                  00001e98    0000000c     delay.obj (.const:$P$T10$5)
                  00001ea4    0000000c     delay.obj (.const:$P$T11$6)
                  00001eb0    0000000c     delay.obj (.const:$P$T6$1)
                  00001ebc    0000000c     delay.obj (.const:$P$T7$2)
                  00001ec8    0000000c     delay.obj (.const:$P$T8$3)
                  00001ed4    0000000c     delay.obj (.const:$P$T9$4)

.cinit     0    00001ee0    00000030     
                  00001ee0    0000000c     (__TI_handler_table)
                  00001eec    0000000b     (.cinit..data.load) [load image, compression = lzss]
                  00001ef7    00000001     --HOLE-- [fill = 0]
                  00001ef8    00000008     (.cinit..bss.load) [load image, compression = zero_init]
                  00001f00    00000010     (__TI_cinit_table)

.init_array 
*          0    00000000    00000000     UNINITIALIZED

.binit     0    00000000    00000000     

.data      0    20000000    0000000c     UNINITIALIZED
                  20000000    00000004     main.obj (.data)
                  20000004    00000004     rtsv7M4_T_le_v4SPD16_eabi.lib : errno.c.obj (.data)
                  20000008    00000004     system_msp432p401r.obj (.data)

.bss       0    2000000c    00000004     UNINITIALIZED
                  2000000c    00000002     (.common:falling_edge_counter)
                  2000000e    00000002     (.common:rising_edge_counter)

.stack     0    2000fe00    00000200     UNINITIALIZED
                  2000fe00    00000004     rtsv7M4_T_le_v4SPD16_eabi.lib : boot_cortex_m.c.obj (.stack)
                  2000fe04    000001fc     --HOLE--

MODULE SUMMARY

       Module                        code   ro data   rw data
       ------                        ----   -------   -------
    ./
       delay.obj                     788    72        0      
       system_msp432p401r.obj        820    0         8      
       main.obj                      740    0         16     
       startup_msp432p401r_ccs.obj   14     228       0      
    +--+-----------------------------+------+---------+---------+
       Total:                        2362   300       24     
                                                             
    /opt/ccstudio/ccs/tools/compiler/ti-cgt-arm_18.12.2.LTS/lib/rtsv7M4_T_le_v4SPD16_eabi.lib
       e_pow.c.obj                   2496   48        0      
       fd_add_t2.asm.obj             438    0         0      
       e_sqrt.c.obj                  344    0         0      
       fd_div_t2.asm.obj             310    0         0      
       s_scalbn.c.obj                272    0         0      
       fd_cmp_t2.asm.obj             268    0         0      
       fd_mul_t2.asm.obj             252    0         0      
       memcpy_t2.asm.obj             156    0         0      
       fd_tos_t2.asm.obj             110    0         0      
       copy_decompress_lzss.c.obj    104    0         0      
       fd_toi_t2.asm.obj             72     0         0      
       autoinit.c.obj                68     0         0      
       fs_tod_t2.asm.obj             56     0         0      
       boot_cortex_m.c.obj           52     0         0      
       i_tofd_t2.asm.obj             46     0         0      
       u_tofd_t2.asm.obj             32     0         0      
       copy_zero_init.c.obj          28     0         0      
       s_copysign.c.obj              26     0         0      
       strcmp.c.obj                  24     0         0      
       errno.c.obj                   8      0         8      
       copy_decompress_none.c.obj    14     0         0      
       exit.c.obj                    4      0         0      
       pre_init.c.obj                4      0         0      
    +--+-----------------------------+------+---------+---------+
       Total:                        5184   48        8      
                                                             
       Stack:                        0      0         1024   
       Linker Generated:             0      47        0      
    +--+-----------------------------+------+---------+---------+
       Grand Total:                  7546   395       1056   


LINKER GENERATED COPY TABLES

__TI_cinit_table @ 00001f00 records: 2, size/record: 8, table size: 16
	.data: load addr=00001eec, load size=0000000b bytes, run addr=20000000, run size=0000000c bytes, compression=lzss
	.bss: load addr=00001ef8, load size=00000008 bytes, run addr=2000000c, run size=00000004 bytes, compression=zero_init


LINKER GENERATED HANDLER TABLE

__TI_handler_table @ 00001ee0 records: 3, size/record: 4, table size: 12
	index: 0, handler: __TI_decompress_lzss
	index: 1, handler: __TI_decompress_none
	index: 2, handler: __TI_zero_init


GLOBAL SYMBOLS: SORTED ALPHABETICALLY BY Name 

address   name                          
-------   ----                          
00001e53  ADC14_IRQHandler              
00001e53  AES256_IRQHandler             
00001e53  BusFault_Handler              
00001e61  C$$EXIT                       
00001e53  COMP_E0_IRQHandler            
00001e53  COMP_E1_IRQHandler            
00001e53  CS_IRQHandler                 
00001e53  DMA_ERR_IRQHandler            
00001e53  DMA_INT0_IRQHandler           
00001e53  DMA_INT1_IRQHandler           
00001e53  DMA_INT2_IRQHandler           
00001e53  DMA_INT3_IRQHandler           
00001e53  DebugMon_Handler              
00001e53  Default_Handler               
00001e53  EUSCIA0_IRQHandler            
00001e53  EUSCIA1_IRQHandler            
00001e53  EUSCIA2_IRQHandler            
00001e53  EUSCIA3_IRQHandler            
00001e53  EUSCIB0_IRQHandler            
00001e53  EUSCIB1_IRQHandler            
00001e53  EUSCIB2_IRQHandler            
00001e53  EUSCIB3_IRQHandler            
00001e53  FLCTL_IRQHandler              
00001e53  FPU_IRQHandler                
00001e53  HardFault_Handler             
00001e53  MemManage_Handler             
00001e53  NMI_Handler                   
00001e53  PCM_IRQHandler                
00001e53  PORT1_IRQHandler              
00001e53  PORT2_IRQHandler              
00001e53  PORT3_IRQHandler              
00001e53  PORT4_IRQHandler              
00001e53  PORT5_IRQHandler              
00001e53  PORT6_IRQHandler              
00001e53  PSS_IRQHandler                
00001e53  PendSV_Handler                
00001e53  RTC_C_IRQHandler              
00001e47  Reset_Handler                 
00001e53  SVC_Handler                   
00001e53  SysTick_Handler               
20000008  SystemCoreClock               
00000aa5  SystemCoreClockUpdate         
00000d1d  SystemInit                    
00001e53  T32_INT1_IRQHandler           
00001e53  T32_INT2_IRQHandler           
00001e53  T32_INTC_IRQHandler           
000012bd  TA0_0_IRQHandler              
000012bd  TA0_0_IRQHandler              
00001243  TA0_N_IRQHandler              
00001243  TA0_N_IRQHandler              
00001e53  TA1_0_IRQHandler              
00001e53  TA1_N_IRQHandler              
00001e53  TA2_0_IRQHandler              
00001e53  TA2_N_IRQHandler              
00001e53  TA3_0_IRQHandler              
00001e53  TA3_N_IRQHandler              
00001e53  UsageFault_Handler            
4000480c  WDTCTL_SYM                    
00001e53  WDT_A_IRQHandler              
20010000  __STACK_END                   
00000200  __STACK_SIZE                  
00001f00  __TI_CINIT_Base               
00001f10  __TI_CINIT_Limit              
00001ee0  __TI_Handler_Table_Base       
00001eec  __TI_Handler_Table_Limit      
00001ced  __TI_auto_init_nobinit_nopinit
00001c3b  __TI_decompress_lzss          
00001e39  __TI_decompress_none          
ffffffff  __TI_pprof_out_hndl           
ffffffff  __TI_prof_data_size           
ffffffff  __TI_prof_data_start          
00000000  __TI_static_base__            
00001deb  __TI_zero_init_nomemset       
00001ac1  __aeabi_cdcmpeq               
00001ac1  __aeabi_cdcmple               
00001b47  __aeabi_cdrcmple              
00001bcd  __aeabi_d2f                   
00001ca3  __aeabi_d2iz                  
000013db  __aeabi_dadd                  
000016e1  __aeabi_ddiv                  
00001929  __aeabi_dmul                  
000013d1  __aeabi_dsub                  
00001e55  __aeabi_errno_addr            
00001d31  __aeabi_f2d                   
00001d9d  __aeabi_i2d                   
00001a25  __aeabi_memcpy                
00001a25  __aeabi_memcpy4               
00001a25  __aeabi_memcpy8               
00001dcb  __aeabi_ui2d                  
ffffffff  __binit__                     
ffffffff  __c_args__                    
UNDEFED   __mpu_init                    
2000fe00  __stack                       
00001d69  _c_int00_noargs               
UNDEFED   _system_post_cinit            
00001e5d  _system_pre_init              
00001e61  abort                         
ffffffff  binit                         
00001e07  copysign                      
00001e07  copysignl                     
00001021  delay_us                      
20000004  errno                         
2000000c  falling_edge_counter          
000011bf  get_distance_cm               
0000116b  get_time_high                 
20000002  got_value                     
000010ed  init_ECHO                     
00001217  init_TA0                      
00001117  init_TRIGGER                  
00001141  init_UtraSonicSensor          
00000000  interruptVectors              
00001819  ldexp                         
00001819  ldexpl                        
000012c7  main                          
00001a25  memcpy                        
20000000  overflows                     
000000e5  pow                           
000000e5  powl                          
00000f9b  ret_freq_prop                 
2000000e  rising_edge_counter           
00001819  scalbn                        
00001819  scalbnl                       
0000114d  send_trigger                  
00000e17  set_DCO                       
00000dd9  set_clk                       
00001589  sqrt                          
00001589  sqrtl                         
00001e21  strcmp                        


GLOBAL SYMBOLS: SORTED BY Symbol Address 

address   name                          
-------   ----                          
00000000  __TI_static_base__            
00000000  interruptVectors              
000000e5  pow                           
000000e5  powl                          
00000200  __STACK_SIZE                  
00000aa5  SystemCoreClockUpdate         
00000d1d  SystemInit                    
00000dd9  set_clk                       
00000e17  set_DCO                       
00000f9b  ret_freq_prop                 
00001021  delay_us                      
000010ed  init_ECHO                     
00001117  init_TRIGGER                  
00001141  init_UtraSonicSensor          
0000114d  send_trigger                  
0000116b  get_time_high                 
000011bf  get_distance_cm               
00001217  init_TA0                      
00001243  TA0_N_IRQHandler              
00001243  TA0_N_IRQHandler              
000012bd  TA0_0_IRQHandler              
000012bd  TA0_0_IRQHandler              
000012c7  main                          
000013d1  __aeabi_dsub                  
000013db  __aeabi_dadd                  
00001589  sqrt                          
00001589  sqrtl                         
000016e1  __aeabi_ddiv                  
00001819  ldexp                         
00001819  ldexpl                        
00001819  scalbn                        
00001819  scalbnl                       
00001929  __aeabi_dmul                  
00001a25  __aeabi_memcpy                
00001a25  __aeabi_memcpy4               
00001a25  __aeabi_memcpy8               
00001a25  memcpy                        
00001ac1  __aeabi_cdcmpeq               
00001ac1  __aeabi_cdcmple               
00001b47  __aeabi_cdrcmple              
00001bcd  __aeabi_d2f                   
00001c3b  __TI_decompress_lzss          
00001ca3  __aeabi_d2iz                  
00001ced  __TI_auto_init_nobinit_nopinit
00001d31  __aeabi_f2d                   
00001d69  _c_int00_noargs               
00001d9d  __aeabi_i2d                   
00001dcb  __aeabi_ui2d                  
00001deb  __TI_zero_init_nomemset       
00001e07  copysign                      
00001e07  copysignl                     
00001e21  strcmp                        
00001e39  __TI_decompress_none          
00001e47  Reset_Handler                 
00001e53  ADC14_IRQHandler              
00001e53  AES256_IRQHandler             
00001e53  BusFault_Handler              
00001e53  COMP_E0_IRQHandler            
00001e53  COMP_E1_IRQHandler            
00001e53  CS_IRQHandler                 
00001e53  DMA_ERR_IRQHandler            
00001e53  DMA_INT0_IRQHandler           
00001e53  DMA_INT1_IRQHandler           
00001e53  DMA_INT2_IRQHandler           
00001e53  DMA_INT3_IRQHandler           
00001e53  DebugMon_Handler              
00001e53  Default_Handler               
00001e53  EUSCIA0_IRQHandler            
00001e53  EUSCIA1_IRQHandler            
00001e53  EUSCIA2_IRQHandler            
00001e53  EUSCIA3_IRQHandler            
00001e53  EUSCIB0_IRQHandler            
00001e53  EUSCIB1_IRQHandler            
00001e53  EUSCIB2_IRQHandler            
00001e53  EUSCIB3_IRQHandler            
00001e53  FLCTL_IRQHandler              
00001e53  FPU_IRQHandler                
00001e53  HardFault_Handler             
00001e53  MemManage_Handler             
00001e53  NMI_Handler                   
00001e53  PCM_IRQHandler                
00001e53  PORT1_IRQHandler              
00001e53  PORT2_IRQHandler              
00001e53  PORT3_IRQHandler              
00001e53  PORT4_IRQHandler              
00001e53  PORT5_IRQHandler              
00001e53  PORT6_IRQHandler              
00001e53  PSS_IRQHandler                
00001e53  PendSV_Handler                
00001e53  RTC_C_IRQHandler              
00001e53  SVC_Handler                   
00001e53  SysTick_Handler               
00001e53  T32_INT1_IRQHandler           
00001e53  T32_INT2_IRQHandler           
00001e53  T32_INTC_IRQHandler           
00001e53  TA1_0_IRQHandler              
00001e53  TA1_N_IRQHandler              
00001e53  TA2_0_IRQHandler              
00001e53  TA2_N_IRQHandler              
00001e53  TA3_0_IRQHandler              
00001e53  TA3_N_IRQHandler              
00001e53  UsageFault_Handler            
00001e53  WDT_A_IRQHandler              
00001e55  __aeabi_errno_addr            
00001e5d  _system_pre_init              
00001e61  C$$EXIT                       
00001e61  abort                         
00001ee0  __TI_Handler_Table_Base       
00001eec  __TI_Handler_Table_Limit      
00001f00  __TI_CINIT_Base               
00001f10  __TI_CINIT_Limit              
20000000  overflows                     
20000002  got_value                     
20000004  errno                         
20000008  SystemCoreClock               
2000000c  falling_edge_counter          
2000000e  rising_edge_counter           
2000fe00  __stack                       
20010000  __STACK_END                   
4000480c  WDTCTL_SYM                    
ffffffff  __TI_pprof_out_hndl           
ffffffff  __TI_prof_data_size           
ffffffff  __TI_prof_data_start          
ffffffff  __binit__                     
ffffffff  __c_args__                    
ffffffff  binit                         
UNDEFED   __mpu_init                    
UNDEFED   _system_post_cinit            

[128 symbols]
