******************************************************************************
                  TI ARM Linker Unix v18.12.2                  
******************************************************************************
>> Linked Thu Nov 14 21:47:24 2019

OUTPUT FILE NAME:   <Precise Ultra Sonic Sensor.out>
ENTRY POINT SYMBOL: "_c_int00_noargs"  address: 00001ce5


MEMORY CONFIGURATION

         name            origin    length      used     unused   attr    fill
----------------------  --------  ---------  --------  --------  ----  --------
  MAIN                  00000000   00040000  00001e88  0003e178  R  X
  INFO                  00200000   00004000  00000000  00004000  R  X
  SRAM_CODE             01000000   00010000  0000020c  0000fdf4  RW X
  SRAM_DATA             20000000   00010000  0000020c  0000fdf4  RW  


SEGMENT ALLOCATION MAP

run origin  load origin   length   init length attrs members
----------  ----------- ---------- ----------- ----- -------
00000000    00000000    00001e88   00001e88    r-x
  00000000    00000000    000000e4   000000e4    r-- .intvecs
  000000e4    000000e4    00001cfc   00001cfc    r-x .text
  00001de0    00001de0    00000078   00000078    r-- .const
  00001e58    00001e58    00000030   00000030    r-- .cinit
20000000    20000000    0000000c   00000000    rw-
  20000000    20000000    00000008   00000000    rw- .data
  20000008    20000008    00000004   00000000    rw- .bss
2000fe00    2000fe00    00000200   00000000    rw-
  2000fe00    2000fe00    00000200   00000000    rw- .stack


SECTION ALLOCATION MAP

 output                                  attributes/
section   page    origin      length       input sections
--------  ----  ----------  ----------   ----------------
.intvecs   0    00000000    000000e4     
                  00000000    000000e4     startup_msp432p401r_ccs.obj (.intvecs:retain)

.text      0    000000e4    00001cfc     
                  000000e4    000009c0     rtsv7M4_T_le_v4SPD16_eabi.lib : e_pow.c.obj (.text:pow)
                  00000aa4    00000334     system_msp432p401r.obj (.text)
                  00000dd8    00000314     delay.obj (.text)
                  000010ec    00000260     main.obj (.text)
                  0000134c    000001b6     rtsv7M4_T_le_v4SPD16_eabi.lib : fd_add_t2.asm.obj (.text)
                  00001502    00000002     --HOLE-- [fill = 0]
                  00001504    00000158                                   : e_sqrt.c.obj (.text:sqrt)
                  0000165c    00000136                                   : fd_div_t2.asm.obj (.text)
                  00001792    00000002     --HOLE-- [fill = 0]
                  00001794    00000110                                   : s_scalbn.c.obj (.text:scalbn)
                  000018a4    000000fc                                   : fd_mul_t2.asm.obj (.text)
                  000019a0    0000009c                                   : memcpy_t2.asm.obj (.text)
                  00001a3c    00000086                                   : fd_cmp_t2.asm.obj (.text:__aeabi_cdcmple)
                  00001ac2    00000086                                   : fd_cmp_t2.asm.obj (.text:__aeabi_cdrcmple)
                  00001b48    0000006e                                   : fd_tos_t2.asm.obj (.text)
                  00001bb6    00000068                                   : copy_decompress_lzss.c.obj (.text:decompress:lzss:__TI_decompress_lzss)
                  00001c1e    00000048                                   : fd_toi_t2.asm.obj (.text)
                  00001c66    00000002     --HOLE-- [fill = 0]
                  00001c68    00000044                                   : autoinit.c.obj (.text:__TI_auto_init_nobinit_nopinit:__TI_auto_init_nobinit_nopinit)
                  00001cac    00000038                                   : fs_tod_t2.asm.obj (.text)
                  00001ce4    00000034                                   : boot_cortex_m.c.obj (.text:_c_int00_noargs:_c_int00_noargs)
                  00001d18    0000002e                                   : i_tofd_t2.asm.obj (.text)
                  00001d46    00000020                                   : u_tofd_t2.asm.obj (.text)
                  00001d66    0000001c                                   : copy_zero_init.c.obj (.text:decompress:ZI:__TI_zero_init_nomemset:__TI_zero_init_nomemset)
                  00001d82    0000001a                                   : s_copysign.c.obj (.text:copysign)
                  00001d9c    00000018                                   : strcmp.c.obj (.text:strcmp)
                  00001db4    0000000e                                   : copy_decompress_none.c.obj (.text:decompress:none:__TI_decompress_none)
                  00001dc2    0000000e     startup_msp432p401r_ccs.obj (.text)
                  00001dd0    00000008     rtsv7M4_T_le_v4SPD16_eabi.lib : errno.c.obj (.text:__aeabi_errno_addr)
                  00001dd8    00000004                                   : pre_init.c.obj (.text:_system_pre_init)
                  00001ddc    00000004                                   : exit.c.obj (.text:abort:abort)

.const     0    00001de0    00000078     
                  00001de0    00000030     rtsv7M4_T_le_v4SPD16_eabi.lib : e_pow.c.obj (.const:$O1$$)
                  00001e10    0000000c     delay.obj (.const:$P$T10$5)
                  00001e1c    0000000c     delay.obj (.const:$P$T11$6)
                  00001e28    0000000c     delay.obj (.const:$P$T6$1)
                  00001e34    0000000c     delay.obj (.const:$P$T7$2)
                  00001e40    0000000c     delay.obj (.const:$P$T8$3)
                  00001e4c    0000000c     delay.obj (.const:$P$T9$4)

.cinit     0    00001e58    00000030     
                  00001e58    0000000c     (__TI_handler_table)
                  00001e64    0000000b     (.cinit..data.load) [load image, compression = lzss]
                  00001e6f    00000001     --HOLE-- [fill = 0]
                  00001e70    00000008     (.cinit..bss.load) [load image, compression = zero_init]
                  00001e78    00000010     (__TI_cinit_table)

.init_array 
*          0    00000000    00000000     UNINITIALIZED

.binit     0    00000000    00000000     

.data      0    20000000    00000008     UNINITIALIZED
                  20000000    00000004     rtsv7M4_T_le_v4SPD16_eabi.lib : errno.c.obj (.data)
                  20000004    00000004     system_msp432p401r.obj (.data)

.bss       0    20000008    00000004     UNINITIALIZED
                  20000008    00000002     (.common:falling_edge_counter)
                  2000000a    00000002     (.common:rising_edge_counter)

.stack     0    2000fe00    00000200     UNINITIALIZED
                  2000fe00    00000004     rtsv7M4_T_le_v4SPD16_eabi.lib : boot_cortex_m.c.obj (.stack)
                  2000fe04    000001fc     --HOLE--

MODULE SUMMARY

       Module                        code   ro data   rw data
       ------                        ----   -------   -------
    ./
       delay.obj                     788    72        0      
       system_msp432p401r.obj        820    0         8      
       main.obj                      608    0         8      
       startup_msp432p401r_ccs.obj   14     228       0      
    +--+-----------------------------+------+---------+---------+
       Total:                        2230   300       16     
                                                             
    /opt/ccstudio/ccs/tools/compiler/ti-cgt-arm_18.12.2.LTS/lib/rtsv7M4_T_le_v4SPD16_eabi.lib
       e_pow.c.obj                   2496   48        0      
       fd_add_t2.asm.obj             438    0         0      
       e_sqrt.c.obj                  344    0         0      
       fd_div_t2.asm.obj             310    0         0      
       s_scalbn.c.obj                272    0         0      
       fd_cmp_t2.asm.obj             268    0         0      
       fd_mul_t2.asm.obj             252    0         0      
       memcpy_t2.asm.obj             156    0         0      
       fd_tos_t2.asm.obj             110    0         0      
       copy_decompress_lzss.c.obj    104    0         0      
       fd_toi_t2.asm.obj             72     0         0      
       autoinit.c.obj                68     0         0      
       fs_tod_t2.asm.obj             56     0         0      
       boot_cortex_m.c.obj           52     0         0      
       i_tofd_t2.asm.obj             46     0         0      
       u_tofd_t2.asm.obj             32     0         0      
       copy_zero_init.c.obj          28     0         0      
       s_copysign.c.obj              26     0         0      
       strcmp.c.obj                  24     0         0      
       errno.c.obj                   8      0         8      
       copy_decompress_none.c.obj    14     0         0      
       exit.c.obj                    4      0         0      
       pre_init.c.obj                4      0         0      
    +--+-----------------------------+------+---------+---------+
       Total:                        5184   48        8      
                                                             
       Stack:                        0      0         1024   
       Linker Generated:             0      47        0      
    +--+-----------------------------+------+---------+---------+
       Grand Total:                  7414   395       1048   


LINKER GENERATED COPY TABLES

__TI_cinit_table @ 00001e78 records: 2, size/record: 8, table size: 16
	.data: load addr=00001e64, load size=0000000b bytes, run addr=20000000, run size=00000008 bytes, compression=lzss
	.bss: load addr=00001e70, load size=00000008 bytes, run addr=20000008, run size=00000004 bytes, compression=zero_init


LINKER GENERATED HANDLER TABLE

__TI_handler_table @ 00001e58 records: 3, size/record: 4, table size: 12
	index: 0, handler: __TI_decompress_lzss
	index: 1, handler: __TI_decompress_none
	index: 2, handler: __TI_zero_init


GLOBAL SYMBOLS: SORTED ALPHABETICALLY BY Name 

address   name                          
-------   ----                          
00001dcf  ADC14_IRQHandler              
00001dcf  AES256_IRQHandler             
00001dcf  BusFault_Handler              
00001ddd  C$$EXIT                       
00001dcf  COMP_E0_IRQHandler            
00001dcf  COMP_E1_IRQHandler            
00001dcf  CS_IRQHandler                 
00001dcf  DMA_ERR_IRQHandler            
00001dcf  DMA_INT0_IRQHandler           
00001dcf  DMA_INT1_IRQHandler           
00001dcf  DMA_INT2_IRQHandler           
00001dcf  DMA_INT3_IRQHandler           
00001dcf  DebugMon_Handler              
00001dcf  Default_Handler               
00001dcf  EUSCIA0_IRQHandler            
00001dcf  EUSCIA1_IRQHandler            
00001dcf  EUSCIA2_IRQHandler            
00001dcf  EUSCIA3_IRQHandler            
00001dcf  EUSCIB0_IRQHandler            
00001dcf  EUSCIB1_IRQHandler            
00001dcf  EUSCIB2_IRQHandler            
00001dcf  EUSCIB3_IRQHandler            
00001dcf  FLCTL_IRQHandler              
00001dcf  FPU_IRQHandler                
00001dcf  HardFault_Handler             
00001dcf  MemManage_Handler             
00001dcf  NMI_Handler                   
00001dcf  PCM_IRQHandler                
00001dcf  PORT1_IRQHandler              
00001dcf  PORT2_IRQHandler              
00001dcf  PORT3_IRQHandler              
00001dcf  PORT4_IRQHandler              
00001dcf  PORT5_IRQHandler              
00001dcf  PORT6_IRQHandler              
00001dcf  PSS_IRQHandler                
00001dcf  PendSV_Handler                
00001dcf  RTC_C_IRQHandler              
00001dc3  Reset_Handler                 
00001dcf  SVC_Handler                   
00001dcf  SysTick_Handler               
20000004  SystemCoreClock               
00000aa5  SystemCoreClockUpdate         
00000d1d  SystemInit                    
00001dcf  T32_INT1_IRQHandler           
00001dcf  T32_INT2_IRQHandler           
00001dcf  T32_INTC_IRQHandler           
0000124f  TA0_0_IRQHandler              
0000124f  TA0_0_IRQHandler              
00001225  TA0_N_IRQHandler              
00001225  TA0_N_IRQHandler              
00001dcf  TA1_0_IRQHandler              
00001dcf  TA1_N_IRQHandler              
00001dcf  TA2_0_IRQHandler              
00001dcf  TA2_N_IRQHandler              
00001dcf  TA3_0_IRQHandler              
00001dcf  TA3_N_IRQHandler              
00001dcf  UsageFault_Handler            
4000480c  WDTCTL_SYM                    
00001dcf  WDT_A_IRQHandler              
20010000  __STACK_END                   
00000200  __STACK_SIZE                  
00001e78  __TI_CINIT_Base               
00001e88  __TI_CINIT_Limit              
00001e58  __TI_Handler_Table_Base       
00001e64  __TI_Handler_Table_Limit      
00001c69  __TI_auto_init_nobinit_nopinit
00001bb7  __TI_decompress_lzss          
00001db5  __TI_decompress_none          
ffffffff  __TI_pprof_out_hndl           
ffffffff  __TI_prof_data_size           
ffffffff  __TI_prof_data_start          
00000000  __TI_static_base__            
00001d67  __TI_zero_init_nomemset       
00001a3d  __aeabi_cdcmpeq               
00001a3d  __aeabi_cdcmple               
00001ac3  __aeabi_cdrcmple              
00001b49  __aeabi_d2f                   
00001c1f  __aeabi_d2iz                  
00001357  __aeabi_dadd                  
0000165d  __aeabi_ddiv                  
000018a5  __aeabi_dmul                  
0000134d  __aeabi_dsub                  
00001dd1  __aeabi_errno_addr            
00001cad  __aeabi_f2d                   
00001d19  __aeabi_i2d                   
000019a1  __aeabi_memcpy                
000019a1  __aeabi_memcpy4               
000019a1  __aeabi_memcpy8               
00001d47  __aeabi_ui2d                  
ffffffff  __binit__                     
ffffffff  __c_args__                    
UNDEFED   __mpu_init                    
2000fe00  __stack                       
00001ce5  _c_int00_noargs               
UNDEFED   _system_post_cinit            
00001dd9  _system_pre_init              
00001ddd  abort                         
ffffffff  binit                         
00001d83  copysign                      
00001d83  copysignl                     
00001021  delay_us                      
20000000  errno                         
20000008  falling_edge_counter          
000011bf  get_distance_cm               
0000116b  get_time_high                 
000010ed  init_ECHO                     
000011f7  init_TA0                      
00001117  init_TRIGGER                  
00001141  init_UtraSonicSensor          
00000000  interruptVectors              
00001795  ldexp                         
00001795  ldexpl                        
00001263  main                          
000019a1  memcpy                        
000000e5  pow                           
000000e5  powl                          
00000f9b  ret_freq_prop                 
2000000a  rising_edge_counter           
00001795  scalbn                        
00001795  scalbnl                       
0000114d  send_trigger                  
00000e17  set_DCO                       
00000dd9  set_clk                       
00001505  sqrt                          
00001505  sqrtl                         
00001d9d  strcmp                        


GLOBAL SYMBOLS: SORTED BY Symbol Address 

address   name                          
-------   ----                          
00000000  __TI_static_base__            
00000000  interruptVectors              
000000e5  pow                           
000000e5  powl                          
00000200  __STACK_SIZE                  
00000aa5  SystemCoreClockUpdate         
00000d1d  SystemInit                    
00000dd9  set_clk                       
00000e17  set_DCO                       
00000f9b  ret_freq_prop                 
00001021  delay_us                      
000010ed  init_ECHO                     
00001117  init_TRIGGER                  
00001141  init_UtraSonicSensor          
0000114d  send_trigger                  
0000116b  get_time_high                 
000011bf  get_distance_cm               
000011f7  init_TA0                      
00001225  TA0_N_IRQHandler              
00001225  TA0_N_IRQHandler              
0000124f  TA0_0_IRQHandler              
0000124f  TA0_0_IRQHandler              
00001263  main                          
0000134d  __aeabi_dsub                  
00001357  __aeabi_dadd                  
00001505  sqrt                          
00001505  sqrtl                         
0000165d  __aeabi_ddiv                  
00001795  ldexp                         
00001795  ldexpl                        
00001795  scalbn                        
00001795  scalbnl                       
000018a5  __aeabi_dmul                  
000019a1  __aeabi_memcpy                
000019a1  __aeabi_memcpy4               
000019a1  __aeabi_memcpy8               
000019a1  memcpy                        
00001a3d  __aeabi_cdcmpeq               
00001a3d  __aeabi_cdcmple               
00001ac3  __aeabi_cdrcmple              
00001b49  __aeabi_d2f                   
00001bb7  __TI_decompress_lzss          
00001c1f  __aeabi_d2iz                  
00001c69  __TI_auto_init_nobinit_nopinit
00001cad  __aeabi_f2d                   
00001ce5  _c_int00_noargs               
00001d19  __aeabi_i2d                   
00001d47  __aeabi_ui2d                  
00001d67  __TI_zero_init_nomemset       
00001d83  copysign                      
00001d83  copysignl                     
00001d9d  strcmp                        
00001db5  __TI_decompress_none          
00001dc3  Reset_Handler                 
00001dcf  ADC14_IRQHandler              
00001dcf  AES256_IRQHandler             
00001dcf  BusFault_Handler              
00001dcf  COMP_E0_IRQHandler            
00001dcf  COMP_E1_IRQHandler            
00001dcf  CS_IRQHandler                 
00001dcf  DMA_ERR_IRQHandler            
00001dcf  DMA_INT0_IRQHandler           
00001dcf  DMA_INT1_IRQHandler           
00001dcf  DMA_INT2_IRQHandler           
00001dcf  DMA_INT3_IRQHandler           
00001dcf  DebugMon_Handler              
00001dcf  Default_Handler               
00001dcf  EUSCIA0_IRQHandler            
00001dcf  EUSCIA1_IRQHandler            
00001dcf  EUSCIA2_IRQHandler            
00001dcf  EUSCIA3_IRQHandler            
00001dcf  EUSCIB0_IRQHandler            
00001dcf  EUSCIB1_IRQHandler            
00001dcf  EUSCIB2_IRQHandler            
00001dcf  EUSCIB3_IRQHandler            
00001dcf  FLCTL_IRQHandler              
00001dcf  FPU_IRQHandler                
00001dcf  HardFault_Handler             
00001dcf  MemManage_Handler             
00001dcf  NMI_Handler                   
00001dcf  PCM_IRQHandler                
00001dcf  PORT1_IRQHandler              
00001dcf  PORT2_IRQHandler              
00001dcf  PORT3_IRQHandler              
00001dcf  PORT4_IRQHandler              
00001dcf  PORT5_IRQHandler              
00001dcf  PORT6_IRQHandler              
00001dcf  PSS_IRQHandler                
00001dcf  PendSV_Handler                
00001dcf  RTC_C_IRQHandler              
00001dcf  SVC_Handler                   
00001dcf  SysTick_Handler               
00001dcf  T32_INT1_IRQHandler           
00001dcf  T32_INT2_IRQHandler           
00001dcf  T32_INTC_IRQHandler           
00001dcf  TA1_0_IRQHandler              
00001dcf  TA1_N_IRQHandler              
00001dcf  TA2_0_IRQHandler              
00001dcf  TA2_N_IRQHandler              
00001dcf  TA3_0_IRQHandler              
00001dcf  TA3_N_IRQHandler              
00001dcf  UsageFault_Handler            
00001dcf  WDT_A_IRQHandler              
00001dd1  __aeabi_errno_addr            
00001dd9  _system_pre_init              
00001ddd  C$$EXIT                       
00001ddd  abort                         
00001e58  __TI_Handler_Table_Base       
00001e64  __TI_Handler_Table_Limit      
00001e78  __TI_CINIT_Base               
00001e88  __TI_CINIT_Limit              
20000000  errno                         
20000004  SystemCoreClock               
20000008  falling_edge_counter          
2000000a  rising_edge_counter           
2000fe00  __stack                       
20010000  __STACK_END                   
4000480c  WDTCTL_SYM                    
ffffffff  __TI_pprof_out_hndl           
ffffffff  __TI_prof_data_size           
ffffffff  __TI_prof_data_start          
ffffffff  __binit__                     
ffffffff  __c_args__                    
ffffffff  binit                         
UNDEFED   __mpu_init                    
UNDEFED   _system_post_cinit            

[126 symbols]
