******************************************************************************
                  TI ARM Linker Unix v18.12.2                  
******************************************************************************
>> Linked Fri Oct 11 08:01:04 2019

OUTPUT FILE NAME:   <Reflex Game.out>
ENTRY POINT SYMBOL: "_c_int00_noargs"  address: 00000fbd


MEMORY CONFIGURATION

         name            origin    length      used     unused   attr    fill
----------------------  --------  ---------  --------  --------  ----  --------
  MAIN                  00000000   00040000  000011a6  0003ee5a  R  X
  INFO                  00200000   00004000  00000000  00004000  R  X
  SRAM_CODE             01000000   00010000  00000638  0000f9c8  RW X
  SRAM_DATA             20000000   00010000  00000638  0000f9c8  RW  


SEGMENT ALLOCATION MAP

run origin  load origin   length   init length attrs members
----------  ----------- ---------- ----------- ----- -------
00000000    00000000    000011a8   000011a8    r-x
  00000000    00000000    000000e4   000000e4    r-- .intvecs
  000000e4    000000e4    00000fca   00000fca    r-x .text
  000010b0    000010b0    000000c0   000000c0    r-- .const
  00001170    00001170    00000038   00000038    r-- .cinit
20000000    20000000    00000438   00000000    rw-
  20000000    20000000    00000400   00000000    rw- .sysmem
  20000400    20000400    0000001c   00000000    rw- .bss
  2000041c    2000041c    0000001c   00000000    rw- .data
2000fe00    2000fe00    00000200   00000000    rw-
  2000fe00    2000fe00    00000200   00000000    rw- .stack


SECTION ALLOCATION MAP

 output                                  attributes/
section   page    origin      length       input sections
--------  ----  ----------  ----------   ----------------
.intvecs   0    00000000    000000e4     
                  00000000    000000e4     startup_msp432p401r_ccs.obj (.intvecs:retain)

.text      0    000000e4    00000fca     
                  000000e4    00000244     LCD.obj (.text)
                  00000328    00000210     delay.obj (.text)
                  00000538    00000208     main.obj (.text)
                  00000740    000001e0     system_msp432p401r.obj (.text)
                  00000920    00000134     rtsv7M4_T_le_v4SPD16_eabi.lib : vla_alloc.c.obj (.text:__vla_alloc)
                  00000a54    000000f4                                   : memory.c.obj (.text:aligned_alloc)
                  00000b48    000000e8                                   : memory.c.obj (.text:free)
                  00000c30    000000d8                                   : memory.c.obj (.text:realloc)
                  00000d08    0000009c                                   : memcpy_t2.asm.obj (.text)
                  00000da4    0000007c                                   : memory.c.obj (.text:split)
                  00000e20    00000078                                   : vla_alloc.c.obj (.text:_ZN33_INTERNAL_11_vla_alloc_c_be8bd49b21free_dead_allocationsEPv)
                  00000e98    00000078                                   : vla_alloc.c.obj (.text:__vla_dealloc)
                  00000f10    00000068                                   : copy_decompress_lzss.c.obj (.text:decompress:lzss:__TI_decompress_lzss)
                  00000f78    00000044                                   : autoinit.c.obj (.text:__TI_auto_init_nobinit_nopinit:__TI_auto_init_nobinit_nopinit)
                  00000fbc    00000034                                   : boot_cortex_m.c.obj (.text:_c_int00_noargs:_c_int00_noargs)
                  00000ff0    00000028                                   : memory.c.obj (.text:free_list_insert)
                  00001018    0000001c                                   : copy_zero_init.c.obj (.text:decompress:ZI:__TI_zero_init_nomemset:__TI_zero_init_nomemset)
                  00001034    0000001c                                   : memory.c.obj (.text:free_list_remove)
                  00001050    00000018                                   : strcmp.c.obj (.text:strcmp)
                  00001068    00000014                                   : strlen.c.obj (.text:strlen)
                  0000107c    0000000e                                   : copy_decompress_none.c.obj (.text:decompress:none:__TI_decompress_none)
                  0000108a    0000000e     startup_msp432p401r_ccs.obj (.text)
                  00001098    00000008     rtsv7M4_T_le_v4SPD16_eabi.lib : memory.c.obj (.text:malloc)
                  000010a0    00000004                                   : error.c.obj (.text:__abort_execution)
                  000010a4    00000004                                   : pre_init.c.obj (.text:_system_pre_init)
                  000010a8    00000004                                   : exit.c.obj (.text:abort:abort)
                  000010ac    00000002                                   : _lock.c.obj (.text:_nop)

.const     0    000010b0    000000c0     
                  000010b0    00000028     LCD.obj (.const:$P$T3$4)
                  000010d8    00000010     LCD.obj (.const:$P$T0$1)
                  000010e8    00000010     LCD.obj (.const:$P$T1$2)
                  000010f8    00000010     LCD.obj (.const:$P$T2$3)
                  00001108    00000010     LCD.obj (.const:$P$T4$5)
                  00001118    00000010     LCD.obj (.const:$P$T5$6)
                  00001128    0000000c     delay.obj (.const:$P$T10$5)
                  00001134    0000000c     delay.obj (.const:$P$T11$6)
                  00001140    0000000c     delay.obj (.const:$P$T6$1)
                  0000114c    0000000c     delay.obj (.const:$P$T7$2)
                  00001158    0000000c     delay.obj (.const:$P$T8$3)
                  00001164    0000000c     delay.obj (.const:$P$T9$4)

.cinit     0    00001170    00000038     
                  00001170    00000011     (.cinit..data.load) [load image, compression = lzss]
                  00001181    00000003     --HOLE-- [fill = 0]
                  00001184    0000000c     (__TI_handler_table)
                  00001190    00000008     (.cinit..bss.load) [load image, compression = zero_init]
                  00001198    00000010     (__TI_cinit_table)

.init_array 
*          0    00000000    00000000     UNINITIALIZED

.binit     0    00000000    00000000     

.sysmem    0    20000000    00000400     UNINITIALIZED
                  20000000    00000010     rtsv7M4_T_le_v4SPD16_eabi.lib : memory.c.obj (.sysmem)
                  20000010    000003f0     --HOLE--

.bss       0    20000400    0000001c     UNINITIALIZED
                  20000400    0000001c     rtsv7M4_T_le_v4SPD16_eabi.lib : vla_alloc.c.obj (.bss:$O1$$)

.data      0    2000041c    0000001c     UNINITIALIZED
                  2000041c    00000008     rtsv7M4_T_le_v4SPD16_eabi.lib : _lock.c.obj (.data:$O1$$)
                  20000424    00000008                                   : memory.c.obj (.data:$O1$$)
                  2000042c    00000008     main.obj (.data)
                  20000434    00000004     system_msp432p401r.obj (.data)

.stack     0    2000fe00    00000200     UNINITIALIZED
                  2000fe00    00000004     rtsv7M4_T_le_v4SPD16_eabi.lib : boot_cortex_m.c.obj (.stack)
                  2000fe04    000001fc     --HOLE--

MODULE SUMMARY

       Module                        code   ro data   rw data
       ------                        ----   -------   -------
    ./
       LCD.obj                       580    120       0      
       delay.obj                     528    72        0      
       main.obj                      520    0         16     
       system_msp432p401r.obj        480    0         8      
       startup_msp432p401r_ccs.obj   14     228       0      
    +--+-----------------------------+------+---------+---------+
       Total:                        2122   420       24     
                                                             
    /opt/ccstudio/ccs/tools/compiler/ti-cgt-arm_18.12.2.LTS/lib/rtsv7M4_T_le_v4SPD16_eabi.lib
       memory.c.obj                  892    0         16     
       vla_alloc.c.obj               548    0         56     
       memcpy_t2.asm.obj             156    0         0      
       copy_decompress_lzss.c.obj    104    0         0      
       autoinit.c.obj                68     0         0      
       boot_cortex_m.c.obj           52     0         0      
       copy_zero_init.c.obj          28     0         0      
       strcmp.c.obj                  24     0         0      
       strlen.c.obj                  20     0         0      
       _lock.c.obj                   2      0         16     
       copy_decompress_none.c.obj    14     0         0      
       error.c.obj                   4      0         0      
       exit.c.obj                    4      0         0      
       pre_init.c.obj                4      0         0      
    +--+-----------------------------+------+---------+---------+
       Total:                        1920   0         88     
                                                             
       Heap:                         0      0         2048   
       Stack:                        0      0         1024   
       Linker Generated:             0      53        0      
    +--+-----------------------------+------+---------+---------+
       Grand Total:                  4042   473       3184   


LINKER GENERATED COPY TABLES

__TI_cinit_table @ 00001198 records: 2, size/record: 8, table size: 16
	.data: load addr=00001170, load size=00000011 bytes, run addr=2000041c, run size=0000001c bytes, compression=lzss
	.bss: load addr=00001190, load size=00000008 bytes, run addr=20000400, run size=0000001c bytes, compression=zero_init


LINKER GENERATED HANDLER TABLE

__TI_handler_table @ 00001184 records: 3, size/record: 4, table size: 12
	index: 0, handler: __TI_decompress_lzss
	index: 1, handler: __TI_decompress_none
	index: 2, handler: __TI_zero_init


GLOBAL SYMBOLS: SORTED ALPHABETICALLY BY Name 

address   name                          
-------   ----                          
00001097  ADC14_IRQHandler              
00001097  AES256_IRQHandler             
00001097  BusFault_Handler              
000010a9  C$$EXIT                       
00001097  COMP_E0_IRQHandler            
00001097  COMP_E1_IRQHandler            
00001097  CS_IRQHandler                 
00000247  Clear_LCD                     
00001097  DMA_ERR_IRQHandler            
00001097  DMA_INT0_IRQHandler           
00001097  DMA_INT1_IRQHandler           
00001097  DMA_INT2_IRQHandler           
00001097  DMA_INT3_IRQHandler           
00001097  DebugMon_Handler              
00001097  Default_Handler               
00001097  EUSCIA0_IRQHandler            
00001097  EUSCIA1_IRQHandler            
00001097  EUSCIA2_IRQHandler            
00001097  EUSCIA3_IRQHandler            
00001097  EUSCIB0_IRQHandler            
00001097  EUSCIB1_IRQHandler            
00001097  EUSCIB2_IRQHandler            
00001097  EUSCIB3_IRQHandler            
0000026b  Entry_mode_set                
00001097  FLCTL_IRQHandler              
00001097  FPU_IRQHandler                
00001097  HardFault_Handler             
000002df  Home_LCD                      
00000291  Init_LCD                      
00001097  MemManage_Handler             
00001097  NMI_Handler                   
00001097  PCM_IRQHandler                
00001097  PORT1_IRQHandler              
00001097  PORT2_IRQHandler              
00001097  PORT3_IRQHandler              
00001097  PORT4_IRQHandler              
00001097  PORT5_IRQHandler              
0000069f  PORT6_IRQHandler              
0000069f  PORT6_IRQHandler              
00001097  PSS_IRQHandler                
00001097  PendSV_Handler                
00001097  RTC_C_IRQHandler              
0000108b  Reset_Handler                 
00001097  SVC_Handler                   
00001097  SysTick_Handler               
20000434  SystemCoreClock               
00000797  SystemCoreClockUpdate         
00000741  SystemInit                    
00001097  T32_INT1_IRQHandler           
00001097  T32_INT2_IRQHandler           
00001097  T32_INTC_IRQHandler           
00001097  TA0_0_IRQHandler              
00000685  TA0_N_IRQHandler              
00000685  TA0_N_IRQHandler              
00001097  TA1_0_IRQHandler              
00001097  TA1_N_IRQHandler              
00001097  TA2_0_IRQHandler              
00001097  TA2_N_IRQHandler              
00001097  TA3_0_IRQHandler              
00001097  TA3_N_IRQHandler              
00001097  UsageFault_Handler            
4000480c  WDTCTL_SYM                    
00001097  WDT_A_IRQHandler              
000001bd  Write_char_LCD                
0000022b  Write_string_LCD              
20010000  __STACK_END                   
00000200  __STACK_SIZE                  
00000400  __SYSMEM_SIZE                 
00001198  __TI_CINIT_Base               
000011a8  __TI_CINIT_Limit              
00001184  __TI_Handler_Table_Base       
00001190  __TI_Handler_Table_Limit      
00000f79  __TI_auto_init_nobinit_nopinit
00000f11  __TI_decompress_lzss          
0000107d  __TI_decompress_none          
ffffffff  __TI_pprof_out_hndl           
ffffffff  __TI_prof_data_size           
ffffffff  __TI_prof_data_start          
00000000  __TI_static_base__            
00001019  __TI_zero_init_nomemset       
000010a1  __abort_execution             
00000d09  __aeabi_memcpy                
00000d09  __aeabi_memcpy4               
00000d09  __aeabi_memcpy8               
ffffffff  __binit__                     
ffffffff  __c_args__                    
UNDEFED   __mpu_init                    
2000fe00  __stack                       
00000921  __vla_alloc                   
00000e99  __vla_dealloc                 
00000fbd  _c_int00_noargs               
2000041c  _lock                         
000010ad  _nop                          
20000000  _sys_memory                   
UNDEFED   _system_post_cinit            
000010a5  _system_pre_init              
20000420  _unlock                       
000010a9  abort                         
00000a55  aligned_alloc                 
ffffffff  binit                         
000004e5  delay_us                      
00000199  display_ON_OFF_CTRL           
00000b49  free                          
00000000  interruptVectors              
00000625  itoa                          
00000601  main                          
00001099  malloc                        
00000a55  memalign                      
00000d09  memcpy                        
00000175  next_line_pos                 
2000042c  over_fl                       
00000c31  realloc                       
0000046b  ret_freq_prop                 
000005d9  reverse                       
0000035f  set_DCO                       
000000fd  set_LCD                       
00000329  set_clk                       
00000583  set_everything                
000000e5  set_outputs                   
00001051  strcmp                        
00001069  strlen                        
00000539  swap                          
20000430  toggle                        


GLOBAL SYMBOLS: SORTED BY Symbol Address 

address   name                          
-------   ----                          
00000000  __TI_static_base__            
00000000  interruptVectors              
000000e5  set_outputs                   
000000fd  set_LCD                       
00000175  next_line_pos                 
00000199  display_ON_OFF_CTRL           
000001bd  Write_char_LCD                
00000200  __STACK_SIZE                  
0000022b  Write_string_LCD              
00000247  Clear_LCD                     
0000026b  Entry_mode_set                
00000291  Init_LCD                      
000002df  Home_LCD                      
00000329  set_clk                       
0000035f  set_DCO                       
00000400  __SYSMEM_SIZE                 
0000046b  ret_freq_prop                 
000004e5  delay_us                      
00000539  swap                          
00000583  set_everything                
000005d9  reverse                       
00000601  main                          
00000625  itoa                          
00000685  TA0_N_IRQHandler              
00000685  TA0_N_IRQHandler              
0000069f  PORT6_IRQHandler              
0000069f  PORT6_IRQHandler              
00000741  SystemInit                    
00000797  SystemCoreClockUpdate         
00000921  __vla_alloc                   
00000a55  aligned_alloc                 
00000a55  memalign                      
00000b49  free                          
00000c31  realloc                       
00000d09  __aeabi_memcpy                
00000d09  __aeabi_memcpy4               
00000d09  __aeabi_memcpy8               
00000d09  memcpy                        
00000e99  __vla_dealloc                 
00000f11  __TI_decompress_lzss          
00000f79  __TI_auto_init_nobinit_nopinit
00000fbd  _c_int00_noargs               
00001019  __TI_zero_init_nomemset       
00001051  strcmp                        
00001069  strlen                        
0000107d  __TI_decompress_none          
0000108b  Reset_Handler                 
00001097  ADC14_IRQHandler              
00001097  AES256_IRQHandler             
00001097  BusFault_Handler              
00001097  COMP_E0_IRQHandler            
00001097  COMP_E1_IRQHandler            
00001097  CS_IRQHandler                 
00001097  DMA_ERR_IRQHandler            
00001097  DMA_INT0_IRQHandler           
00001097  DMA_INT1_IRQHandler           
00001097  DMA_INT2_IRQHandler           
00001097  DMA_INT3_IRQHandler           
00001097  DebugMon_Handler              
00001097  Default_Handler               
00001097  EUSCIA0_IRQHandler            
00001097  EUSCIA1_IRQHandler            
00001097  EUSCIA2_IRQHandler            
00001097  EUSCIA3_IRQHandler            
00001097  EUSCIB0_IRQHandler            
00001097  EUSCIB1_IRQHandler            
00001097  EUSCIB2_IRQHandler            
00001097  EUSCIB3_IRQHandler            
00001097  FLCTL_IRQHandler              
00001097  FPU_IRQHandler                
00001097  HardFault_Handler             
00001097  MemManage_Handler             
00001097  NMI_Handler                   
00001097  PCM_IRQHandler                
00001097  PORT1_IRQHandler              
00001097  PORT2_IRQHandler              
00001097  PORT3_IRQHandler              
00001097  PORT4_IRQHandler              
00001097  PORT5_IRQHandler              
00001097  PSS_IRQHandler                
00001097  PendSV_Handler                
00001097  RTC_C_IRQHandler              
00001097  SVC_Handler                   
00001097  SysTick_Handler               
00001097  T32_INT1_IRQHandler           
00001097  T32_INT2_IRQHandler           
00001097  T32_INTC_IRQHandler           
00001097  TA0_0_IRQHandler              
00001097  TA1_0_IRQHandler              
00001097  TA1_N_IRQHandler              
00001097  TA2_0_IRQHandler              
00001097  TA2_N_IRQHandler              
00001097  TA3_0_IRQHandler              
00001097  TA3_N_IRQHandler              
00001097  UsageFault_Handler            
00001097  WDT_A_IRQHandler              
00001099  malloc                        
000010a1  __abort_execution             
000010a5  _system_pre_init              
000010a9  C$$EXIT                       
000010a9  abort                         
000010ad  _nop                          
00001184  __TI_Handler_Table_Base       
00001190  __TI_Handler_Table_Limit      
00001198  __TI_CINIT_Base               
000011a8  __TI_CINIT_Limit              
20000000  _sys_memory                   
2000041c  _lock                         
20000420  _unlock                       
2000042c  over_fl                       
20000430  toggle                        
20000434  SystemCoreClock               
2000fe00  __stack                       
20010000  __STACK_END                   
4000480c  WDTCTL_SYM                    
ffffffff  __TI_pprof_out_hndl           
ffffffff  __TI_prof_data_size           
ffffffff  __TI_prof_data_start          
ffffffff  __binit__                     
ffffffff  __c_args__                    
ffffffff  binit                         
UNDEFED   __mpu_init                    
UNDEFED   _system_post_cinit            

[123 symbols]
