******************************************************************************
                  TI ARM Linker Unix v18.12.2                  
******************************************************************************
>> Linked Sat Oct 19 11:52:36 2019

OUTPUT FILE NAME:   <SPI DAC and Waveform Generation.out>
ENTRY POINT SYMBOL: "_c_int00_noargs"  address: 00002299


MEMORY CONFIGURATION

         name            origin    length      used     unused   attr    fill
----------------------  --------  ---------  --------  --------  ----  --------
  MAIN                  00000000   00040000  0000254c  0003dab4  R  X
  INFO                  00200000   00004000  00000000  00004000  R  X
  SRAM_CODE             01000000   00010000  0000020c  0000fdf4  RW X
  SRAM_DATA             20000000   00010000  0000020c  0000fdf4  RW  


SEGMENT ALLOCATION MAP

run origin  load origin   length   init length attrs members
----------  ----------- ---------- ----------- ----- -------
00000000    00000000    00002550   00002550    r-x
  00000000    00000000    000000e4   000000e4    r-- .intvecs
  000000e4    000000e4    00002290   00002290    r-x .text
  00002378    00002378    000001a8   000001a8    r-- .const
  00002520    00002520    00000030   00000030    r-- .cinit
20000000    20000000    0000000c   00000000    rw-
  20000000    20000000    00000008   00000000    rw- .data
  20000008    20000008    00000004   00000000    rw- .bss
2000fe00    2000fe00    00000200   00000000    rw-
  2000fe00    2000fe00    00000200   00000000    rw- .stack


SECTION ALLOCATION MAP

 output                                  attributes/
section   page    origin      length       input sections
--------  ----  ----------  ----------   ----------------
.intvecs   0    00000000    000000e4     
                  00000000    000000e4     startup_msp432p401r_ccs.obj (.intvecs:retain)

.text      0    000000e4    00002290     
                  000000e4    00000738     rtsv7M4_T_le_v4SPD16_eabi.lib : k_rem_pio2.c.obj (.text:__kernel_rem_pio2)
                  0000081c    000005dc                                   : s_cos.c.obj (.text:cos)
                  00000df8    00000334     system_msp432p401r.obj (.text)
                  0000112c    00000314     delay.obj (.text)
                  00001440    000002a8     DAC.obj (.text)
                  000016e8    000001b6     rtsv7M4_T_le_v4SPD16_eabi.lib : fd_add_t2.asm.obj (.text)
                  0000189e    00000002     --HOLE-- [fill = 0]
                  000018a0    00000174                                   : k_sin.c.obj (.text:__kernel_sin)
                  00001a14    0000016c                                   : k_cos.c.obj (.text:__kernel_cos)
                  00001b80    00000110                                   : s_scalbn.c.obj (.text:scalbn)
                  00001c90    000000fc                                   : fd_mul_t2.asm.obj (.text)
                  00001d8c    000000f8                                   : s_floor.c.obj (.text:floor)
                  00001e84    000000d0     main.obj (.text)
                  00001f54    0000009c     rtsv7M4_T_le_v4SPD16_eabi.lib : memcpy_t2.asm.obj (.text)
                  00001ff0    00000086                                   : fd_cmp_t2.asm.obj (.text:__aeabi_cdcmple)
                  00002076    00000086                                   : fd_cmp_t2.asm.obj (.text:__aeabi_cdrcmple)
                  000020fc    0000006e                                   : fd_tos_t2.asm.obj (.text)
                  0000216a    00000068                                   : copy_decompress_lzss.c.obj (.text:decompress:lzss:__TI_decompress_lzss)
                  000021d2    00000048                                   : fd_toi_t2.asm.obj (.text)
                  0000221a    00000002     --HOLE-- [fill = 0]
                  0000221c    00000044                                   : autoinit.c.obj (.text:__TI_auto_init_nobinit_nopinit:__TI_auto_init_nobinit_nopinit)
                  00002260    00000038                                   : fs_tod_t2.asm.obj (.text)
                  00002298    00000034                                   : boot_cortex_m.c.obj (.text:_c_int00_noargs:_c_int00_noargs)
                  000022cc    0000002e                                   : i_tofd_t2.asm.obj (.text)
                  000022fa    0000001c                                   : copy_zero_init.c.obj (.text:decompress:ZI:__TI_zero_init_nomemset:__TI_zero_init_nomemset)
                  00002316    0000001a                                   : s_copysign.c.obj (.text:copysign)
                  00002330    00000018                                   : strcmp.c.obj (.text:strcmp)
                  00002348    0000000e                                   : copy_decompress_none.c.obj (.text:decompress:none:__TI_decompress_none)
                  00002356    0000000e     startup_msp432p401r_ccs.obj (.text)
                  00002364    00000008     rtsv7M4_T_le_v4SPD16_eabi.lib : errno.c.obj (.text:__aeabi_errno_addr)
                  0000236c    00000004                                   : pre_init.c.obj (.text:_system_pre_init)
                  00002370    00000004                                   : exit.c.obj (.text:abort:abort)

.const     0    00002378    000001a8     
                  00002378    00000158     rtsv7M4_T_le_v4SPD16_eabi.lib : k_rem_pio2.c.obj (.const:$O1$$)
                  000024d0    0000000c     delay.obj (.const:$P$T10$5)
                  000024dc    0000000c     delay.obj (.const:$P$T11$6)
                  000024e8    0000000c     delay.obj (.const:$P$T6$1)
                  000024f4    0000000c     delay.obj (.const:$P$T7$2)
                  00002500    0000000c     delay.obj (.const:$P$T8$3)
                  0000250c    0000000c     delay.obj (.const:$P$T9$4)
                  00002518    00000008     main.obj (.const:$P$T0$1)

.cinit     0    00002520    00000030     
                  00002520    0000000c     (__TI_handler_table)
                  0000252c    0000000b     (.cinit..data.load) [load image, compression = lzss]
                  00002537    00000001     --HOLE-- [fill = 0]
                  00002538    00000008     (.cinit..bss.load) [load image, compression = zero_init]
                  00002540    00000010     (__TI_cinit_table)

.init_array 
*          0    00000000    00000000     UNINITIALIZED

.binit     0    00000000    00000000     

.data      0    20000000    00000008     UNINITIALIZED
                  20000000    00000004     rtsv7M4_T_le_v4SPD16_eabi.lib : errno.c.obj (.data)
                  20000004    00000004     system_msp432p401r.obj (.data)

.bss       0    20000008    00000004     UNINITIALIZED
                  20000008    00000004     main.obj (.bss)

.stack     0    2000fe00    00000200     UNINITIALIZED
                  2000fe00    00000004     rtsv7M4_T_le_v4SPD16_eabi.lib : boot_cortex_m.c.obj (.stack)
                  2000fe04    000001fc     --HOLE--

MODULE SUMMARY

       Module                        code   ro data   rw data
       ------                        ----   -------   -------
    ./
       delay.obj                     788    72        0      
       system_msp432p401r.obj        820    0         8      
       DAC.obj                       680    0         0      
       startup_msp432p401r_ccs.obj   14     228       0      
       main.obj                      208    8         8      
    +--+-----------------------------+------+---------+---------+
       Total:                        2510   308       16     
                                                             
    /opt/ccstudio/ccs/tools/compiler/ti-cgt-arm_18.12.2.LTS/lib/rtsv7M4_T_le_v4SPD16_eabi.lib
       k_rem_pio2.c.obj              1848   344       0      
       s_cos.c.obj                   1500   0         0      
       fd_add_t2.asm.obj             438    0         0      
       k_sin.c.obj                   372    0         0      
       k_cos.c.obj                   364    0         0      
       s_scalbn.c.obj                272    0         0      
       fd_cmp_t2.asm.obj             268    0         0      
       fd_mul_t2.asm.obj             252    0         0      
       s_floor.c.obj                 248    0         0      
       memcpy_t2.asm.obj             156    0         0      
       fd_tos_t2.asm.obj             110    0         0      
       copy_decompress_lzss.c.obj    104    0         0      
       fd_toi_t2.asm.obj             72     0         0      
       autoinit.c.obj                68     0         0      
       fs_tod_t2.asm.obj             56     0         0      
       boot_cortex_m.c.obj           52     0         0      
       i_tofd_t2.asm.obj             46     0         0      
       copy_zero_init.c.obj          28     0         0      
       s_copysign.c.obj              26     0         0      
       strcmp.c.obj                  24     0         0      
       errno.c.obj                   8      0         8      
       copy_decompress_none.c.obj    14     0         0      
       exit.c.obj                    4      0         0      
       pre_init.c.obj                4      0         0      
    +--+-----------------------------+------+---------+---------+
       Total:                        6334   344       8      
                                                             
       Stack:                        0      0         1024   
       Linker Generated:             0      47        0      
    +--+-----------------------------+------+---------+---------+
       Grand Total:                  8844   699       1048   


LINKER GENERATED COPY TABLES

__TI_cinit_table @ 00002540 records: 2, size/record: 8, table size: 16
	.data: load addr=0000252c, load size=0000000b bytes, run addr=20000000, run size=00000008 bytes, compression=lzss
	.bss: load addr=00002538, load size=00000008 bytes, run addr=20000008, run size=00000004 bytes, compression=zero_init


LINKER GENERATED HANDLER TABLE

__TI_handler_table @ 00002520 records: 3, size/record: 4, table size: 12
	index: 0, handler: __TI_decompress_lzss
	index: 1, handler: __TI_decompress_none
	index: 2, handler: __TI_zero_init


GLOBAL SYMBOLS: SORTED ALPHABETICALLY BY Name 

address   name                          
-------   ----                          
00002363  ADC14_IRQHandler              
00002363  AES256_IRQHandler             
00002363  BusFault_Handler              
00002371  C$$EXIT                       
00002363  COMP_E0_IRQHandler            
00002363  COMP_E1_IRQHandler            
00002363  CS_IRQHandler                 
00002363  DMA_ERR_IRQHandler            
00002363  DMA_INT0_IRQHandler           
00002363  DMA_INT1_IRQHandler           
00002363  DMA_INT2_IRQHandler           
00002363  DMA_INT3_IRQHandler           
00002363  DebugMon_Handler              
00002363  Default_Handler               
00002363  EUSCIA0_IRQHandler            
00002363  EUSCIA1_IRQHandler            
00002363  EUSCIA2_IRQHandler            
00002363  EUSCIA3_IRQHandler            
00002363  EUSCIB0_IRQHandler            
00002363  EUSCIB1_IRQHandler            
00002363  EUSCIB2_IRQHandler            
00002363  EUSCIB3_IRQHandler            
00002363  FLCTL_IRQHandler              
00002363  FPU_IRQHandler                
00002363  HardFault_Handler             
00002363  MemManage_Handler             
00002363  NMI_Handler                   
00002363  PCM_IRQHandler                
00002363  PORT1_IRQHandler              
00002363  PORT2_IRQHandler              
00002363  PORT3_IRQHandler              
00002363  PORT4_IRQHandler              
00002363  PORT5_IRQHandler              
00002363  PORT6_IRQHandler              
00002363  PSS_IRQHandler                
00002363  PendSV_Handler                
00002363  RTC_C_IRQHandler              
00002357  Reset_Handler                 
00002363  SVC_Handler                   
00002363  SysTick_Handler               
20000004  SystemCoreClock               
00000df9  SystemCoreClockUpdate         
00001071  SystemInit                    
00002363  T32_INT1_IRQHandler           
00002363  T32_INT2_IRQHandler           
00002363  T32_INTC_IRQHandler           
00001e85  TA0_0_IRQHandler              
00001e85  TA0_0_IRQHandler              
00002363  TA0_N_IRQHandler              
00002363  TA1_0_IRQHandler              
00002363  TA1_N_IRQHandler              
00002363  TA2_0_IRQHandler              
00002363  TA2_N_IRQHandler              
00002363  TA3_0_IRQHandler              
00002363  TA3_N_IRQHandler              
00002363  UsageFault_Handler            
4000480c  WDTCTL_SYM                    
00002363  WDT_A_IRQHandler              
20010000  __STACK_END                   
00000200  __STACK_SIZE                  
00002540  __TI_CINIT_Base               
00002550  __TI_CINIT_Limit              
00002520  __TI_Handler_Table_Base       
0000252c  __TI_Handler_Table_Limit      
0000221d  __TI_auto_init_nobinit_nopinit
0000216b  __TI_decompress_lzss          
00002349  __TI_decompress_none          
ffffffff  __TI_pprof_out_hndl           
ffffffff  __TI_prof_data_size           
ffffffff  __TI_prof_data_start          
00000000  __TI_static_base__            
000022fb  __TI_zero_init_nomemset       
00001ff1  __aeabi_cdcmpeq               
00001ff1  __aeabi_cdcmple               
00002077  __aeabi_cdrcmple              
000020fd  __aeabi_d2f                   
000021d3  __aeabi_d2iz                  
000016f3  __aeabi_dadd                  
00001c91  __aeabi_dmul                  
000016e9  __aeabi_dsub                  
00002365  __aeabi_errno_addr            
00002261  __aeabi_f2d                   
000022cd  __aeabi_i2d                   
00001f55  __aeabi_memcpy                
00001f55  __aeabi_memcpy4               
00001f55  __aeabi_memcpy8               
ffffffff  __binit__                     
ffffffff  __c_args__                    
00001a15  __kernel_cos                  
000000e5  __kernel_rem_pio2             
000018a1  __kernel_sin                  
UNDEFED   __mpu_init                    
2000fe00  __stack                       
00002299  _c_int00_noargs               
UNDEFED   _system_post_cinit            
0000236d  _system_pre_init              
00002371  abort                         
ffffffff  binit                         
00002317  copysign                      
00002317  copysignl                     
0000081d  cos                           
0000081d  cosl                          
00001375  delay_us                      
20000000  errno                         
00001d8d  floor                         
00001d8d  floorl                        
0000158d  gen_arrays                    
0000148d  init_SPI                      
00001441  init_TimerA                   
00000000  interruptVectors              
00001b81  ldexp                         
00001b81  ldexpl                        
00001ec3  main                          
00001f55  memcpy                        
000012ef  ret_freq_prop                 
00001b81  scalbn                        
00001b81  scalbnl                       
000014c9  send_to_DAC                   
0000116b  set_DCO                       
0000112d  set_clk                       
00002331  strcmp                        
00001521  voltage_to_dacData            


GLOBAL SYMBOLS: SORTED BY Symbol Address 

address   name                          
-------   ----                          
00000000  __TI_static_base__            
00000000  interruptVectors              
000000e5  __kernel_rem_pio2             
00000200  __STACK_SIZE                  
0000081d  cos                           
0000081d  cosl                          
00000df9  SystemCoreClockUpdate         
00001071  SystemInit                    
0000112d  set_clk                       
0000116b  set_DCO                       
000012ef  ret_freq_prop                 
00001375  delay_us                      
00001441  init_TimerA                   
0000148d  init_SPI                      
000014c9  send_to_DAC                   
00001521  voltage_to_dacData            
0000158d  gen_arrays                    
000016e9  __aeabi_dsub                  
000016f3  __aeabi_dadd                  
000018a1  __kernel_sin                  
00001a15  __kernel_cos                  
00001b81  ldexp                         
00001b81  ldexpl                        
00001b81  scalbn                        
00001b81  scalbnl                       
00001c91  __aeabi_dmul                  
00001d8d  floor                         
00001d8d  floorl                        
00001e85  TA0_0_IRQHandler              
00001e85  TA0_0_IRQHandler              
00001ec3  main                          
00001f55  __aeabi_memcpy                
00001f55  __aeabi_memcpy4               
00001f55  __aeabi_memcpy8               
00001f55  memcpy                        
00001ff1  __aeabi_cdcmpeq               
00001ff1  __aeabi_cdcmple               
00002077  __aeabi_cdrcmple              
000020fd  __aeabi_d2f                   
0000216b  __TI_decompress_lzss          
000021d3  __aeabi_d2iz                  
0000221d  __TI_auto_init_nobinit_nopinit
00002261  __aeabi_f2d                   
00002299  _c_int00_noargs               
000022cd  __aeabi_i2d                   
000022fb  __TI_zero_init_nomemset       
00002317  copysign                      
00002317  copysignl                     
00002331  strcmp                        
00002349  __TI_decompress_none          
00002357  Reset_Handler                 
00002363  ADC14_IRQHandler              
00002363  AES256_IRQHandler             
00002363  BusFault_Handler              
00002363  COMP_E0_IRQHandler            
00002363  COMP_E1_IRQHandler            
00002363  CS_IRQHandler                 
00002363  DMA_ERR_IRQHandler            
00002363  DMA_INT0_IRQHandler           
00002363  DMA_INT1_IRQHandler           
00002363  DMA_INT2_IRQHandler           
00002363  DMA_INT3_IRQHandler           
00002363  DebugMon_Handler              
00002363  Default_Handler               
00002363  EUSCIA0_IRQHandler            
00002363  EUSCIA1_IRQHandler            
00002363  EUSCIA2_IRQHandler            
00002363  EUSCIA3_IRQHandler            
00002363  EUSCIB0_IRQHandler            
00002363  EUSCIB1_IRQHandler            
00002363  EUSCIB2_IRQHandler            
00002363  EUSCIB3_IRQHandler            
00002363  FLCTL_IRQHandler              
00002363  FPU_IRQHandler                
00002363  HardFault_Handler             
00002363  MemManage_Handler             
00002363  NMI_Handler                   
00002363  PCM_IRQHandler                
00002363  PORT1_IRQHandler              
00002363  PORT2_IRQHandler              
00002363  PORT3_IRQHandler              
00002363  PORT4_IRQHandler              
00002363  PORT5_IRQHandler              
00002363  PORT6_IRQHandler              
00002363  PSS_IRQHandler                
00002363  PendSV_Handler                
00002363  RTC_C_IRQHandler              
00002363  SVC_Handler                   
00002363  SysTick_Handler               
00002363  T32_INT1_IRQHandler           
00002363  T32_INT2_IRQHandler           
00002363  T32_INTC_IRQHandler           
00002363  TA0_N_IRQHandler              
00002363  TA1_0_IRQHandler              
00002363  TA1_N_IRQHandler              
00002363  TA2_0_IRQHandler              
00002363  TA2_N_IRQHandler              
00002363  TA3_0_IRQHandler              
00002363  TA3_N_IRQHandler              
00002363  UsageFault_Handler            
00002363  WDT_A_IRQHandler              
00002365  __aeabi_errno_addr            
0000236d  _system_pre_init              
00002371  C$$EXIT                       
00002371  abort                         
00002520  __TI_Handler_Table_Base       
0000252c  __TI_Handler_Table_Limit      
00002540  __TI_CINIT_Base               
00002550  __TI_CINIT_Limit              
20000000  errno                         
20000004  SystemCoreClock               
2000fe00  __stack                       
20010000  __STACK_END                   
4000480c  WDTCTL_SYM                    
ffffffff  __TI_pprof_out_hndl           
ffffffff  __TI_prof_data_size           
ffffffff  __TI_prof_data_start          
ffffffff  __binit__                     
ffffffff  __c_args__                    
ffffffff  binit                         
UNDEFED   __mpu_init                    
UNDEFED   _system_post_cinit            

[122 symbols]
