******************************************************************************
                  TI ARM Linker Unix v18.12.2                  
******************************************************************************
>> Linked Mon Oct 14 10:04:47 2019

OUTPUT FILE NAME:   <SPI DAC and Waveform Generation.out>
ENTRY POINT SYMBOL: "_c_int00_noargs"  address: 00000979


MEMORY CONFIGURATION

         name            origin    length      used     unused   attr    fill
----------------------  --------  ---------  --------  --------  ----  --------
  MAIN                  00000000   00040000  00000a4c  0003f5b4  R  X
  INFO                  00200000   00004000  00000000  00004000  R  X
  SRAM_CODE             01000000   00010000  00000204  0000fdfc  RW X
  SRAM_DATA             20000000   00010000  00000204  0000fdfc  RW  


SEGMENT ALLOCATION MAP

run origin  load origin   length   init length attrs members
----------  ----------- ---------- ----------- ----- -------
00000000    00000000    00000a50   00000a50    r-x
  00000000    00000000    000000e4   000000e4    r-- .intvecs
  000000e4    000000e4    00000904   00000904    r-x .text
  000009e8    000009e8    0000004c   0000004c    r-- .const
  00000a38    00000a38    00000018   00000018    r-- .cinit
20000000    20000000    00000004   00000000    rw-
  20000000    20000000    00000004   00000000    rw- .data
2000fe00    2000fe00    00000200   00000000    rw-
  2000fe00    2000fe00    00000200   00000000    rw- .stack


SECTION ALLOCATION MAP

 output                                  attributes/
section   page    origin      length       input sections
--------  ----  ----------  ----------   ----------------
.intvecs   0    00000000    000000e4     
                  00000000    000000e4     startup_msp432p401r_ccs.obj (.intvecs:retain)

.text      0    000000e4    00000904     
                  000000e4    00000334     system_msp432p401r.obj (.text)
                  00000418    00000314     delay.obj (.text)
                  0000072c    00000104     main.obj (.text)
                  00000830    0000009c     rtsv7M4_T_le_v4SPD16_eabi.lib : memcpy_t2.asm.obj (.text)
                  000008cc    00000068                                   : copy_decompress_lzss.c.obj (.text:decompress:lzss:__TI_decompress_lzss)
                  00000934    00000044                                   : autoinit.c.obj (.text:__TI_auto_init_nobinit_nopinit:__TI_auto_init_nobinit_nopinit)
                  00000978    00000034                                   : boot_cortex_m.c.obj (.text:_c_int00_noargs:_c_int00_noargs)
                  000009ac    00000018                                   : strcmp.c.obj (.text:strcmp)
                  000009c4    0000000e                                   : copy_decompress_none.c.obj (.text:decompress:none:__TI_decompress_none)
                  000009d2    0000000e     startup_msp432p401r_ccs.obj (.text)
                  000009e0    00000004     rtsv7M4_T_le_v4SPD16_eabi.lib : pre_init.c.obj (.text:_system_pre_init)
                  000009e4    00000004                                   : exit.c.obj (.text:abort:abort)

.const     0    000009e8    0000004c     
                  000009e8    0000000c     delay.obj (.const:$P$T10$5)
                  000009f4    0000000c     delay.obj (.const:$P$T11$6)
                  00000a00    0000000c     delay.obj (.const:$P$T6$1)
                  00000a0c    0000000c     delay.obj (.const:$P$T7$2)
                  00000a18    0000000c     delay.obj (.const:$P$T8$3)
                  00000a24    0000000c     delay.obj (.const:$P$T9$4)
                  00000a30    00000004     main.obj (.const:$P$T0$1)

.cinit     0    00000a38    00000018     
                  00000a38    00000008     (.cinit..data.load) [load image, compression = lzss]
                  00000a40    00000008     (__TI_handler_table)
                  00000a48    00000008     (__TI_cinit_table)

.init_array 
*          0    00000000    00000000     UNINITIALIZED

.binit     0    00000000    00000000     

.data      0    20000000    00000004     UNINITIALIZED
                  20000000    00000004     system_msp432p401r.obj (.data)

.stack     0    2000fe00    00000200     UNINITIALIZED
                  2000fe00    00000004     rtsv7M4_T_le_v4SPD16_eabi.lib : boot_cortex_m.c.obj (.stack)
                  2000fe04    000001fc     --HOLE--

MODULE SUMMARY

       Module                        code   ro data   rw data
       ------                        ----   -------   -------
    ./
       delay.obj                     788    72        0      
       system_msp432p401r.obj        820    0         8      
       main.obj                      260    4         0      
       startup_msp432p401r_ccs.obj   14     228       0      
    +--+-----------------------------+------+---------+---------+
       Total:                        1882   304       8      
                                                             
    /opt/ccstudio/ccs/tools/compiler/ti-cgt-arm_18.12.2.LTS/lib/rtsv7M4_T_le_v4SPD16_eabi.lib
       memcpy_t2.asm.obj             156    0         0      
       copy_decompress_lzss.c.obj    104    0         0      
       autoinit.c.obj                68     0         0      
       boot_cortex_m.c.obj           52     0         0      
       strcmp.c.obj                  24     0         0      
       copy_decompress_none.c.obj    14     0         0      
       exit.c.obj                    4      0         0      
       pre_init.c.obj                4      0         0      
    +--+-----------------------------+------+---------+---------+
       Total:                        426    0         0      
                                                             
       Stack:                        0      0         1024   
       Linker Generated:             0      24        0      
    +--+-----------------------------+------+---------+---------+
       Grand Total:                  2308   328       1032   


LINKER GENERATED COPY TABLES

__TI_cinit_table @ 00000a48 records: 1, size/record: 8, table size: 8
	.data: load addr=00000a38, load size=00000008 bytes, run addr=20000000, run size=00000004 bytes, compression=lzss


LINKER GENERATED HANDLER TABLE

__TI_handler_table @ 00000a40 records: 2, size/record: 4, table size: 8
	index: 0, handler: __TI_decompress_lzss
	index: 1, handler: __TI_decompress_none


GLOBAL SYMBOLS: SORTED ALPHABETICALLY BY Name 

address   name                          
-------   ----                          
000009df  ADC14_IRQHandler              
000009df  AES256_IRQHandler             
000009df  BusFault_Handler              
000009e5  C$$EXIT                       
000009df  COMP_E0_IRQHandler            
000009df  COMP_E1_IRQHandler            
000009df  CS_IRQHandler                 
000009df  DMA_ERR_IRQHandler            
000009df  DMA_INT0_IRQHandler           
000009df  DMA_INT1_IRQHandler           
000009df  DMA_INT2_IRQHandler           
000009df  DMA_INT3_IRQHandler           
000009df  DebugMon_Handler              
000009df  Default_Handler               
000009df  EUSCIA0_IRQHandler            
000009df  EUSCIA1_IRQHandler            
000009df  EUSCIA2_IRQHandler            
000009df  EUSCIA3_IRQHandler            
000009df  EUSCIB0_IRQHandler            
000009df  EUSCIB1_IRQHandler            
000009df  EUSCIB2_IRQHandler            
000009df  EUSCIB3_IRQHandler            
000009df  FLCTL_IRQHandler              
000009df  FPU_IRQHandler                
000009df  HardFault_Handler             
000009df  MemManage_Handler             
000009df  NMI_Handler                   
000009df  PCM_IRQHandler                
000009df  PORT1_IRQHandler              
000009df  PORT2_IRQHandler              
000009df  PORT3_IRQHandler              
000009df  PORT4_IRQHandler              
000009df  PORT5_IRQHandler              
000009df  PORT6_IRQHandler              
000009df  PSS_IRQHandler                
000009df  PendSV_Handler                
000009df  RTC_C_IRQHandler              
000009d3  Reset_Handler                 
000009df  SVC_Handler                   
000009df  SysTick_Handler               
20000000  SystemCoreClock               
000000e5  SystemCoreClockUpdate         
0000035d  SystemInit                    
000009df  T32_INT1_IRQHandler           
000009df  T32_INT2_IRQHandler           
000009df  T32_INTC_IRQHandler           
000009df  TA0_0_IRQHandler              
000009df  TA0_N_IRQHandler              
000009df  TA1_0_IRQHandler              
000009df  TA1_N_IRQHandler              
000009df  TA2_0_IRQHandler              
000009df  TA2_N_IRQHandler              
000009df  TA3_0_IRQHandler              
000009df  TA3_N_IRQHandler              
000009df  UsageFault_Handler            
4000480c  WDTCTL_SYM                    
000009df  WDT_A_IRQHandler              
20010000  __STACK_END                   
00000200  __STACK_SIZE                  
00000a48  __TI_CINIT_Base               
00000a50  __TI_CINIT_Limit              
00000a40  __TI_Handler_Table_Base       
00000a48  __TI_Handler_Table_Limit      
00000935  __TI_auto_init_nobinit_nopinit
000008cd  __TI_decompress_lzss          
000009c5  __TI_decompress_none          
ffffffff  __TI_pprof_out_hndl           
ffffffff  __TI_prof_data_size           
ffffffff  __TI_prof_data_start          
00000000  __TI_static_base__            
00000831  __aeabi_memcpy                
00000831  __aeabi_memcpy4               
00000831  __aeabi_memcpy8               
ffffffff  __binit__                     
ffffffff  __c_args__                    
UNDEFED   __mpu_init                    
2000fe00  __stack                       
00000979  _c_int00_noargs               
UNDEFED   _system_post_cinit            
000009e1  _system_pre_init              
000009e5  abort                         
ffffffff  binit                         
00000661  delay_us                      
0000072d  init_SPI                      
00000000  interruptVectors              
000007cb  main                          
00000831  memcpy                        
000005db  ret_freq_prop                 
00000773  send_to_DAC                   
00000457  set_DCO                       
00000419  set_clk                       
000009ad  strcmp                        


GLOBAL SYMBOLS: SORTED BY Symbol Address 

address   name                          
-------   ----                          
00000000  __TI_static_base__            
00000000  interruptVectors              
000000e5  SystemCoreClockUpdate         
00000200  __STACK_SIZE                  
0000035d  SystemInit                    
00000419  set_clk                       
00000457  set_DCO                       
000005db  ret_freq_prop                 
00000661  delay_us                      
0000072d  init_SPI                      
00000773  send_to_DAC                   
000007cb  main                          
00000831  __aeabi_memcpy                
00000831  __aeabi_memcpy4               
00000831  __aeabi_memcpy8               
00000831  memcpy                        
000008cd  __TI_decompress_lzss          
00000935  __TI_auto_init_nobinit_nopinit
00000979  _c_int00_noargs               
000009ad  strcmp                        
000009c5  __TI_decompress_none          
000009d3  Reset_Handler                 
000009df  ADC14_IRQHandler              
000009df  AES256_IRQHandler             
000009df  BusFault_Handler              
000009df  COMP_E0_IRQHandler            
000009df  COMP_E1_IRQHandler            
000009df  CS_IRQHandler                 
000009df  DMA_ERR_IRQHandler            
000009df  DMA_INT0_IRQHandler           
000009df  DMA_INT1_IRQHandler           
000009df  DMA_INT2_IRQHandler           
000009df  DMA_INT3_IRQHandler           
000009df  DebugMon_Handler              
000009df  Default_Handler               
000009df  EUSCIA0_IRQHandler            
000009df  EUSCIA1_IRQHandler            
000009df  EUSCIA2_IRQHandler            
000009df  EUSCIA3_IRQHandler            
000009df  EUSCIB0_IRQHandler            
000009df  EUSCIB1_IRQHandler            
000009df  EUSCIB2_IRQHandler            
000009df  EUSCIB3_IRQHandler            
000009df  FLCTL_IRQHandler              
000009df  FPU_IRQHandler                
000009df  HardFault_Handler             
000009df  MemManage_Handler             
000009df  NMI_Handler                   
000009df  PCM_IRQHandler                
000009df  PORT1_IRQHandler              
000009df  PORT2_IRQHandler              
000009df  PORT3_IRQHandler              
000009df  PORT4_IRQHandler              
000009df  PORT5_IRQHandler              
000009df  PORT6_IRQHandler              
000009df  PSS_IRQHandler                
000009df  PendSV_Handler                
000009df  RTC_C_IRQHandler              
000009df  SVC_Handler                   
000009df  SysTick_Handler               
000009df  T32_INT1_IRQHandler           
000009df  T32_INT2_IRQHandler           
000009df  T32_INTC_IRQHandler           
000009df  TA0_0_IRQHandler              
000009df  TA0_N_IRQHandler              
000009df  TA1_0_IRQHandler              
000009df  TA1_N_IRQHandler              
000009df  TA2_0_IRQHandler              
000009df  TA2_N_IRQHandler              
000009df  TA3_0_IRQHandler              
000009df  TA3_N_IRQHandler              
000009df  UsageFault_Handler            
000009df  WDT_A_IRQHandler              
000009e1  _system_pre_init              
000009e5  C$$EXIT                       
000009e5  abort                         
00000a40  __TI_Handler_Table_Base       
00000a48  __TI_CINIT_Base               
00000a48  __TI_Handler_Table_Limit      
00000a50  __TI_CINIT_Limit              
20000000  SystemCoreClock               
2000fe00  __stack                       
20010000  __STACK_END                   
4000480c  WDTCTL_SYM                    
ffffffff  __TI_pprof_out_hndl           
ffffffff  __TI_prof_data_size           
ffffffff  __TI_prof_data_start          
ffffffff  __binit__                     
ffffffff  __c_args__                    
ffffffff  binit                         
UNDEFED   __mpu_init                    
UNDEFED   _system_post_cinit            

[92 symbols]
