******************************************************************************
                  TI ARM Linker Unix v18.12.2                  
******************************************************************************
>> Linked Sat Oct 19 05:33:57 2019

OUTPUT FILE NAME:   <SPI DAC and Waveform Generation.out>
ENTRY POINT SYMBOL: "_c_int00_noargs"  address: 00002279


MEMORY CONFIGURATION

         name            origin    length      used     unused   attr    fill
----------------------  --------  ---------  --------  --------  ----  --------
  MAIN                  00000000   00040000  00002524  0003dadc  R  X
  INFO                  00200000   00004000  00000000  00004000  R  X
  SRAM_CODE             01000000   00010000  0000020c  0000fdf4  RW X
  SRAM_DATA             20000000   00010000  0000020c  0000fdf4  RW  


SEGMENT ALLOCATION MAP

run origin  load origin   length   init length attrs members
----------  ----------- ---------- ----------- ----- -------
00000000    00000000    00002528   00002528    r-x
  00000000    00000000    000000e4   000000e4    r-- .intvecs
  000000e4    000000e4    00002270   00002270    r-x .text
  00002358    00002358    000001a0   000001a0    r-- .const
  000024f8    000024f8    00000030   00000030    r-- .cinit
20000000    20000000    0000000c   00000000    rw-
  20000000    20000000    00000008   00000000    rw- .data
  20000008    20000008    00000004   00000000    rw- .bss
2000fe00    2000fe00    00000200   00000000    rw-
  2000fe00    2000fe00    00000200   00000000    rw- .stack


SECTION ALLOCATION MAP

 output                                  attributes/
section   page    origin      length       input sections
--------  ----  ----------  ----------   ----------------
.intvecs   0    00000000    000000e4     
                  00000000    000000e4     startup_msp432p401r_ccs.obj (.intvecs:retain)

.text      0    000000e4    00002270     
                  000000e4    00000738     rtsv7M4_T_le_v4SPD16_eabi.lib : k_rem_pio2.c.obj (.text:__kernel_rem_pio2)
                  0000081c    000005dc                                   : s_cos.c.obj (.text:cos)
                  00000df8    00000334     system_msp432p401r.obj (.text)
                  0000112c    00000314     delay.obj (.text)
                  00001440    000002a0     DAC.obj (.text)
                  000016e0    000001b6     rtsv7M4_T_le_v4SPD16_eabi.lib : fd_add_t2.asm.obj (.text)
                  00001896    00000002     --HOLE-- [fill = 0]
                  00001898    00000174                                   : k_sin.c.obj (.text:__kernel_sin)
                  00001a0c    0000016c                                   : k_cos.c.obj (.text:__kernel_cos)
                  00001b78    00000110                                   : s_scalbn.c.obj (.text:scalbn)
                  00001c88    000000fc                                   : fd_mul_t2.asm.obj (.text)
                  00001d84    000000f8                                   : s_floor.c.obj (.text:floor)
                  00001e7c    000000b8     main.obj (.text)
                  00001f34    0000009c     rtsv7M4_T_le_v4SPD16_eabi.lib : memcpy_t2.asm.obj (.text)
                  00001fd0    00000086                                   : fd_cmp_t2.asm.obj (.text:__aeabi_cdcmple)
                  00002056    00000086                                   : fd_cmp_t2.asm.obj (.text:__aeabi_cdrcmple)
                  000020dc    0000006e                                   : fd_tos_t2.asm.obj (.text)
                  0000214a    00000068                                   : copy_decompress_lzss.c.obj (.text:decompress:lzss:__TI_decompress_lzss)
                  000021b2    00000048                                   : fd_toi_t2.asm.obj (.text)
                  000021fa    00000002     --HOLE-- [fill = 0]
                  000021fc    00000044                                   : autoinit.c.obj (.text:__TI_auto_init_nobinit_nopinit:__TI_auto_init_nobinit_nopinit)
                  00002240    00000038                                   : fs_tod_t2.asm.obj (.text)
                  00002278    00000034                                   : boot_cortex_m.c.obj (.text:_c_int00_noargs:_c_int00_noargs)
                  000022ac    0000002e                                   : i_tofd_t2.asm.obj (.text)
                  000022da    0000001c                                   : copy_zero_init.c.obj (.text:decompress:ZI:__TI_zero_init_nomemset:__TI_zero_init_nomemset)
                  000022f6    0000001a                                   : s_copysign.c.obj (.text:copysign)
                  00002310    00000018                                   : strcmp.c.obj (.text:strcmp)
                  00002328    0000000e                                   : copy_decompress_none.c.obj (.text:decompress:none:__TI_decompress_none)
                  00002336    0000000e     startup_msp432p401r_ccs.obj (.text)
                  00002344    00000008     rtsv7M4_T_le_v4SPD16_eabi.lib : errno.c.obj (.text:__aeabi_errno_addr)
                  0000234c    00000004                                   : pre_init.c.obj (.text:_system_pre_init)
                  00002350    00000004                                   : exit.c.obj (.text:abort:abort)

.const     0    00002358    000001a0     
                  00002358    00000158     rtsv7M4_T_le_v4SPD16_eabi.lib : k_rem_pio2.c.obj (.const:$O1$$)
                  000024b0    0000000c     delay.obj (.const:$P$T10$5)
                  000024bc    0000000c     delay.obj (.const:$P$T11$6)
                  000024c8    0000000c     delay.obj (.const:$P$T6$1)
                  000024d4    0000000c     delay.obj (.const:$P$T7$2)
                  000024e0    0000000c     delay.obj (.const:$P$T8$3)
                  000024ec    0000000c     delay.obj (.const:$P$T9$4)

.cinit     0    000024f8    00000030     
                  000024f8    0000000c     (__TI_handler_table)
                  00002504    0000000b     (.cinit..data.load) [load image, compression = lzss]
                  0000250f    00000001     --HOLE-- [fill = 0]
                  00002510    00000008     (.cinit..bss.load) [load image, compression = zero_init]
                  00002518    00000010     (__TI_cinit_table)

.init_array 
*          0    00000000    00000000     UNINITIALIZED

.binit     0    00000000    00000000     

.data      0    20000000    00000008     UNINITIALIZED
                  20000000    00000004     rtsv7M4_T_le_v4SPD16_eabi.lib : errno.c.obj (.data)
                  20000004    00000004     system_msp432p401r.obj (.data)

.bss       0    20000008    00000004     UNINITIALIZED
                  20000008    00000004     main.obj (.bss)

.stack     0    2000fe00    00000200     UNINITIALIZED
                  2000fe00    00000004     rtsv7M4_T_le_v4SPD16_eabi.lib : boot_cortex_m.c.obj (.stack)
                  2000fe04    000001fc     --HOLE--

MODULE SUMMARY

       Module                        code   ro data   rw data
       ------                        ----   -------   -------
    ./
       delay.obj                     788    72        0      
       system_msp432p401r.obj        820    0         8      
       DAC.obj                       672    0         0      
       startup_msp432p401r_ccs.obj   14     228       0      
       main.obj                      184    0         8      
    +--+-----------------------------+------+---------+---------+
       Total:                        2478   300       16     
                                                             
    /opt/ccstudio/ccs/tools/compiler/ti-cgt-arm_18.12.2.LTS/lib/rtsv7M4_T_le_v4SPD16_eabi.lib
       k_rem_pio2.c.obj              1848   344       0      
       s_cos.c.obj                   1500   0         0      
       fd_add_t2.asm.obj             438    0         0      
       k_sin.c.obj                   372    0         0      
       k_cos.c.obj                   364    0         0      
       s_scalbn.c.obj                272    0         0      
       fd_cmp_t2.asm.obj             268    0         0      
       fd_mul_t2.asm.obj             252    0         0      
       s_floor.c.obj                 248    0         0      
       memcpy_t2.asm.obj             156    0         0      
       fd_tos_t2.asm.obj             110    0         0      
       copy_decompress_lzss.c.obj    104    0         0      
       fd_toi_t2.asm.obj             72     0         0      
       autoinit.c.obj                68     0         0      
       fs_tod_t2.asm.obj             56     0         0      
       boot_cortex_m.c.obj           52     0         0      
       i_tofd_t2.asm.obj             46     0         0      
       copy_zero_init.c.obj          28     0         0      
       s_copysign.c.obj              26     0         0      
       strcmp.c.obj                  24     0         0      
       errno.c.obj                   8      0         8      
       copy_decompress_none.c.obj    14     0         0      
       exit.c.obj                    4      0         0      
       pre_init.c.obj                4      0         0      
    +--+-----------------------------+------+---------+---------+
       Total:                        6334   344       8      
                                                             
       Stack:                        0      0         1024   
       Linker Generated:             0      47        0      
    +--+-----------------------------+------+---------+---------+
       Grand Total:                  8812   691       1048   


LINKER GENERATED COPY TABLES

__TI_cinit_table @ 00002518 records: 2, size/record: 8, table size: 16
	.data: load addr=00002504, load size=0000000b bytes, run addr=20000000, run size=00000008 bytes, compression=lzss
	.bss: load addr=00002510, load size=00000008 bytes, run addr=20000008, run size=00000004 bytes, compression=zero_init


LINKER GENERATED HANDLER TABLE

__TI_handler_table @ 000024f8 records: 3, size/record: 4, table size: 12
	index: 0, handler: __TI_decompress_lzss
	index: 1, handler: __TI_decompress_none
	index: 2, handler: __TI_zero_init


GLOBAL SYMBOLS: SORTED ALPHABETICALLY BY Name 

address   name                          
-------   ----                          
00002343  ADC14_IRQHandler              
00002343  AES256_IRQHandler             
00002343  BusFault_Handler              
00002351  C$$EXIT                       
00002343  COMP_E0_IRQHandler            
00002343  COMP_E1_IRQHandler            
00002343  CS_IRQHandler                 
00002343  DMA_ERR_IRQHandler            
00002343  DMA_INT0_IRQHandler           
00002343  DMA_INT1_IRQHandler           
00002343  DMA_INT2_IRQHandler           
00002343  DMA_INT3_IRQHandler           
00002343  DebugMon_Handler              
00002343  Default_Handler               
00002343  EUSCIA0_IRQHandler            
00002343  EUSCIA1_IRQHandler            
00002343  EUSCIA2_IRQHandler            
00002343  EUSCIA3_IRQHandler            
00002343  EUSCIB0_IRQHandler            
00002343  EUSCIB1_IRQHandler            
00002343  EUSCIB2_IRQHandler            
00002343  EUSCIB3_IRQHandler            
00002343  FLCTL_IRQHandler              
00002343  FPU_IRQHandler                
00002343  HardFault_Handler             
00002343  MemManage_Handler             
00002343  NMI_Handler                   
00002343  PCM_IRQHandler                
00002343  PORT1_IRQHandler              
00002343  PORT2_IRQHandler              
00002343  PORT3_IRQHandler              
00002343  PORT4_IRQHandler              
00002343  PORT5_IRQHandler              
00002343  PORT6_IRQHandler              
00002343  PSS_IRQHandler                
00002343  PendSV_Handler                
00002343  RTC_C_IRQHandler              
00002337  Reset_Handler                 
00002343  SVC_Handler                   
00002343  SysTick_Handler               
20000004  SystemCoreClock               
00000df9  SystemCoreClockUpdate         
00001071  SystemInit                    
00002343  T32_INT1_IRQHandler           
00002343  T32_INT2_IRQHandler           
00002343  T32_INTC_IRQHandler           
00001e7d  TA0_0_IRQHandler              
00001e7d  TA0_0_IRQHandler              
00002343  TA0_N_IRQHandler              
00002343  TA1_0_IRQHandler              
00002343  TA1_N_IRQHandler              
00002343  TA2_0_IRQHandler              
00002343  TA2_N_IRQHandler              
00002343  TA3_0_IRQHandler              
00002343  TA3_N_IRQHandler              
00002343  UsageFault_Handler            
4000480c  WDTCTL_SYM                    
00002343  WDT_A_IRQHandler              
20010000  __STACK_END                   
00000200  __STACK_SIZE                  
00002518  __TI_CINIT_Base               
00002528  __TI_CINIT_Limit              
000024f8  __TI_Handler_Table_Base       
00002504  __TI_Handler_Table_Limit      
000021fd  __TI_auto_init_nobinit_nopinit
0000214b  __TI_decompress_lzss          
00002329  __TI_decompress_none          
ffffffff  __TI_pprof_out_hndl           
ffffffff  __TI_prof_data_size           
ffffffff  __TI_prof_data_start          
00000000  __TI_static_base__            
000022db  __TI_zero_init_nomemset       
00001fd1  __aeabi_cdcmpeq               
00001fd1  __aeabi_cdcmple               
00002057  __aeabi_cdrcmple              
000020dd  __aeabi_d2f                   
000021b3  __aeabi_d2iz                  
000016eb  __aeabi_dadd                  
00001c89  __aeabi_dmul                  
000016e1  __aeabi_dsub                  
00002345  __aeabi_errno_addr            
00002241  __aeabi_f2d                   
000022ad  __aeabi_i2d                   
00001f35  __aeabi_memcpy                
00001f35  __aeabi_memcpy4               
00001f35  __aeabi_memcpy8               
ffffffff  __binit__                     
ffffffff  __c_args__                    
00001a0d  __kernel_cos                  
000000e5  __kernel_rem_pio2             
00001899  __kernel_sin                  
UNDEFED   __mpu_init                    
2000fe00  __stack                       
00002279  _c_int00_noargs               
UNDEFED   _system_post_cinit            
0000234d  _system_pre_init              
00002351  abort                         
ffffffff  binit                         
000022f7  copysign                      
000022f7  copysignl                     
0000081d  cos                           
0000081d  cosl                          
00001375  delay_us                      
20000000  errno                         
00001d85  floor                         
00001d85  floorl                        
00001585  gen_arrays                    
0000148b  init_SPI                      
00001441  init_TimerA                   
00000000  interruptVectors              
00001b79  ldexp                         
00001b79  ldexpl                        
00001eb9  main                          
00001f35  memcpy                        
000012ef  ret_freq_prop                 
00001b79  scalbn                        
00001b79  scalbnl                       
000014c7  send_to_DAC                   
0000116b  set_DCO                       
0000112d  set_clk                       
00002311  strcmp                        
0000151f  voltage_to_dacData            


GLOBAL SYMBOLS: SORTED BY Symbol Address 

address   name                          
-------   ----                          
00000000  __TI_static_base__            
00000000  interruptVectors              
000000e5  __kernel_rem_pio2             
00000200  __STACK_SIZE                  
0000081d  cos                           
0000081d  cosl                          
00000df9  SystemCoreClockUpdate         
00001071  SystemInit                    
0000112d  set_clk                       
0000116b  set_DCO                       
000012ef  ret_freq_prop                 
00001375  delay_us                      
00001441  init_TimerA                   
0000148b  init_SPI                      
000014c7  send_to_DAC                   
0000151f  voltage_to_dacData            
00001585  gen_arrays                    
000016e1  __aeabi_dsub                  
000016eb  __aeabi_dadd                  
00001899  __kernel_sin                  
00001a0d  __kernel_cos                  
00001b79  ldexp                         
00001b79  ldexpl                        
00001b79  scalbn                        
00001b79  scalbnl                       
00001c89  __aeabi_dmul                  
00001d85  floor                         
00001d85  floorl                        
00001e7d  TA0_0_IRQHandler              
00001e7d  TA0_0_IRQHandler              
00001eb9  main                          
00001f35  __aeabi_memcpy                
00001f35  __aeabi_memcpy4               
00001f35  __aeabi_memcpy8               
00001f35  memcpy                        
00001fd1  __aeabi_cdcmpeq               
00001fd1  __aeabi_cdcmple               
00002057  __aeabi_cdrcmple              
000020dd  __aeabi_d2f                   
0000214b  __TI_decompress_lzss          
000021b3  __aeabi_d2iz                  
000021fd  __TI_auto_init_nobinit_nopinit
00002241  __aeabi_f2d                   
00002279  _c_int00_noargs               
000022ad  __aeabi_i2d                   
000022db  __TI_zero_init_nomemset       
000022f7  copysign                      
000022f7  copysignl                     
00002311  strcmp                        
00002329  __TI_decompress_none          
00002337  Reset_Handler                 
00002343  ADC14_IRQHandler              
00002343  AES256_IRQHandler             
00002343  BusFault_Handler              
00002343  COMP_E0_IRQHandler            
00002343  COMP_E1_IRQHandler            
00002343  CS_IRQHandler                 
00002343  DMA_ERR_IRQHandler            
00002343  DMA_INT0_IRQHandler           
00002343  DMA_INT1_IRQHandler           
00002343  DMA_INT2_IRQHandler           
00002343  DMA_INT3_IRQHandler           
00002343  DebugMon_Handler              
00002343  Default_Handler               
00002343  EUSCIA0_IRQHandler            
00002343  EUSCIA1_IRQHandler            
00002343  EUSCIA2_IRQHandler            
00002343  EUSCIA3_IRQHandler            
00002343  EUSCIB0_IRQHandler            
00002343  EUSCIB1_IRQHandler            
00002343  EUSCIB2_IRQHandler            
00002343  EUSCIB3_IRQHandler            
00002343  FLCTL_IRQHandler              
00002343  FPU_IRQHandler                
00002343  HardFault_Handler             
00002343  MemManage_Handler             
00002343  NMI_Handler                   
00002343  PCM_IRQHandler                
00002343  PORT1_IRQHandler              
00002343  PORT2_IRQHandler              
00002343  PORT3_IRQHandler              
00002343  PORT4_IRQHandler              
00002343  PORT5_IRQHandler              
00002343  PORT6_IRQHandler              
00002343  PSS_IRQHandler                
00002343  PendSV_Handler                
00002343  RTC_C_IRQHandler              
00002343  SVC_Handler                   
00002343  SysTick_Handler               
00002343  T32_INT1_IRQHandler           
00002343  T32_INT2_IRQHandler           
00002343  T32_INTC_IRQHandler           
00002343  TA0_N_IRQHandler              
00002343  TA1_0_IRQHandler              
00002343  TA1_N_IRQHandler              
00002343  TA2_0_IRQHandler              
00002343  TA2_N_IRQHandler              
00002343  TA3_0_IRQHandler              
00002343  TA3_N_IRQHandler              
00002343  UsageFault_Handler            
00002343  WDT_A_IRQHandler              
00002345  __aeabi_errno_addr            
0000234d  _system_pre_init              
00002351  C$$EXIT                       
00002351  abort                         
000024f8  __TI_Handler_Table_Base       
00002504  __TI_Handler_Table_Limit      
00002518  __TI_CINIT_Base               
00002528  __TI_CINIT_Limit              
20000000  errno                         
20000004  SystemCoreClock               
2000fe00  __stack                       
20010000  __STACK_END                   
4000480c  WDTCTL_SYM                    
ffffffff  __TI_pprof_out_hndl           
ffffffff  __TI_prof_data_size           
ffffffff  __TI_prof_data_start          
ffffffff  __binit__                     
ffffffff  __c_args__                    
ffffffff  binit                         
UNDEFED   __mpu_init                    
UNDEFED   _system_post_cinit            

[122 symbols]
