******************************************************************************
                  TI ARM Linker Unix v18.12.1                  
******************************************************************************
>> Linked Sun Sep 22 17:14:10 2019

OUTPUT FILE NAME:   <asn2.out>
ENTRY POINT SYMBOL: "_c_int00_noinit_noargs"  address: 00000069


MEMORY CONFIGURATION

         name            origin    length      used     unused   attr    fill
----------------------  --------  ---------  --------  --------  ----  --------
  RAM                   00000020   ffffffe0  0000027c  fffffd64  RWIX


SEGMENT ALLOCATION MAP

run origin  load origin   length   init length attrs members
----------  ----------- ---------- ----------- ----- -------
00000020    00000020    0000007c   0000007c    r-x
  00000020    00000020    0000007c   0000007c    r-x .text
000000a0    000000a0    00000200   00000000    rw-
  000000a0    000000a0    00000200   00000000    rw- .stack


SECTION ALLOCATION MAP

 output                                  attributes/
section   page    origin      length       input sections
--------  ----  ----------  ----------   ----------------
.text      0    00000020    0000007c     
                  00000020    00000048     Adj_freq.obj (.text)
                  00000068    0000002c     rtsv7M4_T_le_v4SPD16_eabi.lib : boot_cortex_m.c.obj (.text:_c_int00_noinit_noargs:_c_int00_noinit_noargs)
                  00000094    00000004                                   : pre_init.c.obj (.text:_system_pre_init)
                  00000098    00000004                                   : exit.c.obj (.text:abort:abort)

.init_array 
*          0    00000020    00000000     UNINITIALIZED

.stack     0    000000a0    00000200     UNINITIALIZED
                  000000a0    00000004     rtsv7M4_T_le_v4SPD16_eabi.lib : boot_cortex_m.c.obj (.stack)
                  000000a4    000001fc     --HOLE--

MODULE SUMMARY

       Module                code   ro data   rw data
       ------                ----   -------   -------
    ./
       Adj_freq.obj          72     0         0      
    +--+---------------------+------+---------+---------+
       Total:                72     0         0      
                                                     
    /opt/ccstudio/ccs/tools/compiler/ti-cgt-arm_18.12.1.LTS/lib/rtsv7M4_T_le_v4SPD16_eabi.lib
       boot_cortex_m.c.obj   44     0         0      
       exit.c.obj            4      0         0      
       pre_init.c.obj        4      0         0      
    +--+---------------------+------+---------+---------+
       Total:                52     0         0      
                                                     
       Stack:                0      0         512    
    +--+---------------------+------+---------+---------+
       Grand Total:          124    0         512    


GLOBAL SYMBOLS: SORTED ALPHABETICALLY BY Name 

address   name                  
-------   ----                  
00000099  C$$EXIT               
00000021  LED_Init              
00000041  LED_ON                
000002a0  __STACK_END           
00000200  __STACK_SIZE          
ffffffff  __TI_pprof_out_hndl   
ffffffff  __TI_prof_data_size   
ffffffff  __TI_prof_data_start  
00000020  __TI_static_base__    
ffffffff  __binit__             
ffffffff  __c_args__            
UNDEFED   __mpu_init            
000000a0  __stack               
00000069  _c_int00_noinit_noargs
00000095  _system_pre_init      
00000099  abort                 
ffffffff  binit                 
0000004f  main                  


GLOBAL SYMBOLS: SORTED BY Symbol Address 

address   name                  
-------   ----                  
00000020  __TI_static_base__    
00000021  LED_Init              
00000041  LED_ON                
0000004f  main                  
00000069  _c_int00_noinit_noargs
00000095  _system_pre_init      
00000099  C$$EXIT               
00000099  abort                 
000000a0  __stack               
00000200  __STACK_SIZE          
000002a0  __STACK_END           
ffffffff  __TI_pprof_out_hndl   
ffffffff  __TI_prof_data_size   
ffffffff  __TI_prof_data_start  
ffffffff  __binit__             
ffffffff  __c_args__            
ffffffff  binit                 
UNDEFED   __mpu_init            

[18 symbols]
